Archive member included to satisfy reference by file (symbol)

D:\UniWuerzburg\WS2021\LURL\Eclipse 2019\Eclipse 2019\Workspace\rodos\Debug_STM32F4\librodos.a(debug.o)
                              ./helloworld-minimalistic.o (RODOS::PRINTF(char const*, ...))
D:\UniWuerzburg\WS2021\LURL\Eclipse 2019\Eclipse 2019\Workspace\rodos\Debug_STM32F4\librodos.a(printfverbosity.o)
                              D:\UniWuerzburg\WS2021\LURL\Eclipse 2019\Eclipse 2019\Workspace\rodos\Debug_STM32F4\librodos.a(debug.o) (printfVerbosity)
D:\UniWuerzburg\WS2021\LURL\Eclipse 2019\Eclipse 2019\Workspace\rodos\Debug_STM32F4\librodos.a(string_pico.o)
                              ./helloworld-minimalistic.o (operator delete(void*, unsigned int))
D:\UniWuerzburg\WS2021\LURL\Eclipse 2019\Eclipse 2019\Workspace\rodos\Debug_STM32F4\librodos.a(yprintf.o)
                              D:\UniWuerzburg\WS2021\LURL\Eclipse 2019\Eclipse 2019\Workspace\rodos\Debug_STM32F4\librodos.a(debug.o) (RODOS::Yprintf::vaprintf(char const*))
D:\UniWuerzburg\WS2021\LURL\Eclipse 2019\Eclipse 2019\Workspace\rodos\Debug_STM32F4\librodos.a(call_constructors.o)
                              ./helloworld-minimalistic.o (__dso_handle)
D:\UniWuerzburg\WS2021\LURL\Eclipse 2019\Eclipse 2019\Workspace\rodos\Debug_STM32F4\librodos.a(startup_stm32f4xx.o)
                              (Reset_Handler)
D:\UniWuerzburg\WS2021\LURL\Eclipse 2019\Eclipse 2019\Workspace\rodos\Debug_STM32F4\librodos.a(stm32xxx_it.o)
                              D:\UniWuerzburg\WS2021\LURL\Eclipse 2019\Eclipse 2019\Workspace\rodos\Debug_STM32F4\librodos.a(startup_stm32f4xx.o) (WWDG_IRQHandlerFunc)
D:\UniWuerzburg\WS2021\LURL\Eclipse 2019\Eclipse 2019\Workspace\rodos\Debug_STM32F4\librodos.a(syscalls.o)
                              D:\UniWuerzburg\WS2021\LURL\Eclipse 2019\Eclipse 2019\Workspace\rodos\Debug_STM32F4\librodos.a(debug.o) (putchar)
D:\UniWuerzburg\WS2021\LURL\Eclipse 2019\Eclipse 2019\Workspace\rodos\Debug_STM32F4\librodos.a(system_stm32f4xx.o)
                              D:\UniWuerzburg\WS2021\LURL\Eclipse 2019\Eclipse 2019\Workspace\rodos\Debug_STM32F4\librodos.a(startup_stm32f4xx.o) (SystemInit)
D:\UniWuerzburg\WS2021\LURL\Eclipse 2019\Eclipse 2019\Workspace\rodos\Debug_STM32F4\librodos.a(scheduler.o)
                              D:\UniWuerzburg\WS2021\LURL\Eclipse 2019\Eclipse 2019\Workspace\rodos\Debug_STM32F4\librodos.a(debug.o) (RODOS::Scheduler::isSchedulerRunning())
D:\UniWuerzburg\WS2021\LURL\Eclipse 2019\Eclipse 2019\Workspace\rodos\Debug_STM32F4\librodos.a(semaphore.o)
                              D:\UniWuerzburg\WS2021\LURL\Eclipse 2019\Eclipse 2019\Workspace\rodos\Debug_STM32F4\librodos.a(debug.o) (RODOS::Semaphore::Semaphore())
D:\UniWuerzburg\WS2021\LURL\Eclipse 2019\Eclipse 2019\Workspace\rodos\Debug_STM32F4\librodos.a(thread_on_hw.o)
                              ./helloworld-minimalistic.o (RODOS::Thread::Thread(char const*, long, long))
D:\UniWuerzburg\WS2021\LURL\Eclipse 2019\Eclipse 2019\Workspace\rodos\Debug_STM32F4\librodos.a(00globalobjects.o)
                              D:\UniWuerzburg\WS2021\LURL\Eclipse 2019\Eclipse 2019\Workspace\rodos\Debug_STM32F4\librodos.a(scheduler.o) (RODOS::Thread::currentThread)
D:\UniWuerzburg\WS2021\LURL\Eclipse 2019\Eclipse 2019\Workspace\rodos\Debug_STM32F4\librodos.a(genericIO.o)
                              D:\UniWuerzburg\WS2021\LURL\Eclipse 2019\Eclipse 2019\Workspace\rodos\Debug_STM32F4\librodos.a(syscalls.o) (RODOS::GenericIOInterface::suspendUntilWriteFinished(long long))
D:\UniWuerzburg\WS2021\LURL\Eclipse 2019\Eclipse 2019\Workspace\rodos\Debug_STM32F4\librodos.a(globaldata.o)
                              D:\UniWuerzburg\WS2021\LURL\Eclipse 2019\Eclipse 2019\Workspace\rodos\Debug_STM32F4\librodos.a(thread_on_hw.o) (RODOS::idleCnt)
D:\UniWuerzburg\WS2021\LURL\Eclipse 2019\Eclipse 2019\Workspace\rodos\Debug_STM32F4\librodos.a(listelement.o)
                              D:\UniWuerzburg\WS2021\LURL\Eclipse 2019\Eclipse 2019\Workspace\rodos\Debug_STM32F4\librodos.a(thread_on_hw.o) (RODOS::ListElement::ListElement(RODOS::ListElement*&, char const*, void*))
D:\UniWuerzburg\WS2021\LURL\Eclipse 2019\Eclipse 2019\Workspace\rodos\Debug_STM32F4\librodos.a(main.o)
                              D:\UniWuerzburg\WS2021\LURL\Eclipse 2019\Eclipse 2019\Workspace\rodos\Debug_STM32F4\librodos.a(startup_stm32f4xx.o) (main)
D:\UniWuerzburg\WS2021\LURL\Eclipse 2019\Eclipse 2019\Workspace\rodos\Debug_STM32F4\librodos.a(main_usermain.o)
                              D:\UniWuerzburg\WS2021\LURL\Eclipse 2019\Eclipse 2019\Workspace\rodos\Debug_STM32F4\librodos.a(main.o) (MAIN())
D:\UniWuerzburg\WS2021\LURL\Eclipse 2019\Eclipse 2019\Workspace\rodos\Debug_STM32F4\librodos.a(miscs.o)
                              D:\UniWuerzburg\WS2021\LURL\Eclipse 2019\Eclipse 2019\Workspace\rodos\Debug_STM32F4\librodos.a(thread_on_hw.o) (RODOS::xmalloc(long))
[...]
Memory Configuration

Name             Origin             Length             Attributes
FLASH            0x08000000         0x00100000         xr
RAM              0x20000000         0x00020000         xrw
CCMRAM           0x10000000         0x00010000         xrw
MEMORY_B1        0x60000000         0x00000000         xr
*default*        0x00000000         0xffffffff

Linker script and memory map

LOAD ./helloworld-minimalistic.o
LOAD D:\UniWuerzburg\WS2021\LURL\Eclipse 2019\Eclipse 2019\Workspace\rodos\Debug_STM32F4\librodos.a
LOAD D:\UniWuerzburg\WS2021\LURL\Eclipse 2019\Eclipse 2019\Workspace\support_libs\Debug_STM32F4\libsupport.a
LOAD d:/uniwuerzburg/ws2021/lurl/eclipse 2019/eclipse 2019/gnu tools arm embedded/bin/../lib/gcc/arm-none-eabi/8.3.1/../../../../arm-none-eabi/lib/thumb/v7e-m+fp/softfp\libm.a
                0x20020000                _estack = 0x20020000
                0x00001000                _Min_Heap_Size = 0x1000
                0x00000400                _Min_Stack_Size = 0x400

.isr_vector     0x08000000      0x18c
                0x08000000                . = ALIGN (0x4)
                0x08000000                _image_address = .
 *(.isr_vector)
 .isr_vector    0x08000000      0x18c D:\UniWuerzburg\WS2021\LURL\Eclipse 2019\Eclipse 2019\Workspace\rodos\Debug_STM32F4\librodos.a(startup_stm32f4xx.o)
                0x08000000                g_pfnVectors
                0x0800018c                . = ALIGN (0x4)

.text           0x08000190     0x79a4
                0x08000190                . = ALIGN (0x4)
 *(.text)
 .text          0x08000190      0x378 d:/uniwuerzburg/ws2021/lurl/eclipse 2019/eclipse 2019/gnu tools arm embedded/bin/../lib/gcc/arm-none-eabi/8.3.1/thumb/v7e-m+fp/softfp\libgcc.a(_arm_addsubdf3.o)
                0x08000190                __aeabi_drsub
                0x08000198                __aeabi_dsub
                0x08000198                __subdf3
                0x0800019c                __aeabi_dadd
                0x0800019c                __adddf3
                0x08000414                __floatunsidf
                0x08000414                __aeabi_ui2d
                0x08000434                __floatsidf
                0x08000434                __aeabi_i2d
                0x08000458                __aeabi_f2d
                0x08000458                __extendsfdf2
                0x0800049c                __floatundidf
                0x0800049c                __aeabi_ul2d
                0x080004ac                __floatdidf
                0x080004ac                __aeabi_l2d
 .text          0x08000508      0x424 d:/uniwuerzburg/ws2021/lurl/eclipse 2019/eclipse 2019/gnu tools arm embedded/bin/../lib/gcc/arm-none-eabi/8.3.1/thumb/v7e-m+fp/softfp\libgcc.a(_arm_muldivdf3.o)
                0x08000508                __aeabi_dmul
                0x08000508                __muldf3
                0x0800075c                __divdf3
                0x0800075c                __aeabi_ddiv
 .text          0x0800092c      0x110 d:/uniwuerzburg/ws2021/lurl/eclipse 2019/eclipse 2019/gnu tools arm embedded/bin/../lib/gcc/arm-none-eabi/8.3.1/thumb/v7e-m+fp/softfp\libgcc.a(_arm_cmpdf2.o)
                0x0800092c                __gtdf2
                0x0800092c                __gedf2
                0x08000934                __ltdf2
                0x08000934                __ledf2
                0x0800093c                __nedf2
                0x0800093c                __eqdf2
                0x0800093c                __cmpdf2
                0x080009b8                __aeabi_cdrcmple
                0x080009c8                __aeabi_cdcmpeq
                0x080009c8                __aeabi_cdcmple
                0x080009d8                __aeabi_dcmpeq
                0x080009ec                __aeabi_dcmplt
                0x08000a00                __aeabi_dcmple
                0x08000a14                __aeabi_dcmpge
                0x08000a28                __aeabi_dcmpgt
 .text          0x08000a3c       0x40 d:/uniwuerzburg/ws2021/lurl/eclipse 2019/eclipse 2019/gnu tools arm embedded/bin/../lib/gcc/arm-none-eabi/8.3.1/thumb/v7e-m+fp/softfp\libgcc.a(_arm_fixunsdfsi.o)
                0x08000a3c                __aeabi_d2uiz
                0x08000a3c                __fixunsdfsi
 .text          0x08000a7c       0xa0 d:/uniwuerzburg/ws2021/lurl/eclipse 2019/eclipse 2019/gnu tools arm embedded/bin/../lib/gcc/arm-none-eabi/8.3.1/thumb/v7e-m+fp/softfp\libgcc.a(_aeabi_ldivmod.o)
                0x08000a7c                __aeabi_ldivmod
 .text          0x08000b1c       0x30 d:/uniwuerzburg/ws2021/lurl/eclipse 2019/eclipse 2019/gnu tools arm embedded/bin/../lib/gcc/arm-none-eabi/8.3.1/thumb/v7e-m+fp/softfp\libgcc.a(_aeabi_uldivmod.o)
                0x08000b1c                __aeabi_uldivmod
 .text          0x08000b4c       0x30 d:/uniwuerzburg/ws2021/lurl/eclipse 2019/eclipse 2019/gnu tools arm embedded/bin/../lib/gcc/arm-none-eabi/8.3.1/thumb/v7e-m+fp/softfp\libgcc.a(_fixdfdi.o)
                0x08000b4c                __fixdfdi
                0x08000b4c                __aeabi_d2lz
 .text          0x08000b7c       0x3c d:/uniwuerzburg/ws2021/lurl/eclipse 2019/eclipse 2019/gnu tools arm embedded/bin/../lib/gcc/arm-none-eabi/8.3.1/thumb/v7e-m+fp/softfp\libgcc.a(_fixunsdfdi.o)
                0x08000b7c                __fixunsdfdi
                0x08000b7c                __aeabi_d2ulz
 .text          0x08000bb8      0x2d0 d:/uniwuerzburg/ws2021/lurl/eclipse 2019/eclipse 2019/gnu tools arm embedded/bin/../lib/gcc/arm-none-eabi/8.3.1/thumb/v7e-m+fp/softfp\libgcc.a(_udivmoddi4.o)
                0x08000bb8                __udivmoddi4
 .text          0x08000e88        0x4 d:/uniwuerzburg/ws2021/lurl/eclipse 2019/eclipse 2019/gnu tools arm embedded/bin/../lib/gcc/arm-none-eabi/8.3.1/thumb/v7e-m+fp/softfp\libgcc.a(_dvmd_tls.o)
                0x08000e88                __aeabi_idiv0
                0x08000e88                __aeabi_ldiv0
 *(.text*)
 .text._ZN10HelloWorld4initEv
                0x08000e8c       0x14 ./helloworld-minimalistic.o
                0x08000e8c                HelloWorld::init()
 .text._ZN10HelloWorld3runEv
                0x08000ea0       0x20 ./helloworld-minimalistic.o
                0x08000ea0                HelloWorld::run()
 .text._ZN10HelloWorldC2Ev
                0x08000ec0       0x34 ./helloworld-minimalistic.o
                0x08000ec0                HelloWorld::HelloWorld()
                0x08000ec0                HelloWorld::HelloWorld()
 .text._ZN10HelloWorldD2Ev
                0x08000ef4       0x24 ./helloworld-minimalistic.o
                0x08000ef4                HelloWorld::~HelloWorld()
                0x08000ef4                HelloWorld::~HelloWorld()
 .text._ZN10HelloWorldD0Ev
                0x08000f18       0x20 ./helloworld-minimalistic.o
                0x08000f18                HelloWorld::~HelloWorld()
 .text._Z41__static_initialization_and_destruction_0ii
                0x08000f38       0x40 ./helloworld-minimalistic.o
 .text._GLOBAL__sub_I_helloworld
                0x08000f78       0x10 ./helloworld-minimalistic.o
 .text._ZN5RODOS7YprintfD2Ev
                0x08000f88       0x20 D:\UniWuerzburg\WS2021\LURL\Eclipse 2019\Eclipse 2019\Workspace\rodos\Debug_STM32F4\librodos.a(debug.o)
                0x08000f88                RODOS::Yprintf::~Yprintf()
                0x08000f88                RODOS::Yprintf::~Yprintf()
 .text._ZN5RODOS7YprintfD0Ev
                0x08000fa8       0x20 D:\UniWuerzburg\WS2021\LURL\Eclipse 2019\Eclipse 2019\Workspace\rodos\Debug_STM32F4\librodos.a(debug.o)
                0x08000fa8                RODOS::Yprintf::~Yprintf()
 .text._ZN5RODOS7Yprintf5yputcEc
                0x08000fc8       0x1e D:\UniWuerzburg\WS2021\LURL\Eclipse 2019\Eclipse 2019\Workspace\rodos\Debug_STM32F4\librodos.a(debug.o)
                0x08000fc8                RODOS::Yprintf::yputc(char)
 *fill*         0x08000fe6        0x2 
 .text._ZN5RODOS7YprintfC2Ev
                0x08000fe8       0x20 D:\UniWuerzburg\WS2021\LURL\Eclipse 2019\Eclipse 2019\Workspace\rodos\Debug_STM32F4\librodos.a(debug.o)
                0x08000fe8                RODOS::Yprintf::Yprintf()
                0x08000fe8                RODOS::Yprintf::Yprintf()
 .text._ZN5RODOS6PRINTFEPKcz
                0x08001008       0x90 D:\UniWuerzburg\WS2021\LURL\Eclipse 2019\Eclipse 2019\Workspace\rodos\Debug_STM32F4\librodos.a(debug.o)
                0x08001008                RODOS::PRINTF(char const*, ...)
 .text._ZN5RODOS5ERROREPKc
                0x08001098       0x34 D:\UniWuerzburg\WS2021\LURL\Eclipse 2019\Eclipse 2019\Workspace\rodos\Debug_STM32F4\librodos.a(debug.o)
                0x08001098                RODOS::ERROR(char const*)
 .text._Z41__static_initialization_and_destruction_0ii
                0x080010cc       0x2c D:\UniWuerzburg\WS2021\LURL\Eclipse 2019\Eclipse 2019\Workspace\rodos\Debug_STM32F4\librodos.a(debug.o)
 .text._GLOBAL__sub_I__ZN5RODOS12errorCounterE
                0x080010f8       0x10 D:\UniWuerzburg\WS2021\LURL\Eclipse 2019\Eclipse 2019\Workspace\rodos\Debug_STM32F4\librodos.a(debug.o)
 .text._ZN5RODOS6strlenEPKc
                0x08001108       0x3c D:\UniWuerzburg\WS2021\LURL\Eclipse 2019\Eclipse 2019\Workspace\rodos\Debug_STM32F4\librodos.a(string_pico.o)
                0x08001108                RODOS::strlen(char const*)
 .text._ZdlPv   0x08001144       0x14 D:\UniWuerzburg\WS2021\LURL\Eclipse 2019\Eclipse 2019\Workspace\rodos\Debug_STM32F4\librodos.a(string_pico.o)
                0x08001144                operator delete(void*)
 .text._ZdlPvj  0x08001158       0x18 D:\UniWuerzburg\WS2021\LURL\Eclipse 2019\Eclipse 2019\Workspace\rodos\Debug_STM32F4\librodos.a(string_pico.o)
                0x08001158                operator delete(void*, unsigned int)
 .text._ZN5RODOS7Yprintf8vaprintfEPKc
                0x08001170      0x4fc D:\UniWuerzburg\WS2021\LURL\Eclipse 2019\Eclipse 2019\Workspace\rodos\Debug_STM32F4\librodos.a(yprintf.o)
                0x08001170                RODOS::Yprintf::vaprintf(char const*)
 .text._ZN5RODOS7xprintfEPKcz
                0x0800166c       0x44 D:\UniWuerzburg\WS2021\LURL\Eclipse 2019\Eclipse 2019\Workspace\rodos\Debug_STM32F4\librodos.a(yprintf.o)
                0x0800166c                RODOS::xprintf(char const*, ...)
 .text.call_constructors
                0x080016b0       0x44 D:\UniWuerzburg\WS2021\LURL\Eclipse 2019\Eclipse 2019\Workspace\rodos\Debug_STM32F4\librodos.a(call_constructors.o)
                0x080016b0                call_constructors
 .text.__cxa_atexit
                0x080016f4       0x1a D:\UniWuerzburg\WS2021\LURL\Eclipse 2019\Eclipse 2019\Workspace\rodos\Debug_STM32F4\librodos.a(call_constructors.o)
                0x080016f4                __cxa_atexit
 .text.__cxa_pure_virtual
                0x0800170e        0x6 D:\UniWuerzburg\WS2021\LURL\Eclipse 2019\Eclipse 2019\Workspace\rodos\Debug_STM32F4\librodos.a(call_constructors.o)
                0x0800170e                __cxa_pure_virtual
 .text.Reset_Handler
                0x08001714       0x60 D:\UniWuerzburg\WS2021\LURL\Eclipse 2019\Eclipse 2019\Workspace\rodos\Debug_STM32F4\librodos.a(startup_stm32f4xx.o)
                0x08001714                Reset_Handler
 .text.Default_Handler
                0x08001774        0x6 D:\UniWuerzburg\WS2021\LURL\Eclipse 2019\Eclipse 2019\Workspace\rodos\Debug_STM32F4\librodos.a(startup_stm32f4xx.o)
                0x08001774                RTC_Alarm_IRQHandler
                0x08001774                HASH_RNG_IRQHandler
                0x08001774                TIM8_CC_IRQHandler
                0x08001774                DebugMon_Handler
                0x08001774                TIM1_CC_IRQHandler
                0x08001774                PVD_IRQHandler
                0x08001774                SDIO_IRQHandler
                0x08001774                TAMP_STAMP_IRQHandler
                0x08001774                CAN2_RX1_IRQHandler
                0x08001774                TIM8_TRG_COM_TIM14_IRQHandler
                0x08001774                TIM1_UP_TIM10_IRQHandler
                0x08001774                TIM8_UP_TIM13_IRQHandler
                0x08001774                I2C3_ER_IRQHandler
                0x08001774                I2C2_EV_IRQHandler
                0x08001774                DMA1_Stream2_IRQHandler
                0x08001774                CAN1_RX0_IRQHandler
                0x08001774                FPU_IRQHandler
                0x08001774                OTG_HS_WKUP_IRQHandler
                0x08001774                CAN2_SCE_IRQHandler
                0x08001774                DMA2_Stream2_IRQHandler
                0x08001774                SPI1_IRQHandler
                0x08001774                TIM6_DAC_IRQHandler
                0x08001774                TIM1_BRK_TIM9_IRQHandler
                0x08001774                DCMI_IRQHandler
                0x08001774                CAN2_RX0_IRQHandler
                0x08001774                DMA2_Stream3_IRQHandler
                0x08001774                CRYP_IRQHandler
                0x08001774                CAN1_RX1_IRQHandler
                0x08001774                DMA2_Stream0_IRQHandler
                0x08001774                TIM4_IRQHandler
                0x08001774                I2C1_EV_IRQHandler
                0x08001774                TIM3_IRQHandler
                0x08001774                RCC_IRQHandler
                0x08001774                TIM8_BRK_TIM12_IRQHandler
                0x08001774                Default_Handler
                0x08001774                ADC_IRQHandler
                0x08001774                DMA1_Stream7_IRQHandler
                0x08001774                TIM7_IRQHandler
                0x08001774                CAN2_TX_IRQHandler
                0x08001774                I2C3_EV_IRQHandler
                0x08001774                RTC_WKUP_IRQHandler
                0x08001774                ETH_WKUP_IRQHandler
                0x08001774                SPI2_IRQHandler
                0x08001774                OTG_HS_EP1_IN_IRQHandler
                0x08001774                DMA1_Stream0_IRQHandler
                0x08001774                CAN1_TX_IRQHandler
                0x08001774                FSMC_IRQHandler
                0x08001774                ETH_IRQHandler
                0x08001774                OTG_HS_EP1_OUT_IRQHandler
                0x08001774                WWDG_IRQHandler
                0x08001774                TIM2_IRQHandler
                0x08001774                OTG_FS_WKUP_IRQHandler
                0x08001774                OTG_HS_IRQHandler
                0x08001774                I2C2_ER_IRQHandler
                0x08001774                DMA2_Stream1_IRQHandler
                0x08001774                CAN1_SCE_IRQHandler
                0x08001774                FLASH_IRQHandler
                0x08001774                DMA2_Stream4_IRQHandler
                0x08001774                OTG_FS_IRQHandler
                0x08001774                SPI3_IRQHandler
                0x08001774                DMA1_Stream4_IRQHandler
                0x08001774                I2C1_ER_IRQHandler
                0x08001774                DMA2_Stream6_IRQHandler
 .text.NMI_Handler
                0x0800177a        0x6 D:\UniWuerzburg\WS2021\LURL\Eclipse 2019\Eclipse 2019\Workspace\rodos\Debug_STM32F4\librodos.a(stm32xxx_it.o)
                0x0800177a                NMI_Handler
 .text.HardFault_Handler
                0x08001780       0x1e D:\UniWuerzburg\WS2021\LURL\Eclipse 2019\Eclipse 2019\Workspace\rodos\Debug_STM32F4\librodos.a(stm32xxx_it.o)
                0x08001780                HardFault_Handler
 .text.MemManage_Handler
                0x0800179e        0x6 D:\UniWuerzburg\WS2021\LURL\Eclipse 2019\Eclipse 2019\Workspace\rodos\Debug_STM32F4\librodos.a(stm32xxx_it.o)
                0x0800179e                MemManage_Handler
 .text.BusFault_Handler
                0x080017a4        0x6 D:\UniWuerzburg\WS2021\LURL\Eclipse 2019\Eclipse 2019\Workspace\rodos\Debug_STM32F4\librodos.a(stm32xxx_it.o)
                0x080017a4                BusFault_Handler
 .text.UsageFault_Handler
                0x080017aa        0x6 D:\UniWuerzburg\WS2021\LURL\Eclipse 2019\Eclipse 2019\Workspace\rodos\Debug_STM32F4\librodos.a(stm32xxx_it.o)
                0x080017aa                UsageFault_Handler
 .text.WWDG_IRQHandlerFunc
                0x080017b0        0x6 D:\UniWuerzburg\WS2021\LURL\Eclipse 2019\Eclipse 2019\Workspace\rodos\Debug_STM32F4\librodos.a(stm32xxx_it.o)
                0x080017b0                WWDG_IRQHandlerFunc
 *fill*         0x080017b6        0x2 
 .text.putchar  0x080017b8       0x78 D:\UniWuerzburg\WS2021\LURL\Eclipse 2019\Eclipse 2019\Workspace\rodos\Debug_STM32F4\librodos.a(syscalls.o)
                0x080017b8                putchar
 .text._ZN5RODOS18sp_partition_yieldEv
                0x08001830        0xe D:\UniWuerzburg\WS2021\LURL\Eclipse 2019\Eclipse 2019\Workspace\rodos\Debug_STM32F4\librodos.a(syscalls.o)
                0x08001830                RODOS::sp_partition_yield()
 .text._ZN5RODOS6FFLUSHEv
                0x0800183e        0xe D:\UniWuerzburg\WS2021\LURL\Eclipse 2019\Eclipse 2019\Workspace\rodos\Debug_STM32F4\librodos.a(syscalls.o)
                0x0800183e                RODOS::FFLUSH()
 .text.SystemInit
                0x0800184c       0x7c D:\UniWuerzburg\WS2021\LURL\Eclipse 2019\Eclipse 2019\Workspace\rodos\Debug_STM32F4\librodos.a(system_stm32f4xx.o)
                0x0800184c                SystemInit
 .text.SystemCoreClockUpdate
                0x080018c8       0xfc D:\UniWuerzburg\WS2021\LURL\Eclipse 2019\Eclipse 2019\Workspace\rodos\Debug_STM32F4\librodos.a(system_stm32f4xx.o)
                0x080018c8                SystemCoreClockUpdate
 .text.SetSysClock
                0x080019c4      0x1c8 D:\UniWuerzburg\WS2021\LURL\Eclipse 2019\Eclipse 2019\Workspace\rodos\Debug_STM32F4\librodos.a(system_stm32f4xx.o)
 .text.schedulerWrapper
                0x08001b8c       0x20 D:\UniWuerzburg\WS2021\LURL\Eclipse 2019\Eclipse 2019\Workspace\rodos\Debug_STM32F4\librodos.a(scheduler.o)
                0x08001b8c                schedulerWrapper
 .text._ZN5RODOS9Scheduler4idleEv
                0x08001bac       0x40 D:\UniWuerzburg\WS2021\LURL\Eclipse 2019\Eclipse 2019\Workspace\rodos\Debug_STM32F4\librodos.a(scheduler.o)
                0x08001bac                RODOS::Scheduler::idle()
 .text._ZN5RODOS9Scheduler8scheduleEv
                0x08001bec       0x84 D:\UniWuerzburg\WS2021\LURL\Eclipse 2019\Eclipse 2019\Workspace\rodos\Debug_STM32F4\librodos.a(scheduler.o)
                0x08001bec                RODOS::Scheduler::schedule()
 .text._ZN5RODOS9Scheduler18isSchedulerRunningEv
                0x08001c70       0x20 D:\UniWuerzburg\WS2021\LURL\Eclipse 2019\Eclipse 2019\Workspace\rodos\Debug_STM32F4\librodos.a(scheduler.o)
                0x08001c70                RODOS::Scheduler::isSchedulerRunning()
 .text._Z41__static_initialization_and_destruction_0ii
                0x08001c90       0x38 D:\UniWuerzburg\WS2021\LURL\Eclipse 2019\Eclipse 2019\Workspace\rodos\Debug_STM32F4\librodos.a(scheduler.o)
 .text._GLOBAL__sub_I___schedulerStack__
                0x08001cc8       0x10 D:\UniWuerzburg\WS2021\LURL\Eclipse 2019\Eclipse 2019\Workspace\rodos\Debug_STM32F4\librodos.a(scheduler.o)
 .text._ZN5RODOS9SemaphoreC2Ev
                0x08001cd8       0x2e D:\UniWuerzburg\WS2021\LURL\Eclipse 2019\Eclipse 2019\Workspace\rodos\Debug_STM32F4\librodos.a(semaphore.o)
                0x08001cd8                RODOS::Semaphore::Semaphore()
                0x08001cd8                RODOS::Semaphore::Semaphore()
 .text._ZN5RODOS9Semaphore5enterEv
                0x08001d06       0xbe D:\UniWuerzburg\WS2021\LURL\Eclipse 2019\Eclipse 2019\Workspace\rodos\Debug_STM32F4\librodos.a(semaphore.o)
                0x08001d06                RODOS::Semaphore::enter()
 .text._ZN5RODOS9Semaphore5leaveEv
                0x08001dc4       0xa0 D:\UniWuerzburg\WS2021\LURL\Eclipse 2019\Eclipse 2019\Workspace\rodos\Debug_STM32F4\librodos.a(semaphore.o)
                0x08001dc4                RODOS::Semaphore::leave()
 .text._ZNK5RODOS11ListElement7getNextEv
                0x08001e64       0x18 D:\UniWuerzburg\WS2021\LURL\Eclipse 2019\Eclipse 2019\Workspace\rodos\Debug_STM32F4\librodos.a(thread_on_hw.o)
                0x08001e64                RODOS::ListElement::getNext() const
 .text._ZNK5RODOS11ListElement7getNameEv
                0x08001e7c       0x18 D:\UniWuerzburg\WS2021\LURL\Eclipse 2019\Eclipse 2019\Workspace\rodos\Debug_STM32F4\librodos.a(thread_on_hw.o)
                0x08001e7c                RODOS::ListElement::getName() const
 .text._ZN5RODOS6Thread4initEv
                0x08001e94       0x14 D:\UniWuerzburg\WS2021\LURL\Eclipse 2019\Eclipse 2019\Workspace\rodos\Debug_STM32F4\librodos.a(thread_on_hw.o)
                0x08001e94                RODOS::Thread::init()
 .text._ZN5RODOS6ThreadC2EPKcll
                0x08001ea8       0xdc D:\UniWuerzburg\WS2021\LURL\Eclipse 2019\Eclipse 2019\Workspace\rodos\Debug_STM32F4\librodos.a(thread_on_hw.o)
                0x08001ea8                RODOS::Thread::Thread(char const*, long, long)
                0x08001ea8                RODOS::Thread::Thread(char const*, long, long)
 .text._ZN5RODOS6ThreadD2Ev
                0x08001f84       0x48 D:\UniWuerzburg\WS2021\LURL\Eclipse 2019\Eclipse 2019\Workspace\rodos\Debug_STM32F4\librodos.a(thread_on_hw.o)
                0x08001f84                RODOS::Thread::~Thread()
                0x08001f84                RODOS::Thread::~Thread()
 .text._ZN5RODOS6Thread6createEv
                0x08001fcc       0x14 D:\UniWuerzburg\WS2021\LURL\Eclipse 2019\Eclipse 2019\Workspace\rodos\Debug_STM32F4\librodos.a(thread_on_hw.o)
                0x08001fcc                RODOS::Thread::create()
 .text._ZN5RODOS6Thread5yieldEv
                0x08001fe0       0x70 D:\UniWuerzburg\WS2021\LURL\Eclipse 2019\Eclipse 2019\Workspace\rodos\Debug_STM32F4\librodos.a(thread_on_hw.o)
                0x08001fe0                RODOS::Thread::yield()
 .text._ZN5RODOS6Thread8activateEv
                0x08002050       0x50 D:\UniWuerzburg\WS2021\LURL\Eclipse 2019\Eclipse 2019\Workspace\rodos\Debug_STM32F4\librodos.a(thread_on_hw.o)
                0x08002050                RODOS::Thread::activate()
 .text._ZNK5RODOS6Thread11getPriorityEv
                0x080020a0       0x18 D:\UniWuerzburg\WS2021\LURL\Eclipse 2019\Eclipse 2019\Workspace\rodos\Debug_STM32F4\librodos.a(thread_on_hw.o)
                0x080020a0                RODOS::Thread::getPriority() const
 .text._ZN5RODOS6Thread11setPriorityEl
                0x080020b8       0x1c D:\UniWuerzburg\WS2021\LURL\Eclipse 2019\Eclipse 2019\Workspace\rodos\Debug_STM32F4\librodos.a(thread_on_hw.o)
                0x080020b8                RODOS::Thread::setPriority(long)
 .text._ZN5RODOS6Thread16getCurrentThreadEv
                0x080020d4       0x18 D:\UniWuerzburg\WS2021\LURL\Eclipse 2019\Eclipse 2019\Workspace\rodos\Debug_STM32F4\librodos.a(thread_on_hw.o)
                0x080020d4                RODOS::Thread::getCurrentThread()
 .text._ZN5RODOS6Thread6resumeEv
                0x080020ec       0x38 D:\UniWuerzburg\WS2021\LURL\Eclipse 2019\Eclipse 2019\Workspace\rodos\Debug_STM32F4\librodos.a(thread_on_hw.o)
                0x080020ec                RODOS::Thread::resume()
 .text._ZN5RODOS6Thread18suspendCallerUntilExPv
                0x08002124       0x74 D:\UniWuerzburg\WS2021\LURL\Eclipse 2019\Eclipse 2019\Workspace\rodos\Debug_STM32F4\librodos.a(thread_on_hw.o)
                0x08002124                RODOS::Thread::suspendCallerUntil(long long, void*)
 .text._ZN5RODOS6Thread17initializeThreadsEv
                0x08002198       0xd0 D:\UniWuerzburg\WS2021\LURL\Eclipse 2019\Eclipse 2019\Workspace\rodos\Debug_STM32F4\librodos.a(thread_on_hw.o)
                0x08002198                RODOS::Thread::initializeThreads()
 .text._ZN5RODOS20threadStartupWrapperEPNS_6ThreadE
                0x08002268       0x40 D:\UniWuerzburg\WS2021\LURL\Eclipse 2019\Eclipse 2019\Workspace\rodos\Debug_STM32F4\librodos.a(thread_on_hw.o)
                0x08002268                RODOS::threadStartupWrapper(RODOS::Thread*)
 .text._ZN5RODOS10IdleThreadC2Ev
                0x080022a8       0x30 D:\UniWuerzburg\WS2021\LURL\Eclipse 2019\Eclipse 2019\Workspace\rodos\Debug_STM32F4\librodos.a(thread_on_hw.o)
                0x080022a8                RODOS::IdleThread::IdleThread()
                0x080022a8                RODOS::IdleThread::IdleThread()
 .text._ZN5RODOS10IdleThread3runEv
                0x080022d8       0x34 D:\UniWuerzburg\WS2021\LURL\Eclipse 2019\Eclipse 2019\Workspace\rodos\Debug_STM32F4\librodos.a(thread_on_hw.o)
                0x080022d8                RODOS::IdleThread::run()
 .text._ZN5RODOS10IdleThread4initEv
                0x0800230c       0x1c D:\UniWuerzburg\WS2021\LURL\Eclipse 2019\Eclipse 2019\Workspace\rodos\Debug_STM32F4\librodos.a(thread_on_hw.o)
                0x0800230c                RODOS::IdleThread::init()
 .text._ZN5RODOS6Thread13findNextToRunEx
                0x08002328      0x1b0 D:\UniWuerzburg\WS2021\LURL\Eclipse 2019\Eclipse 2019\Workspace\rodos\Debug_STM32F4\librodos.a(thread_on_hw.o)
                0x08002328                RODOS::Thread::findNextToRun(long long)
 .text._ZN5RODOS6Thread18findNextWaitingForEPv
                0x080024d8       0xcc D:\UniWuerzburg\WS2021\LURL\Eclipse 2019\Eclipse 2019\Workspace\rodos\Debug_STM32F4\librodos.a(thread_on_hw.o)
                0x080024d8                RODOS::Thread::findNextWaitingFor(void*)
 .text._ZN5RODOS10IdleThreadD2Ev
                0x080025a4       0x24 D:\UniWuerzburg\WS2021\LURL\Eclipse 2019\Eclipse 2019\Workspace\rodos\Debug_STM32F4\librodos.a(thread_on_hw.o)
                0x080025a4                RODOS::IdleThread::~IdleThread()
                0x080025a4                RODOS::IdleThread::~IdleThread()
 .text._ZN5RODOS10IdleThreadD0Ev
                0x080025c8       0x20 D:\UniWuerzburg\WS2021\LURL\Eclipse 2019\Eclipse 2019\Workspace\rodos\Debug_STM32F4\librodos.a(thread_on_hw.o)
                0x080025c8                RODOS::IdleThread::~IdleThread()
 .text._Z41__static_initialization_and_destruction_0ii
                0x080025e8       0x40 D:\UniWuerzburg\WS2021\LURL\Eclipse 2019\Eclipse 2019\Workspace\rodos\Debug_STM32F4\librodos.a(thread_on_hw.o)
 .text._GLOBAL__sub_I__ZN5RODOS6ThreadC2EPKcll
                0x08002628       0x10 D:\UniWuerzburg\WS2021\LURL\Eclipse 2019\Eclipse 2019\Workspace\rodos\Debug_STM32F4\librodos.a(thread_on_hw.o)
 .text._ZN5RODOS18GenericIOInterface4initEz
                0x08002638       0x14 D:\UniWuerzburg\WS2021\LURL\Eclipse 2019\Eclipse 2019\Workspace\rodos\Debug_STM32F4\librodos.a(genericIO.o)
                0x08002638                RODOS::GenericIOInterface::init(...)
 .text._ZN5RODOS18GenericIOInterface5resetEv
                0x0800264c       0x14 D:\UniWuerzburg\WS2021\LURL\Eclipse 2019\Eclipse 2019\Workspace\rodos\Debug_STM32F4\librodos.a(genericIO.o)
                0x0800264c                RODOS::GenericIOInterface::reset()
 .text._ZN5RODOS18GenericIOInterface6configEz
                0x08002660       0x14 D:\UniWuerzburg\WS2021\LURL\Eclipse 2019\Eclipse 2019\Workspace\rodos\Debug_STM32F4\librodos.a(genericIO.o)
                0x08002660                RODOS::GenericIOInterface::config(...)
 .text._ZN5RODOS18GenericIOInterface6statusEz
                0x08002674       0x14 D:\UniWuerzburg\WS2021\LURL\Eclipse 2019\Eclipse 2019\Workspace\rodos\Debug_STM32F4\librodos.a(genericIO.o)
                0x08002674                RODOS::GenericIOInterface::status(...)
 .text._ZN5RODOS18GenericIOInterface14isReadFinishedEv
                0x08002688       0x16 D:\UniWuerzburg\WS2021\LURL\Eclipse 2019\Eclipse 2019\Workspace\rodos\Debug_STM32F4\librodos.a(genericIO.o)
                0x08002688                RODOS::GenericIOInterface::isReadFinished()
 .text._ZN5RODOS18GenericIOInterface11isDataReadyEv
                0x0800269e       0x16 D:\UniWuerzburg\WS2021\LURL\Eclipse 2019\Eclipse 2019\Workspace\rodos\Debug_STM32F4\librodos.a(genericIO.o)
                0x0800269e                RODOS::GenericIOInterface::isDataReady()
 .text._ZN5RODOS18GenericIOInterface5writeEz
                0x080026b4       0x14 D:\UniWuerzburg\WS2021\LURL\Eclipse 2019\Eclipse 2019\Workspace\rodos\Debug_STM32F4\librodos.a(genericIO.o)
                0x080026b4                RODOS::GenericIOInterface::write(...)
 .text._ZN5RODOS18GenericIOInterface4readEz
                0x080026c8       0x14 D:\UniWuerzburg\WS2021\LURL\Eclipse 2019\Eclipse 2019\Workspace\rodos\Debug_STM32F4\librodos.a(genericIO.o)
                0x080026c8                RODOS::GenericIOInterface::read(...)
 .text._ZN5RODOS18GenericIOInterface9writeReadEz
                0x080026dc       0x14 D:\UniWuerzburg\WS2021\LURL\Eclipse 2019\Eclipse 2019\Workspace\rodos\Debug_STM32F4\librodos.a(genericIO.o)
                0x080026dc                RODOS::GenericIOInterface::writeRead(...)
 .text._ZN5RODOS18GenericIOInterfaceC2Ev
                0x080026f0       0x38 D:\UniWuerzburg\WS2021\LURL\Eclipse 2019\Eclipse 2019\Workspace\rodos\Debug_STM32F4\librodos.a(genericIO.o)
                0x080026f0                RODOS::GenericIOInterface::GenericIOInterface()
                0x080026f0                RODOS::GenericIOInterface::GenericIOInterface()
 .text._ZN5RODOS18GenericIOInterface25suspendUntilWriteFinishedEx
                0x08002728       0x4c D:\UniWuerzburg\WS2021\LURL\Eclipse 2019\Eclipse 2019\Workspace\rodos\Debug_STM32F4\librodos.a(genericIO.o)
                0x08002728                RODOS::GenericIOInterface::suspendUntilWriteFinished(long long)
 .text._ZN5RODOS18GenericIOInterface19upCallWriteFinishedEv
                0x08002774       0x40 D:\UniWuerzburg\WS2021\LURL\Eclipse 2019\Eclipse 2019\Workspace\rodos\Debug_STM32F4\librodos.a(genericIO.o)
                0x08002774                RODOS::GenericIOInterface::upCallWriteFinished()
 .text._ZN5RODOS18GenericIOInterface18upCallReadFinishedEv
                0x080027b4       0x42 D:\UniWuerzburg\WS2021\LURL\Eclipse 2019\Eclipse 2019\Workspace\rodos\Debug_STM32F4\librodos.a(genericIO.o)
                0x080027b4                RODOS::GenericIOInterface::upCallReadFinished()
 .text._ZN5RODOS18GenericIOInterface15upCallDataReadyEv
                0x080027f6       0x42 D:\UniWuerzburg\WS2021\LURL\Eclipse 2019\Eclipse 2019\Workspace\rodos\Debug_STM32F4\librodos.a(genericIO.o)
                0x080027f6                RODOS::GenericIOInterface::upCallDataReady()
 .text._ZN5RODOS13getNodeNumberEv
                0x08002838       0x18 D:\UniWuerzburg\WS2021\LURL\Eclipse 2019\Eclipse 2019\Workspace\rodos\Debug_STM32F4\librodos.a(globaldata.o)
                0x08002838                RODOS::getNodeNumber()
 .text._ZN5RODOS11ListElementC2ERPS0_PKcPv
                0x08002850       0x40 D:\UniWuerzburg\WS2021\LURL\Eclipse 2019\Eclipse 2019\Workspace\rodos\Debug_STM32F4\librodos.a(listelement.o)
                0x08002850                RODOS::ListElement::ListElement(RODOS::ListElement*&, char const*, void*)
                0x08002850                RODOS::ListElement::ListElement(RODOS::ListElement*&, char const*, void*)
 .text._ZN5RODOS11ListElement6appendERPS0_
                0x08002890       0x50 D:\UniWuerzburg\WS2021\LURL\Eclipse 2019\Eclipse 2019\Workspace\rodos\Debug_STM32F4\librodos.a(listelement.o)
                0x08002890                RODOS::ListElement::append(RODOS::ListElement*&)
 .text._ZN5RODOS11ListElementD2Ev
                0x080028e0       0x1c D:\UniWuerzburg\WS2021\LURL\Eclipse 2019\Eclipse 2019\Workspace\rodos\Debug_STM32F4\librodos.a(listelement.o)
                0x080028e0                RODOS::ListElement::~ListElement()
                0x080028e0                RODOS::ListElement::~ListElement()
 .text._ZN5RODOS10initSystemEv
                0x080028fc      0x208 D:\UniWuerzburg\WS2021\LURL\Eclipse 2019\Eclipse 2019\Workspace\rodos\Debug_STM32F4\librodos.a(main.o)
                0x080028fc                RODOS::initSystem()
 .text.main     0x08002b04       0xc8 D:\UniWuerzburg\WS2021\LURL\Eclipse 2019\Eclipse 2019\Workspace\rodos\Debug_STM32F4\librodos.a(main.o)
                0x08002b04                main
 .text._Z4MAINv
                0x08002bcc       0x14 D:\UniWuerzburg\WS2021\LURL\Eclipse 2019\Eclipse 2019\Workspace\rodos\Debug_STM32F4\librodos.a(main_usermain.o)
                0x08002bcc                MAIN()
 .text._ZN5RODOS7xmallocEl
                0x08002be0       0x94 D:\UniWuerzburg\WS2021\LURL\Eclipse 2019\Eclipse 2019\Workspace\rodos\Debug_STM32F4\librodos.a(miscs.o)
                0x08002be0                RODOS::xmalloc(long)
 .text._ZN5RODOS6Thread15setPeriodicBeatExx
                0x08002c74       0x2a D:\UniWuerzburg\WS2021\LURL\Eclipse 2019\Eclipse 2019\Workspace\rodos\Debug_STM32F4\librodos.a(thread.o)
                0x08002c74                RODOS::Thread::setPeriodicBeat(long long, long long)
 .text._ZN5RODOS6Thread20suspendUntilNextBeatEv
                0x08002c9e       0x68 D:\UniWuerzburg\WS2021\LURL\Eclipse 2019\Eclipse 2019\Workspace\rodos\Debug_STM32F4\librodos.a(thread.o)
                0x08002c9e                RODOS::Thread::suspendUntilNextBeat()
 .text._ZN5RODOS6Thread20setPrioCurrentRunnerEl
                0x08002d06       0x28 D:\UniWuerzburg\WS2021\LURL\Eclipse 2019\Eclipse 2019\Workspace\rodos\Debug_STM32F4\librodos.a(thread.o)
                0x08002d06                RODOS::Thread::setPrioCurrentRunner(long)
 *fill*         0x08002d2e        0x2 
 .text._ZN5RODOS9TimeEvent9propagateEx
                0x08002d30       0xe4 D:\UniWuerzburg\WS2021\LURL\Eclipse 2019\Eclipse 2019\Workspace\rodos\Debug_STM32F4\librodos.a(timeevent.o)
                0x08002d30                RODOS::TimeEvent::propagate(long long)
 .text._ZN5RODOS9TimeEvent15initAllElementsEv
                0x08002e14       0x60 D:\UniWuerzburg\WS2021\LURL\Eclipse 2019\Eclipse 2019\Workspace\rodos\Debug_STM32F4\librodos.a(timeevent.o)
                0x08002e14                RODOS::TimeEvent::initAllElements()
 .text._ZN5RODOS9TimeModelC2Ev
                0x08002e74       0x44 D:\UniWuerzburg\WS2021\LURL\Eclipse 2019\Eclipse 2019\Workspace\rodos\Debug_STM32F4\librodos.a(timemodel.o)
                0x08002e74                RODOS::TimeModel::TimeModel()
                0x08002e74                RODOS::TimeModel::TimeModel()
 .text._ZN5RODOS9TimeModel14getNanosecondsEv
                0x08002eb8       0x12 D:\UniWuerzburg\WS2021\LURL\Eclipse 2019\Eclipse 2019\Workspace\rodos\Debug_STM32F4\librodos.a(timemodel.o)
                0x08002eb8                RODOS::TimeModel::getNanoseconds()
 .text._ZN5RODOS9TimeModel15computeNextBeatExxx
                0x08002eca       0x92 D:\UniWuerzburg\WS2021\LURL\Eclipse 2019\Eclipse 2019\Workspace\rodos\Debug_STM32F4\librodos.a(timemodel.o)
                0x08002eca                RODOS::TimeModel::computeNextBeat(long long, long long, long long)
 .text._Z41__static_initialization_and_destruction_0ii
                0x08002f5c       0x2c D:\UniWuerzburg\WS2021\LURL\Eclipse 2019\Eclipse 2019\Workspace\rodos\Debug_STM32F4\librodos.a(timemodel.o)
 .text._GLOBAL__sub_I__ZN5RODOS7sysTimeE
                0x08002f88       0x10 D:\UniWuerzburg\WS2021\LURL\Eclipse 2019\Eclipse 2019\Workspace\rodos\Debug_STM32F4\librodos.a(timemodel.o)
 .text._ZN5RODOS14TopicInterfaceD2Ev
                0x08002f98       0x30 D:\UniWuerzburg\WS2021\LURL\Eclipse 2019\Eclipse 2019\Workspace\rodos\Debug_STM32F4\librodos.a(topic.o)
                0x08002f98                RODOS::TopicInterface::~TopicInterface()
                0x08002f98                RODOS::TopicInterface::~TopicInterface()
 .text._ZN5RODOS14TopicInterfaceD0Ev
                0x08002fc8       0x20 D:\UniWuerzburg\WS2021\LURL\Eclipse 2019\Eclipse 2019\Workspace\rodos\Debug_STM32F4\librodos.a(topic.o)
                0x08002fc8                RODOS::TopicInterface::~TopicInterface()
 .text._ZN5RODOS14TopicInterfaceC2EllPKc
                0x08002fe8       0xdc D:\UniWuerzburg\WS2021\LURL\Eclipse 2019\Eclipse 2019\Workspace\rodos\Debug_STM32F4\librodos.a(topic.o)
                0x08002fe8                RODOS::TopicInterface::TopicInterface(long, long, char const*)
                0x08002fe8                RODOS::TopicInterface::TopicInterface(long, long, char const*)
 .text._ZN5RODOS5TopicINS_13GenericMsgRefEED2Ev
                0x080030c4       0x30 D:\UniWuerzburg\WS2021\LURL\Eclipse 2019\Eclipse 2019\Workspace\rodos\Debug_STM32F4\librodos.a(topic.o)
                0x080030c4                RODOS::Topic<RODOS::GenericMsgRef>::~Topic()
                0x080030c4                RODOS::Topic<RODOS::GenericMsgRef>::~Topic()
 .text._ZN5RODOS5TopicINS_13GenericMsgRefEED0Ev
                0x080030f4       0x20 D:\UniWuerzburg\WS2021\LURL\Eclipse 2019\Eclipse 2019\Workspace\rodos\Debug_STM32F4\librodos.a(topic.o)
                0x080030f4                RODOS::Topic<RODOS::GenericMsgRef>::~Topic()
 .text._ZN5RODOS5TopicINS_13GenericMsgRefEEC2ElPKc
                0x08003114       0x2c D:\UniWuerzburg\WS2021\LURL\Eclipse 2019\Eclipse 2019\Workspace\rodos\Debug_STM32F4\librodos.a(topic.o)
                0x08003114                RODOS::Topic<RODOS::GenericMsgRef>::Topic(long, char const*)
                0x08003114                RODOS::Topic<RODOS::GenericMsgRef>::Topic(long, char const*)
 .text._ZN5RODOS5TopicINS_14NetworkMessageEEC2ElPKc
                0x08003140       0x30 D:\UniWuerzburg\WS2021\LURL\Eclipse 2019\Eclipse 2019\Workspace\rodos\Debug_STM32F4\librodos.a(topic.o)
                0x08003140                RODOS::Topic<RODOS::NetworkMessage>::Topic(long, char const*)
                0x08003140                RODOS::Topic<RODOS::NetworkMessage>::Topic(long, char const*)
 .text._ZN5RODOS5TopicIPvEC2ElPKc
                0x08003170       0x2c D:\UniWuerzburg\WS2021\LURL\Eclipse 2019\Eclipse 2019\Workspace\rodos\Debug_STM32F4\librodos.a(topic.o)
                0x08003170                RODOS::Topic<void*>::Topic(long, char const*)
                0x08003170                RODOS::Topic<void*>::Topic(long, char const*)
 .text._Z41__static_initialization_and_destruction_0ii
                0x0800319c      0x104 D:\UniWuerzburg\WS2021\LURL\Eclipse 2019\Eclipse 2019\Workspace\rodos\Debug_STM32F4\librodos.a(topic.o)
 .text._ZN5RODOS5TopicIPvED2Ev
                0x080032a0       0x30 D:\UniWuerzburg\WS2021\LURL\Eclipse 2019\Eclipse 2019\Workspace\rodos\Debug_STM32F4\librodos.a(topic.o)
                0x080032a0                RODOS::Topic<void*>::~Topic()
                0x080032a0                RODOS::Topic<void*>::~Topic()
 .text._ZN5RODOS5TopicIPvED0Ev
                0x080032d0       0x20 D:\UniWuerzburg\WS2021\LURL\Eclipse 2019\Eclipse 2019\Workspace\rodos\Debug_STM32F4\librodos.a(topic.o)
                0x080032d0                RODOS::Topic<void*>::~Topic()
 .text._ZN5RODOS5TopicINS_14NetworkMessageEED2Ev
                0x080032f0       0x30 D:\UniWuerzburg\WS2021\LURL\Eclipse 2019\Eclipse 2019\Workspace\rodos\Debug_STM32F4\librodos.a(topic.o)
                0x080032f0                RODOS::Topic<RODOS::NetworkMessage>::~Topic()
                0x080032f0                RODOS::Topic<RODOS::NetworkMessage>::~Topic()
 .text._ZN5RODOS5TopicINS_14NetworkMessageEED0Ev
                0x08003320       0x20 D:\UniWuerzburg\WS2021\LURL\Eclipse 2019\Eclipse 2019\Workspace\rodos\Debug_STM32F4\librodos.a(topic.o)
                0x08003320                RODOS::Topic<RODOS::NetworkMessage>::~Topic()
 .text._GLOBAL__sub_I__ZN5RODOS14TopicInterfaceC2EllPKc
                0x08003340       0x10 D:\UniWuerzburg\WS2021\LURL\Eclipse 2019\Eclipse 2019\Workspace\rodos\Debug_STM32F4\librodos.a(topic.o)
 .text._ZN5RODOS6PutterD2Ev
                0x08003350       0x20 D:\UniWuerzburg\WS2021\LURL\Eclipse 2019\Eclipse 2019\Workspace\rodos\Debug_STM32F4\librodos.a(hal_uart.o)
                0x08003350                RODOS::Putter::~Putter()
                0x08003350                RODOS::Putter::~Putter()
 .text._ZN5RODOS6PutterD0Ev
                0x08003370       0x20 D:\UniWuerzburg\WS2021\LURL\Eclipse 2019\Eclipse 2019\Workspace\rodos\Debug_STM32F4\librodos.a(hal_uart.o)
                0x08003370                RODOS::Putter::~Putter()
 .text._ZN5RODOS6Putter10putGenericEljPKvRKNS_10NetMsgInfoE
                0x08003390       0x24 D:\UniWuerzburg\WS2021\LURL\Eclipse 2019\Eclipse 2019\Workspace\rodos\Debug_STM32F4\librodos.a(hal_uart.o)
                0x08003390                RODOS::Putter::putGeneric(long, unsigned int, void const*, RODOS::NetMsgInfo const&)
 .text.NVIC_EnableIRQ
                0x080033b4       0x34 D:\UniWuerzburg\WS2021\LURL\Eclipse 2019\Eclipse 2019\Workspace\rodos\Debug_STM32F4\librodos.a(hal_uart.o)
 .text.NVIC_DisableIRQ
                0x080033e8       0x38 D:\UniWuerzburg\WS2021\LURL\Eclipse 2019\Eclipse 2019\Workspace\rodos\Debug_STM32F4\librodos.a(hal_uart.o)
 .text.NVIC_ClearPendingIRQ
                0x08003420       0x38 D:\UniWuerzburg\WS2021\LURL\Eclipse 2019\Eclipse 2019\Workspace\rodos\Debug_STM32F4\librodos.a(hal_uart.o)
 .text._ZN5RODOS14ReceiveTriggerC2Ev
                0x08003458       0x30 D:\UniWuerzburg\WS2021\LURL\Eclipse 2019\Eclipse 2019\Workspace\rodos\Debug_STM32F4\librodos.a(hal_uart.o)
                0x08003458                RODOS::ReceiveTrigger::ReceiveTrigger()
                0x08003458                RODOS::ReceiveTrigger::ReceiveTrigger()
 .text._ZN5RODOS11HW_HAL_UARTC2Ev
                0x08003488       0x28 D:\UniWuerzburg\WS2021\LURL\Eclipse 2019\Eclipse 2019\Workspace\rodos\Debug_STM32F4\librodos.a(hal_uart.o)
                0x08003488                RODOS::HW_HAL_UART::HW_HAL_UART()
                0x08003488                RODOS::HW_HAL_UART::HW_HAL_UART()
 .text._ZN5RODOS14ReceiveTrigger3runEv
                0x080034b0       0xbc D:\UniWuerzburg\WS2021\LURL\Eclipse 2019\Eclipse 2019\Workspace\rodos\Debug_STM32F4\librodos.a(hal_uart.o)
                0x080034b0                RODOS::ReceiveTrigger::run()
 .text._ZN5RODOS8HAL_UARTC2ENS_8UART_IDXENS_8GPIO_PINES2_S2_S2_
                0x0800356c       0x8c D:\UniWuerzburg\WS2021\LURL\Eclipse 2019\Eclipse 2019\Workspace\rodos\Debug_STM32F4\librodos.a(hal_uart.o)
                0x0800356c                RODOS::HAL_UART::HAL_UART(RODOS::UART_IDX, RODOS::GPIO_PIN, RODOS::GPIO_PIN, RODOS::GPIO_PIN, RODOS::GPIO_PIN)
                0x0800356c                RODOS::HAL_UART::HAL_UART(RODOS::UART_IDX, RODOS::GPIO_PIN, RODOS::GPIO_PIN, RODOS::GPIO_PIN, RODOS::GPIO_PIN)
 .text.USART1_IRQHandler
                0x080035f8       0x18 D:\UniWuerzburg\WS2021\LURL\Eclipse 2019\Eclipse 2019\Workspace\rodos\Debug_STM32F4\librodos.a(hal_uart.o)
                0x080035f8                USART1_IRQHandler
 .text.USART2_IRQHandler
                0x08003610       0x18 D:\UniWuerzburg\WS2021\LURL\Eclipse 2019\Eclipse 2019\Workspace\rodos\Debug_STM32F4\librodos.a(hal_uart.o)
                0x08003610                USART2_IRQHandler
 .text.USART3_IRQHandler
                0x08003628       0x18 D:\UniWuerzburg\WS2021\LURL\Eclipse 2019\Eclipse 2019\Workspace\rodos\Debug_STM32F4\librodos.a(hal_uart.o)
                0x08003628                USART3_IRQHandler
 .text.UART4_IRQHandler
                0x08003640       0x18 D:\UniWuerzburg\WS2021\LURL\Eclipse 2019\Eclipse 2019\Workspace\rodos\Debug_STM32F4\librodos.a(hal_uart.o)
                0x08003640                UART4_IRQHandler
 .text.UART5_IRQHandler
                0x08003658       0x18 D:\UniWuerzburg\WS2021\LURL\Eclipse 2019\Eclipse 2019\Workspace\rodos\Debug_STM32F4\librodos.a(hal_uart.o)
                0x08003658                UART5_IRQHandler
 .text.USART6_IRQHandler
                0x08003670       0x18 D:\UniWuerzburg\WS2021\LURL\Eclipse 2019\Eclipse 2019\Workspace\rodos\Debug_STM32F4\librodos.a(hal_uart.o)
                0x08003670                USART6_IRQHandler
 .text.DMA2_Stream7_IRQHandler
                0x08003688       0x48 D:\UniWuerzburg\WS2021\LURL\Eclipse 2019\Eclipse 2019\Workspace\rodos\Debug_STM32F4\librodos.a(hal_uart.o)
                0x08003688                DMA2_Stream7_IRQHandler
 .text.DMA1_Stream6_IRQHandler
                0x080036d0       0x48 D:\UniWuerzburg\WS2021\LURL\Eclipse 2019\Eclipse 2019\Workspace\rodos\Debug_STM32F4\librodos.a(hal_uart.o)
                0x080036d0                DMA1_Stream6_IRQHandler
 .text.DMA1_Stream3_IRQHandler
                0x08003718       0x48 D:\UniWuerzburg\WS2021\LURL\Eclipse 2019\Eclipse 2019\Workspace\rodos\Debug_STM32F4\librodos.a(hal_uart.o)
                0x08003718                DMA1_Stream3_IRQHandler
 .text.DMA2_Stream5_IRQHandler
                0x08003760       0x48 D:\UniWuerzburg\WS2021\LURL\Eclipse 2019\Eclipse 2019\Workspace\rodos\Debug_STM32F4\librodos.a(hal_uart.o)
                0x08003760                DMA2_Stream5_IRQHandler
 .text.DMA1_Stream5_IRQHandler
                0x080037a8       0x48 D:\UniWuerzburg\WS2021\LURL\Eclipse 2019\Eclipse 2019\Workspace\rodos\Debug_STM32F4\librodos.a(hal_uart.o)
                0x080037a8                DMA1_Stream5_IRQHandler
 .text.DMA1_Stream1_IRQHandler
                0x080037f0       0x48 D:\UniWuerzburg\WS2021\LURL\Eclipse 2019\Eclipse 2019\Workspace\rodos\Debug_STM32F4\librodos.a(hal_uart.o)
                0x080037f0                DMA1_Stream1_IRQHandler
 .text._ZN5RODOS8HAL_UART4initEj
                0x08003838       0x3c D:\UniWuerzburg\WS2021\LURL\Eclipse 2019\Eclipse 2019\Workspace\rodos\Debug_STM32F4\librodos.a(hal_uart.o)
                0x08003838                RODOS::HAL_UART::init(unsigned int)
 .text._ZN5RODOS8HAL_UART6configENS_19UART_PARAMETER_TYPEEi
                0x08003874      0x1d4 D:\UniWuerzburg\WS2021\LURL\Eclipse 2019\Eclipse 2019\Workspace\rodos\Debug_STM32F4\librodos.a(hal_uart.o)
                0x08003874                RODOS::HAL_UART::config(RODOS::UART_PARAMETER_TYPE, int)
 .text._ZN5RODOS8HAL_UART5resetEv
                0x08003a48       0xca D:\UniWuerzburg\WS2021\LURL\Eclipse 2019\Eclipse 2019\Workspace\rodos\Debug_STM32F4\librodos.a(hal_uart.o)
                0x08003a48                RODOS::HAL_UART::reset()
 .text._ZN5RODOS8HAL_UART4readEPci
                0x08003b12       0xd6 D:\UniWuerzburg\WS2021\LURL\Eclipse 2019\Eclipse 2019\Workspace\rodos\Debug_STM32F4\librodos.a(hal_uart.o)
                0x08003b12                RODOS::HAL_UART::read(char*, int)
 .text._ZN5RODOS8HAL_UART5writeEPKci
                0x08003be8       0xf2 D:\UniWuerzburg\WS2021\LURL\Eclipse 2019\Eclipse 2019\Workspace\rodos\Debug_STM32F4\librodos.a(hal_uart.o)
                0x08003be8                RODOS::HAL_UART::write(char const*, int)
 .text._ZN5RODOS8HAL_UART13getcharNoWaitEv
                0x08003cda       0x86 D:\UniWuerzburg\WS2021\LURL\Eclipse 2019\Eclipse 2019\Workspace\rodos\Debug_STM32F4\librodos.a(hal_uart.o)
                0x08003cda                RODOS::HAL_UART::getcharNoWait()
 .text._ZN5RODOS8HAL_UART13putcharNoWaitEc
                0x08003d60       0xa8 D:\UniWuerzburg\WS2021\LURL\Eclipse 2019\Eclipse 2019\Workspace\rodos\Debug_STM32F4\librodos.a(hal_uart.o)
                0x08003d60                RODOS::HAL_UART::putcharNoWait(char)
 .text._ZN5RODOS8HAL_UART6statusENS_16UART_STATUS_TYPEE
                0x08003e08       0x62 D:\UniWuerzburg\WS2021\LURL\Eclipse 2019\Eclipse 2019\Workspace\rodos\Debug_STM32F4\librodos.a(hal_uart.o)
                0x08003e08                RODOS::HAL_UART::status(RODOS::UART_STATUS_TYPE)
 .text._ZN5RODOS8HAL_UART15isWriteFinishedEv
                0x08003e6a       0x58 D:\UniWuerzburg\WS2021\LURL\Eclipse 2019\Eclipse 2019\Workspace\rodos\Debug_STM32F4\librodos.a(hal_uart.o)
                0x08003e6a                RODOS::HAL_UART::isWriteFinished()
 .text._ZN5RODOS8HAL_UART11isDataReadyEv
                0x08003ec2       0x3c D:\UniWuerzburg\WS2021\LURL\Eclipse 2019\Eclipse 2019\Workspace\rodos\Debug_STM32F4\librodos.a(hal_uart.o)
                0x08003ec2                RODOS::HAL_UART::isDataReady()
 .text._ZN5RODOS11HW_HAL_UART11initMembersEPNS_8HAL_UARTENS_8UART_IDXENS_8GPIO_PINES4_S4_S4_
                0x08003efe       0x74 D:\UniWuerzburg\WS2021\LURL\Eclipse 2019\Eclipse 2019\Workspace\rodos\Debug_STM32F4\librodos.a(hal_uart.o)
                0x08003efe                RODOS::HW_HAL_UART::initMembers(RODOS::HAL_UART*, RODOS::UART_IDX, RODOS::GPIO_PIN, RODOS::GPIO_PIN, RODOS::GPIO_PIN, RODOS::GPIO_PIN)
 *fill*         0x08003f72        0x2 
 .text._ZN5RODOS11HW_HAL_UART12DMAConfigureEv
                0x08003f74      0x190 D:\UniWuerzburg\WS2021\LURL\Eclipse 2019\Eclipse 2019\Workspace\rodos\Debug_STM32F4\librodos.a(hal_uart.o)
                0x08003f74                RODOS::HW_HAL_UART::DMAConfigure()
 .text._ZN5RODOS11HW_HAL_UART16DMAStartTransferEPvi
                0x08004104       0x54 D:\UniWuerzburg\WS2021\LURL\Eclipse 2019\Eclipse 2019\Workspace\rodos\Debug_STM32F4\librodos.a(hal_uart.o)
                0x08004104                RODOS::HW_HAL_UART::DMAStartTransfer(void*, int)
 .text._ZN5RODOS11HW_HAL_UART15DMAStartReceiveEPvi
                0x08004158       0x6c D:\UniWuerzburg\WS2021\LURL\Eclipse 2019\Eclipse 2019\Workspace\rodos\Debug_STM32F4\librodos.a(hal_uart.o)
                0x08004158                RODOS::HW_HAL_UART::DMAStartReceive(void*, int)
 .text._ZN5RODOS11HW_HAL_UART26DMATransmitFinishedHandlerEv
                0x080041c4       0x88 D:\UniWuerzburg\WS2021\LURL\Eclipse 2019\Eclipse 2019\Workspace\rodos\Debug_STM32F4\librodos.a(hal_uart.o)
                0x080041c4                RODOS::HW_HAL_UART::DMATransmitFinishedHandler()
 .text._ZN5RODOS11HW_HAL_UART25DMAReceiveFinishedHandlerEv
                0x0800424c       0x70 D:\UniWuerzburg\WS2021\LURL\Eclipse 2019\Eclipse 2019\Workspace\rodos\Debug_STM32F4\librodos.a(hal_uart.o)
                0x0800424c                RODOS::HW_HAL_UART::DMAReceiveFinishedHandler()
 .text._ZN5RODOS11HW_HAL_UART16SendTxBufWithDMAEv
                0x080042bc       0x44 D:\UniWuerzburg\WS2021\LURL\Eclipse 2019\Eclipse 2019\Workspace\rodos\Debug_STM32F4\librodos.a(hal_uart.o)
                0x080042bc                RODOS::HW_HAL_UART::SendTxBufWithDMA()
 .text._ZN5RODOS11HW_HAL_UART22RceiveIntoRxBufWithDMAEv
                0x08004300       0x66 D:\UniWuerzburg\WS2021\LURL\Eclipse 2019\Eclipse 2019\Workspace\rodos\Debug_STM32F4\librodos.a(hal_uart.o)
                0x08004300                RODOS::HW_HAL_UART::RceiveIntoRxBufWithDMA()
 *fill*         0x08004366        0x2 
 .text._ZN5RODOS14EnableDMAClockEv
                0x08004368       0x34 D:\UniWuerzburg\WS2021\LURL\Eclipse 2019\Eclipse 2019\Workspace\rodos\Debug_STM32F4\librodos.a(hal_uart.o)
                0x08004368                RODOS::EnableDMAClock()
 .text._ZN5RODOS11HW_HAL_UART14UARTIRQHandlerEv
                0x0800439c      0x198 D:\UniWuerzburg\WS2021\LURL\Eclipse 2019\Eclipse 2019\Workspace\rodos\Debug_STM32F4\librodos.a(hal_uart.o)
                0x0800439c                RODOS::HW_HAL_UART::UARTIRQHandler()
 .text._ZN5RODOS11HW_HAL_UART23getRCC_APBxPeriph_UARTxEv
                0x08004534       0x74 D:\UniWuerzburg\WS2021\LURL\Eclipse 2019\Eclipse 2019\Workspace\rodos\Debug_STM32F4\librodos.a(hal_uart.o)
                0x08004534                RODOS::HW_HAL_UART::getRCC_APBxPeriph_UARTx()
 .text._ZN5RODOS11HW_HAL_UART16getGPIO_AF_UARTxEv
                0x080045a8       0x68 D:\UniWuerzburg\WS2021\LURL\Eclipse 2019\Eclipse 2019\Workspace\rodos\Debug_STM32F4\librodos.a(hal_uart.o)
                0x080045a8                RODOS::HW_HAL_UART::getGPIO_AF_UARTx()
 .text._ZN5RODOS11HW_HAL_UART13getUARTx_IRQnEv
                0x08004610       0x58 D:\UniWuerzburg\WS2021\LURL\Eclipse 2019\Eclipse 2019\Workspace\rodos\Debug_STM32F4\librodos.a(hal_uart.o)
                0x08004610                RODOS::HW_HAL_UART::getUARTx_IRQn()
 .text._ZN5RODOS11HW_HAL_UART8getUARTxEv
                0x08004668       0x88 D:\UniWuerzburg\WS2021\LURL\Eclipse 2019\Eclipse 2019\Workspace\rodos\Debug_STM32F4\librodos.a(hal_uart.o)
                0x08004668                RODOS::HW_HAL_UART::getUARTx()
 .text._ZN5RODOS11HW_HAL_UART4initEj
                0x080046f0       0xf0 D:\UniWuerzburg\WS2021\LURL\Eclipse 2019\Eclipse 2019\Workspace\rodos\Debug_STM32F4\librodos.a(hal_uart.o)
                0x080046f0                RODOS::HW_HAL_UART::init(unsigned int)
 .text._ZN5RODOS4FifoIhLi256EED2Ev
                0x080047e0       0x24 D:\UniWuerzburg\WS2021\LURL\Eclipse 2019\Eclipse 2019\Workspace\rodos\Debug_STM32F4\librodos.a(hal_uart.o)
                0x080047e0                RODOS::Fifo<unsigned char, 256>::~Fifo()
                0x080047e0                RODOS::Fifo<unsigned char, 256>::~Fifo()
 .text._ZN5RODOS4FifoIhLi256EED0Ev
                0x08004804       0x22 D:\UniWuerzburg\WS2021\LURL\Eclipse 2019\Eclipse 2019\Workspace\rodos\Debug_STM32F4\librodos.a(hal_uart.o)
                0x08004804                RODOS::Fifo<unsigned char, 256>::~Fifo()
 *fill*         0x08004826        0x2 
 .text._ZN5RODOS9BlockFifoIhLi256EEC2Ev
                0x08004828       0x24 D:\UniWuerzburg\WS2021\LURL\Eclipse 2019\Eclipse 2019\Workspace\rodos\Debug_STM32F4\librodos.a(hal_uart.o)
                0x08004828                RODOS::BlockFifo<unsigned char, 256>::BlockFifo()
                0x08004828                RODOS::BlockFifo<unsigned char, 256>::BlockFifo()
 .text._ZN5RODOS9BlockFifoIhLi256EE15getBufferToReadERi
                0x0800484c       0x5e D:\UniWuerzburg\WS2021\LURL\Eclipse 2019\Eclipse 2019\Workspace\rodos\Debug_STM32F4\librodos.a(hal_uart.o)
                0x0800484c                RODOS::BlockFifo<unsigned char, 256>::getBufferToRead(int&)
 .text._ZN5RODOS9BlockFifoIhLi256EE13readConcludedEi
                0x080048aa       0x2a D:\UniWuerzburg\WS2021\LURL\Eclipse 2019\Eclipse 2019\Workspace\rodos\Debug_STM32F4\librodos.a(hal_uart.o)
                0x080048aa                RODOS::BlockFifo<unsigned char, 256>::readConcluded(int)
 .text._ZN5RODOS9BlockFifoIhLi256EE16getBufferToWriteERi
                0x080048d4       0x80 D:\UniWuerzburg\WS2021\LURL\Eclipse 2019\Eclipse 2019\Workspace\rodos\Debug_STM32F4\librodos.a(hal_uart.o)
                0x080048d4                RODOS::BlockFifo<unsigned char, 256>::getBufferToWrite(int&)
 .text._ZN5RODOS9BlockFifoIhLi256EE14writeConcludedEi
                0x08004954       0x2a D:\UniWuerzburg\WS2021\LURL\Eclipse 2019\Eclipse 2019\Workspace\rodos\Debug_STM32F4\librodos.a(hal_uart.o)
                0x08004954                RODOS::BlockFifo<unsigned char, 256>::writeConcluded(int)
 .text._ZN5RODOS4FifoIhLi256EE3getERh
                0x0800497e       0x58 D:\UniWuerzburg\WS2021\LURL\Eclipse 2019\Eclipse 2019\Workspace\rodos\Debug_STM32F4\librodos.a(hal_uart.o)
                0x0800497e                RODOS::Fifo<unsigned char, 256>::get(unsigned char&)
 .text._ZN5RODOS4FifoIhLi256EE3putERKh
                0x080049d6       0x58 D:\UniWuerzburg\WS2021\LURL\Eclipse 2019\Eclipse 2019\Workspace\rodos\Debug_STM32F4\librodos.a(hal_uart.o)
                0x080049d6                RODOS::Fifo<unsigned char, 256>::put(unsigned char const&)
 .text._ZN5RODOS4FifoIhLi256EE15getElementCountEv
                0x08004a2e       0x3e D:\UniWuerzburg\WS2021\LURL\Eclipse 2019\Eclipse 2019\Workspace\rodos\Debug_STM32F4\librodos.a(hal_uart.o)
                0x08004a2e                RODOS::Fifo<unsigned char, 256>::getElementCount()
 .text._ZN5RODOS4FifoIhLi256EE7isEmptyEv
                0x08004a6c       0x2a D:\UniWuerzburg\WS2021\LURL\Eclipse 2019\Eclipse 2019\Workspace\rodos\Debug_STM32F4\librodos.a(hal_uart.o)
                0x08004a6c                RODOS::Fifo<unsigned char, 256>::isEmpty()
 *fill*         0x08004a96        0x2 
 .text._ZN5RODOS6PutterC2Ev
                0x08004a98       0x20 D:\UniWuerzburg\WS2021\LURL\Eclipse 2019\Eclipse 2019\Workspace\rodos\Debug_STM32F4\librodos.a(hal_uart.o)
                0x08004a98                RODOS::Putter::Putter()
                0x08004a98                RODOS::Putter::Putter()
 .text._ZN5RODOS4FifoIhLi256EEC2Ev
                0x08004ab8       0x34 D:\UniWuerzburg\WS2021\LURL\Eclipse 2019\Eclipse 2019\Workspace\rodos\Debug_STM32F4\librodos.a(hal_uart.o)
                0x08004ab8                RODOS::Fifo<unsigned char, 256>::Fifo()
                0x08004ab8                RODOS::Fifo<unsigned char, 256>::Fifo()
 .text._ZN5RODOS9BlockFifoIhLi256EE14advanceIndexExEii
                0x08004aec       0x32 D:\UniWuerzburg\WS2021\LURL\Eclipse 2019\Eclipse 2019\Workspace\rodos\Debug_STM32F4\librodos.a(hal_uart.o)
                0x08004aec                RODOS::BlockFifo<unsigned char, 256>::advanceIndexEx(int, int)
 .text._ZN5RODOS4FifoIhLi256EE12advanceIndexEi
                0x08004b1e       0x24 D:\UniWuerzburg\WS2021\LURL\Eclipse 2019\Eclipse 2019\Workspace\rodos\Debug_STM32F4\librodos.a(hal_uart.o)
                0x08004b1e                RODOS::Fifo<unsigned char, 256>::advanceIndex(int)
 *fill*         0x08004b42        0x2 
 .text._ZN5RODOS9BlockFifoIhLi256EED2Ev
                0x08004b44       0x24 D:\UniWuerzburg\WS2021\LURL\Eclipse 2019\Eclipse 2019\Workspace\rodos\Debug_STM32F4\librodos.a(hal_uart.o)
                0x08004b44                RODOS::BlockFifo<unsigned char, 256>::~BlockFifo()
                0x08004b44                RODOS::BlockFifo<unsigned char, 256>::~BlockFifo()
 .text._ZN5RODOS9BlockFifoIhLi256EED0Ev
                0x08004b68       0x22 D:\UniWuerzburg\WS2021\LURL\Eclipse 2019\Eclipse 2019\Workspace\rodos\Debug_STM32F4\librodos.a(hal_uart.o)
                0x08004b68                RODOS::BlockFifo<unsigned char, 256>::~BlockFifo()
 *fill*         0x08004b8a        0x2 
 .text._ZN5RODOS14ReceiveTriggerD2Ev
                0x08004b8c       0x24 D:\UniWuerzburg\WS2021\LURL\Eclipse 2019\Eclipse 2019\Workspace\rodos\Debug_STM32F4\librodos.a(hal_uart.o)
                0x08004b8c                RODOS::ReceiveTrigger::~ReceiveTrigger()
                0x08004b8c                RODOS::ReceiveTrigger::~ReceiveTrigger()
 .text._ZN5RODOS14ReceiveTriggerD0Ev
                0x08004bb0       0x20 D:\UniWuerzburg\WS2021\LURL\Eclipse 2019\Eclipse 2019\Workspace\rodos\Debug_STM32F4\librodos.a(hal_uart.o)
                0x08004bb0                RODOS::ReceiveTrigger::~ReceiveTrigger()
 .text._ZN5RODOS11HW_HAL_UARTD2Ev
                0x08004bd0       0x28 D:\UniWuerzburg\WS2021\LURL\Eclipse 2019\Eclipse 2019\Workspace\rodos\Debug_STM32F4\librodos.a(hal_uart.o)
                0x08004bd0                RODOS::HW_HAL_UART::~HW_HAL_UART()
                0x08004bd0                RODOS::HW_HAL_UART::~HW_HAL_UART()
 .text.__tcf_0  0x08004bf8       0x2c D:\UniWuerzburg\WS2021\LURL\Eclipse 2019\Eclipse 2019\Workspace\rodos\Debug_STM32F4\librodos.a(hal_uart.o)
 .text._Z41__static_initialization_and_destruction_0ii
                0x08004c24       0x68 D:\UniWuerzburg\WS2021\LURL\Eclipse 2019\Eclipse 2019\Workspace\rodos\Debug_STM32F4\librodos.a(hal_uart.o)
 .text._ZN5RODOS4FifoIhLi256EE10putGenericEljPKvRKNS_10NetMsgInfoE
                0x08004c8c       0x34 D:\UniWuerzburg\WS2021\LURL\Eclipse 2019\Eclipse 2019\Workspace\rodos\Debug_STM32F4\librodos.a(hal_uart.o)
                0x08004c8c                RODOS::Fifo<unsigned char, 256>::putGeneric(long, unsigned int, void const*, RODOS::NetMsgInfo const&)
 .text._GLOBAL__sub_I__ZN5RODOS17UART_contextArrayE
                0x08004cc0       0x10 D:\UniWuerzburg\WS2021\LURL\Eclipse 2019\Eclipse 2019\Workspace\rodos\Debug_STM32F4\librodos.a(hal_uart.o)
 .text.DMA_Init
                0x08004cd0       0xb0 D:\UniWuerzburg\WS2021\LURL\Eclipse 2019\Eclipse 2019\Workspace\rodos\Debug_STM32F4\librodos.a(stm32f4xx_dma.o)
                0x08004cd0                DMA_Init
 .text.DMA_StructInit
                0x08004d80       0x6e D:\UniWuerzburg\WS2021\LURL\Eclipse 2019\Eclipse 2019\Workspace\rodos\Debug_STM32F4\librodos.a(stm32f4xx_dma.o)
                0x08004d80                DMA_StructInit
 .text.DMA_Cmd  0x08004dee       0x38 D:\UniWuerzburg\WS2021\LURL\Eclipse 2019\Eclipse 2019\Workspace\rodos\Debug_STM32F4\librodos.a(stm32f4xx_dma.o)
                0x08004dee                DMA_Cmd
 .text.DMA_GetCurrDataCounter
                0x08004e26       0x1a D:\UniWuerzburg\WS2021\LURL\Eclipse 2019\Eclipse 2019\Workspace\rodos\Debug_STM32F4\librodos.a(stm32f4xx_dma.o)
                0x08004e26                DMA_GetCurrDataCounter
 .text.DMA_GetCmdStatus
                0x08004e40       0x30 D:\UniWuerzburg\WS2021\LURL\Eclipse 2019\Eclipse 2019\Workspace\rodos\Debug_STM32F4\librodos.a(stm32f4xx_dma.o)
                0x08004e40                DMA_GetCmdStatus
 .text.DMA_ITConfig
                0x08004e70       0x74 D:\UniWuerzburg\WS2021\LURL\Eclipse 2019\Eclipse 2019\Workspace\rodos\Debug_STM32F4\librodos.a(stm32f4xx_dma.o)
                0x08004e70                DMA_ITConfig
 .text.DMA_GetITStatus
                0x08004ee4       0xb0 D:\UniWuerzburg\WS2021\LURL\Eclipse 2019\Eclipse 2019\Workspace\rodos\Debug_STM32F4\librodos.a(stm32f4xx_dma.o)
                0x08004ee4                DMA_GetITStatus
 .text.DMA_ClearITPendingBit
                0x08004f94       0x5c D:\UniWuerzburg\WS2021\LURL\Eclipse 2019\Eclipse 2019\Workspace\rodos\Debug_STM32F4\librodos.a(stm32f4xx_dma.o)
                0x08004f94                DMA_ClearITPendingBit
 .text.GPIO_Init
                0x08004ff0      0x11c D:\UniWuerzburg\WS2021\LURL\Eclipse 2019\Eclipse 2019\Workspace\rodos\Debug_STM32F4\librodos.a(stm32f4xx_gpio.o)
                0x08004ff0                GPIO_Init
 .text.GPIO_StructInit
                0x0800510c       0x34 D:\UniWuerzburg\WS2021\LURL\Eclipse 2019\Eclipse 2019\Workspace\rodos\Debug_STM32F4\librodos.a(stm32f4xx_gpio.o)
                0x0800510c                GPIO_StructInit
 .text.GPIO_PinAFConfig
                0x08005140       0x92 D:\UniWuerzburg\WS2021\LURL\Eclipse 2019\Eclipse 2019\Workspace\rodos\Debug_STM32F4\librodos.a(stm32f4xx_gpio.o)
                0x08005140                GPIO_PinAFConfig
 *fill*         0x080051d2        0x2 
 .text.RCC_LSICmd
                0x080051d4       0x20 D:\UniWuerzburg\WS2021\LURL\Eclipse 2019\Eclipse 2019\Workspace\rodos\Debug_STM32F4\librodos.a(stm32f4xx_rcc.o)
                0x080051d4                RCC_LSICmd
 .text.RCC_GetClocksFreq
                0x080051f4      0x154 D:\UniWuerzburg\WS2021\LURL\Eclipse 2019\Eclipse 2019\Workspace\rodos\Debug_STM32F4\librodos.a(stm32f4xx_rcc.o)
                0x080051f4                RCC_GetClocksFreq
 .text.RCC_AHB1PeriphClockCmd
                0x08005348       0x40 D:\UniWuerzburg\WS2021\LURL\Eclipse 2019\Eclipse 2019\Workspace\rodos\Debug_STM32F4\librodos.a(stm32f4xx_rcc.o)
                0x08005348                RCC_AHB1PeriphClockCmd
 .text.RCC_APB1PeriphClockCmd
                0x08005388       0x40 D:\UniWuerzburg\WS2021\LURL\Eclipse 2019\Eclipse 2019\Workspace\rodos\Debug_STM32F4\librodos.a(stm32f4xx_rcc.o)
                0x08005388                RCC_APB1PeriphClockCmd
 .text.RCC_APB2PeriphClockCmd
                0x080053c8       0x40 D:\UniWuerzburg\WS2021\LURL\Eclipse 2019\Eclipse 2019\Workspace\rodos\Debug_STM32F4\librodos.a(stm32f4xx_rcc.o)
                0x080053c8                RCC_APB2PeriphClockCmd
 .text.RCC_AHB1PeriphResetCmd
                0x08005408       0x40 D:\UniWuerzburg\WS2021\LURL\Eclipse 2019\Eclipse 2019\Workspace\rodos\Debug_STM32F4\librodos.a(stm32f4xx_rcc.o)
                0x08005408                RCC_AHB1PeriphResetCmd
 .text.RCC_APB1PeriphResetCmd
                0x08005448       0x40 D:\UniWuerzburg\WS2021\LURL\Eclipse 2019\Eclipse 2019\Workspace\rodos\Debug_STM32F4\librodos.a(stm32f4xx_rcc.o)
                0x08005448                RCC_APB1PeriphResetCmd
 .text.RCC_APB2PeriphResetCmd
                0x08005488       0x40 D:\UniWuerzburg\WS2021\LURL\Eclipse 2019\Eclipse 2019\Workspace\rodos\Debug_STM32F4\librodos.a(stm32f4xx_rcc.o)
                0x08005488                RCC_APB2PeriphResetCmd
 .text.RCC_GetFlagStatus
                0x080054c8       0x74 D:\UniWuerzburg\WS2021\LURL\Eclipse 2019\Eclipse 2019\Workspace\rodos\Debug_STM32F4\librodos.a(stm32f4xx_rcc.o)
                0x080054c8                RCC_GetFlagStatus
 .text.USART_DeInit
                0x0800553c      0x118 D:\UniWuerzburg\WS2021\LURL\Eclipse 2019\Eclipse 2019\Workspace\rodos\Debug_STM32F4\librodos.a(stm32f4xx_usart.o)
                0x0800553c                USART_DeInit
 .text.USART_Init
                0x08005654      0x174 D:\UniWuerzburg\WS2021\LURL\Eclipse 2019\Eclipse 2019\Workspace\rodos\Debug_STM32F4\librodos.a(stm32f4xx_usart.o)
                0x08005654                USART_Init
 .text.USART_StructInit
                0x080057c8       0x3a D:\UniWuerzburg\WS2021\LURL\Eclipse 2019\Eclipse 2019\Workspace\rodos\Debug_STM32F4\librodos.a(stm32f4xx_usart.o)
                0x080057c8                USART_StructInit
 .text.USART_Cmd
                0x08005802       0x40 D:\UniWuerzburg\WS2021\LURL\Eclipse 2019\Eclipse 2019\Workspace\rodos\Debug_STM32F4\librodos.a(stm32f4xx_usart.o)
                0x08005802                USART_Cmd
 .text.USART_ReceiveData
                0x08005842       0x20 D:\UniWuerzburg\WS2021\LURL\Eclipse 2019\Eclipse 2019\Workspace\rodos\Debug_STM32F4\librodos.a(stm32f4xx_usart.o)
                0x08005842                USART_ReceiveData
 .text.USART_DMACmd
                0x08005862       0x48 D:\UniWuerzburg\WS2021\LURL\Eclipse 2019\Eclipse 2019\Workspace\rodos\Debug_STM32F4\librodos.a(stm32f4xx_usart.o)
                0x08005862                USART_DMACmd
 .text.USART_ITConfig
                0x080058aa       0x90 D:\UniWuerzburg\WS2021\LURL\Eclipse 2019\Eclipse 2019\Workspace\rodos\Debug_STM32F4\librodos.a(stm32f4xx_usart.o)
                0x080058aa                USART_ITConfig
 .text.USART_GetFlagStatus
                0x0800593a       0x38 D:\UniWuerzburg\WS2021\LURL\Eclipse 2019\Eclipse 2019\Workspace\rodos\Debug_STM32F4\librodos.a(stm32f4xx_usart.o)
                0x0800593a                USART_GetFlagStatus
 .text.USART_GetITStatus
                0x08005972       0xb6 D:\UniWuerzburg\WS2021\LURL\Eclipse 2019\Eclipse 2019\Workspace\rodos\Debug_STM32F4\librodos.a(stm32f4xx_usart.o)
                0x08005972                USART_GetITStatus
 .text._ZN5RODOS18getIsHostBigEndianEv
                0x08005a28       0x18 D:\UniWuerzburg\WS2021\LURL\Eclipse 2019\Eclipse 2019\Workspace\rodos\Debug_STM32F4\librodos.a(hostinfos.o)
                0x08005a28                RODOS::getIsHostBigEndian()
 .text._ZN5RODOS26getSpeedKiloLoopsPerSecondEv
                0x08005a40       0x12 D:\UniWuerzburg\WS2021\LURL\Eclipse 2019\Eclipse 2019\Workspace\rodos\Debug_STM32F4\librodos.a(hostinfos.o)
                0x08005a40                RODOS::getSpeedKiloLoopsPerSecond()
 .text._ZN5RODOS20getYieldTimeOverheadEv
                0x08005a52       0x12 D:\UniWuerzburg\WS2021\LURL\Eclipse 2019\Eclipse 2019\Workspace\rodos\Debug_STM32F4\librodos.a(hostinfos.o)
                0x08005a52                RODOS::getYieldTimeOverhead()
 .text._ZN5RODOS14getHostCpuArchEv
                0x08005a64       0x14 D:\UniWuerzburg\WS2021\LURL\Eclipse 2019\Eclipse 2019\Workspace\rodos\Debug_STM32F4\librodos.a(hostinfos.o)
                0x08005a64                RODOS::getHostCpuArch()
 .text._ZN5RODOS14getHostBasisOSEv
                0x08005a78       0x14 D:\UniWuerzburg\WS2021\LURL\Eclipse 2019\Eclipse 2019\Workspace\rodos\Debug_STM32F4\librodos.a(hostinfos.o)
                0x08005a78                RODOS::getHostBasisOS()
 .text.NVIC_SetPriority
                0x08005a8c       0x5c D:\UniWuerzburg\WS2021\LURL\Eclipse 2019\Eclipse 2019\Workspace\rodos\Debug_STM32F4\librodos.a(hw_specific.o)
 .text._ZN5RODOS6hwInitEv
                0x08005ae8       0x84 D:\UniWuerzburg\WS2021\LURL\Eclipse 2019\Eclipse 2019\Workspace\rodos\Debug_STM32F4\librodos.a(hw_specific.o)
                0x08005ae8                RODOS::hwInit()
 .text._ZN5RODOS19hwDisableInterruptsEv
                0x08005b6c       0x10 D:\UniWuerzburg\WS2021\LURL\Eclipse 2019\Eclipse 2019\Workspace\rodos\Debug_STM32F4\librodos.a(hw_specific.o)
                0x08005b6c                RODOS::hwDisableInterrupts()
 .text._ZN5RODOS18hwEnableInterruptsEv
                0x08005b7c       0x10 D:\UniWuerzburg\WS2021\LURL\Eclipse 2019\Eclipse 2019\Workspace\rodos\Debug_STM32F4\librodos.a(hw_specific.o)
                0x08005b7c                RODOS::hwEnableInterrupts()
 .text._ZN5RODOS13hwInitContextEPlPv
                0x08005b8c       0x64 D:\UniWuerzburg\WS2021\LURL\Eclipse 2019\Eclipse 2019\Workspace\rodos\Debug_STM32F4\librodos.a(hw_specific.o)
                0x08005b8c                RODOS::hwInitContext(long*, void*)
 .text._ZN5RODOS15startIdleThreadEv
                0x08005bf0       0x18 D:\UniWuerzburg\WS2021\LURL\Eclipse 2019\Eclipse 2019\Workspace\rodos\Debug_STM32F4\librodos.a(hw_specific.o)
                0x08005bf0                RODOS::startIdleThread()
 .text.SVC_Handler
                0x08005c08       0x18 D:\UniWuerzburg\WS2021\LURL\Eclipse 2019\Eclipse 2019\Workspace\rodos\Debug_STM32F4\librodos.a(hw_specific.o)
                0x08005c08                SVC_Handler
 .text.PendSV_Handler
                0x08005c20       0x3c D:\UniWuerzburg\WS2021\LURL\Eclipse 2019\Eclipse 2019\Workspace\rodos\Debug_STM32F4\librodos.a(hw_specific.o)
                0x08005c20                PendSV_Handler
 .text.__asmSwitchToContext
                0x08005c5c       0x20 D:\UniWuerzburg\WS2021\LURL\Eclipse 2019\Eclipse 2019\Workspace\rodos\Debug_STM32F4\librodos.a(hw_specific.o)
                0x08005c5c                __asmSwitchToContext
 .text.__asmSaveContextAndCallScheduler
                0x08005c7c       0x20 D:\UniWuerzburg\WS2021\LURL\Eclipse 2019\Eclipse 2019\Workspace\rodos\Debug_STM32F4\librodos.a(hw_specific.o)
                0x08005c7c                __asmSaveContextAndCallScheduler
 .text.TIM5_ISR4LSI
                0x08005c9c       0x7c D:\UniWuerzburg\WS2021\LURL\Eclipse 2019\Eclipse 2019\Workspace\rodos\Debug_STM32F4\librodos.a(hw_specific.o)
                0x08005c9c                TIM5_ISR4LSI
 .text.TIM5_ISR_USER
                0x08005d18        0xe D:\UniWuerzburg\WS2021\LURL\Eclipse 2019\Eclipse 2019\Workspace\rodos\Debug_STM32F4\librodos.a(hw_specific.o)
                0x08005d18                TIM5_ISR_USER
 *fill*         0x08005d26        0x2 
 .text.TIM5_IRQHandler
                0x08005d28       0x20 D:\UniWuerzburg\WS2021\LURL\Eclipse 2019\Eclipse 2019\Workspace\rodos\Debug_STM32F4\librodos.a(hw_specific.o)
                0x08005d28                TIM5_IRQHandler
 .text._ZN5RODOSL15GetLSIFrequencyEv
                0x08005d48      0x124 D:\UniWuerzburg\WS2021\LURL\Eclipse 2019\Eclipse 2019\Workspace\rodos\Debug_STM32F4\librodos.a(hw_specific.o)
 .text._Z41__static_initialization_and_destruction_0ii
                0x08005e6c       0x40 D:\UniWuerzburg\WS2021\LURL\Eclipse 2019\Eclipse 2019\Workspace\rodos\Debug_STM32F4\librodos.a(hw_specific.o)
 .text._GLOBAL__sub_I_contextT
                0x08005eac       0x10 D:\UniWuerzburg\WS2021\LURL\Eclipse 2019\Eclipse 2019\Workspace\rodos\Debug_STM32F4\librodos.a(hw_specific.o)
 .text.NVIC_EnableIRQ
                0x08005ebc       0x34 D:\UniWuerzburg\WS2021\LURL\Eclipse 2019\Eclipse 2019\Workspace\rodos\Debug_STM32F4\librodos.a(hw_timer.o)
 .text.NVIC_ClearPendingIRQ
                0x08005ef0       0x38 D:\UniWuerzburg\WS2021\LURL\Eclipse 2019\Eclipse 2019\Workspace\rodos\Debug_STM32F4\librodos.a(hw_timer.o)
 .text.NVIC_SetPriority
                0x08005f28       0x5c D:\UniWuerzburg\WS2021\LURL\Eclipse 2019\Eclipse 2019\Workspace\rodos\Debug_STM32F4\librodos.a(hw_timer.o)
 .text.SysTick_Handler
                0x08005f84       0x6c D:\UniWuerzburg\WS2021\LURL\Eclipse 2019\Eclipse 2019\Workspace\rodos\Debug_STM32F4\librodos.a(hw_timer.o)
                0x08005f84                SysTick_Handler
 .text.SysTick_Config_New
                0x08005ff0       0x40 D:\UniWuerzburg\WS2021\LURL\Eclipse 2019\Eclipse 2019\Workspace\rodos\Debug_STM32F4\librodos.a(hw_timer.o)
 .text.SysTick_Enable
                0x08006030       0x1c D:\UniWuerzburg\WS2021\LURL\Eclipse 2019\Eclipse 2019\Workspace\rodos\Debug_STM32F4\librodos.a(hw_timer.o)
 .text.SysTick_Disable
                0x0800604c       0x1c D:\UniWuerzburg\WS2021\LURL\Eclipse 2019\Eclipse 2019\Workspace\rodos\Debug_STM32F4\librodos.a(hw_timer.o)
 .text._ZN5RODOS5Timer4initEv
                0x08006068       0x4c D:\UniWuerzburg\WS2021\LURL\Eclipse 2019\Eclipse 2019\Workspace\rodos\Debug_STM32F4\librodos.a(hw_timer.o)
                0x08006068                RODOS::Timer::init()
 .text._ZN5RODOS5Timer5startEv
                0x080060b4       0x50 D:\UniWuerzburg\WS2021\LURL\Eclipse 2019\Eclipse 2019\Workspace\rodos\Debug_STM32F4\librodos.a(hw_timer.o)
                0x080060b4                RODOS::Timer::start()
 .text._ZN5RODOS5Timer4stopEv
                0x08006104        0xc D:\UniWuerzburg\WS2021\LURL\Eclipse 2019\Eclipse 2019\Workspace\rodos\Debug_STM32F4\librodos.a(hw_timer.o)
                0x08006104                RODOS::Timer::stop()
 .text._ZN5RODOS5Timer11setIntervalEx
                0x08006110       0x24 D:\UniWuerzburg\WS2021\LURL\Eclipse 2019\Eclipse 2019\Workspace\rodos\Debug_STM32F4\librodos.a(hw_timer.o)
                0x08006110                RODOS::Timer::setInterval(long long)
 .text.TIM1_TRG_COM_TIM11_IRQHandler
                0x08006134       0x3c D:\UniWuerzburg\WS2021\LURL\Eclipse 2019\Eclipse 2019\Workspace\rodos\Debug_STM32F4\librodos.a(hw_timer.o)
                0x08006134                TIM1_TRG_COM_TIM11_IRQHandler
 .text._ZN5RODOS9TIMx_initEv
                0x08006170       0xb4 D:\UniWuerzburg\WS2021\LURL\Eclipse 2019\Eclipse 2019\Workspace\rodos\Debug_STM32F4\librodos.a(hw_timer.o)
                0x08006170                RODOS::TIMx_init()
 *fill*         0x08006224        0x4 
 .text._ZN5RODOS16hwGetNanosecondsEv
                0x08006228       0xc4 D:\UniWuerzburg\WS2021\LURL\Eclipse 2019\Eclipse 2019\Workspace\rodos\Debug_STM32F4\librodos.a(hw_timer.o)
                0x08006228                RODOS::hwGetNanoseconds()
 .text._ZN5RODOS10hwInitTimeEv
                0x080062ec       0x20 D:\UniWuerzburg\WS2021\LURL\Eclipse 2019\Eclipse 2019\Workspace\rodos\Debug_STM32F4\librodos.a(hw_timer.o)
                0x080062ec                RODOS::hwInitTime()
 .text._ZN5RODOS11Application4initEv
                0x0800630c       0x14 D:\UniWuerzburg\WS2021\LURL\Eclipse 2019\Eclipse 2019\Workspace\rodos\Debug_STM32F4\librodos.a(application.o)
                0x0800630c                RODOS::Application::init()
 .text._ZN5RODOS11ApplicationC2EPKcl
                0x08006320       0x40 D:\UniWuerzburg\WS2021\LURL\Eclipse 2019\Eclipse 2019\Workspace\rodos\Debug_STM32F4\librodos.a(application.o)
                0x08006320                RODOS::Application::Application(char const*, long)
                0x08006320                RODOS::Application::Application(char const*, long)
 .text._ZN5RODOS11ApplicationD2Ev
                0x08006360       0x30 D:\UniWuerzburg\WS2021\LURL\Eclipse 2019\Eclipse 2019\Workspace\rodos\Debug_STM32F4\librodos.a(application.o)
                0x08006360                RODOS::Application::~Application()
                0x08006360                RODOS::Application::~Application()
 .text._ZN5RODOS11ApplicationD0Ev
                0x08006390       0x20 D:\UniWuerzburg\WS2021\LURL\Eclipse 2019\Eclipse 2019\Workspace\rodos\Debug_STM32F4\librodos.a(application.o)
                0x08006390                RODOS::Application::~Application()
 .text._ZN5RODOS11Application8activateEv
                0x080063b0       0x1a D:\UniWuerzburg\WS2021\LURL\Eclipse 2019\Eclipse 2019\Workspace\rodos\Debug_STM32F4\librodos.a(application.o)
                0x080063b0                RODOS::Application::activate()
 .text._ZN5RODOS11Application10deactivateEv
                0x080063ca       0x1a D:\UniWuerzburg\WS2021\LURL\Eclipse 2019\Eclipse 2019\Workspace\rodos\Debug_STM32F4\librodos.a(application.o)
                0x080063ca                RODOS::Application::deactivate()
 .text._ZN5RODOS11Application7requestEPviS1_i
                0x080063e4       0x1e D:\UniWuerzburg\WS2021\LURL\Eclipse 2019\Eclipse 2019\Workspace\rodos\Debug_STM32F4\librodos.a(application.o)
                0x080063e4                RODOS::Application::request(void*, int, void*, int)
 *fill*         0x08006402        0x2 
 .text._ZN5RODOS11Application17printApplicationsEv
                0x08006404       0x64 D:\UniWuerzburg\WS2021\LURL\Eclipse 2019\Eclipse 2019\Workspace\rodos\Debug_STM32F4\librodos.a(application.o)
                0x08006404                RODOS::Application::printApplications()
 .text._ZN5RODOS10computeCrcEPKhll
                0x08006468       0x82 D:\UniWuerzburg\WS2021\LURL\Eclipse 2019\Eclipse 2019\Workspace\rodos\Debug_STM32F4\librodos.a(checksumes.o)
                0x08006468                RODOS::computeCrc(unsigned char const*, long, long)
 .text._ZN5RODOS4hashEPKc
                0x080064ea       0x90 D:\UniWuerzburg\WS2021\LURL\Eclipse 2019\Eclipse 2019\Workspace\rodos\Debug_STM32F4\librodos.a(checksumes.o)
                0x080064ea                RODOS::hash(char const*)
 *fill*         0x0800657a        0x2 
 .text.NVIC_ClearPendingIRQ
                0x0800657c       0x38 D:\UniWuerzburg\WS2021\LURL\Eclipse 2019\Eclipse 2019\Workspace\rodos\Debug_STM32F4\librodos.a(hal_gpio.o)
 .text._ZN5RODOS11HW_HAL_GPIO13EXTIRQHandlerEv
                0x080065b4       0x50 D:\UniWuerzburg\WS2021\LURL\Eclipse 2019\Eclipse 2019\Workspace\rodos\Debug_STM32F4\librodos.a(hal_gpio.o)
                0x080065b4                RODOS::HW_HAL_GPIO::EXTIRQHandler()
 .text._ZN5RODOS11HW_HAL_GPIO17getGPIO_PinSourceEm
                0x08006604       0x38 D:\UniWuerzburg\WS2021\LURL\Eclipse 2019\Eclipse 2019\Workspace\rodos\Debug_STM32F4\librodos.a(hal_gpio.o)
                0x08006604                RODOS::HW_HAL_GPIO::getGPIO_PinSource(unsigned long)
 .text._ZN5RODOS11HW_HAL_GPIO23getRCC_APB1Periph_GPIOxEP12GPIO_TypeDef
                0x0800663c       0xd4 D:\UniWuerzburg\WS2021\LURL\Eclipse 2019\Eclipse 2019\Workspace\rodos\Debug_STM32F4\librodos.a(hal_gpio.o)
                0x0800663c                RODOS::HW_HAL_GPIO::getRCC_APB1Periph_GPIOx(GPIO_TypeDef*)
 .text._ZN5RODOS11HW_HAL_GPIO12getSTM32PortENS_8GPIO_PINE
                0x08006710       0xa8 D:\UniWuerzburg\WS2021\LURL\Eclipse 2019\Eclipse 2019\Workspace\rodos\Debug_STM32F4\librodos.a(hal_gpio.o)
                0x08006710                RODOS::HW_HAL_GPIO::getSTM32Port(RODOS::GPIO_PIN)
 .text._ZN5RODOS11HW_HAL_GPIO11getSTM32PinENS_8GPIO_PINE
                0x080067b8       0x24 D:\UniWuerzburg\WS2021\LURL\Eclipse 2019\Eclipse 2019\Workspace\rodos\Debug_STM32F4\librodos.a(hal_gpio.o)
                0x080067b8                RODOS::HW_HAL_GPIO::getSTM32Pin(RODOS::GPIO_PIN)
 .text._ZN5RODOS11HW_HAL_GPIO14configureAFPinENS_8GPIO_PINEh
                0x080067dc       0x9e D:\UniWuerzburg\WS2021\LURL\Eclipse 2019\Eclipse 2019\Workspace\rodos\Debug_STM32F4\librodos.a(hal_gpio.o)
                0x080067dc                RODOS::HW_HAL_GPIO::configureAFPin(RODOS::GPIO_PIN, unsigned char)
 .text._ZN5RODOS11HW_HAL_GPIO8resetPinENS_8GPIO_PINE
                0x0800687a       0x5e D:\UniWuerzburg\WS2021\LURL\Eclipse 2019\Eclipse 2019\Workspace\rodos\Debug_STM32F4\librodos.a(hal_gpio.o)
                0x0800687a                RODOS::HW_HAL_GPIO::resetPin(RODOS::GPIO_PIN)
 .text.EXTI0_IRQHandler
                0x080068d8       0x24 D:\UniWuerzburg\WS2021\LURL\Eclipse 2019\Eclipse 2019\Workspace\rodos\Debug_STM32F4\librodos.a(hal_gpio.o)
                0x080068d8                EXTI0_IRQHandler
 .text.EXTI1_IRQHandler
                0x080068fc       0x24 D:\UniWuerzburg\WS2021\LURL\Eclipse 2019\Eclipse 2019\Workspace\rodos\Debug_STM32F4\librodos.a(hal_gpio.o)
                0x080068fc                EXTI1_IRQHandler
 .text.EXTI2_IRQHandler
                0x08006920       0x24 D:\UniWuerzburg\WS2021\LURL\Eclipse 2019\Eclipse 2019\Workspace\rodos\Debug_STM32F4\librodos.a(hal_gpio.o)
                0x08006920                EXTI2_IRQHandler
 .text.EXTI3_IRQHandler
                0x08006944       0x24 D:\UniWuerzburg\WS2021\LURL\Eclipse 2019\Eclipse 2019\Workspace\rodos\Debug_STM32F4\librodos.a(hal_gpio.o)
                0x08006944                EXTI3_IRQHandler
 .text.EXTI4_IRQHandler
                0x08006968       0x24 D:\UniWuerzburg\WS2021\LURL\Eclipse 2019\Eclipse 2019\Workspace\rodos\Debug_STM32F4\librodos.a(hal_gpio.o)
                0x08006968                EXTI4_IRQHandler
 .text.EXTI9_5_IRQHandler
                0x0800698c       0x60 D:\UniWuerzburg\WS2021\LURL\Eclipse 2019\Eclipse 2019\Workspace\rodos\Debug_STM32F4\librodos.a(hal_gpio.o)
                0x0800698c                EXTI9_5_IRQHandler
 .text.EXTI15_10_IRQHandler
                0x080069ec       0x60 D:\UniWuerzburg\WS2021\LURL\Eclipse 2019\Eclipse 2019\Workspace\rodos\Debug_STM32F4\librodos.a(hal_gpio.o)
                0x080069ec                EXTI15_10_IRQHandler
 .text.DBGMCU_Config
                0x08006a4c       0x40 D:\UniWuerzburg\WS2021\LURL\Eclipse 2019\Eclipse 2019\Workspace\rodos\Debug_STM32F4\librodos.a(stm32f4xx_dbgmcu.o)
                0x08006a4c                DBGMCU_Config
 .text.NVIC_Init
                0x08006a8c       0xc4 D:\UniWuerzburg\WS2021\LURL\Eclipse 2019\Eclipse 2019\Workspace\rodos\Debug_STM32F4\librodos.a(stm32f4xx_misc.o)
                0x08006a8c                NVIC_Init
 .text.TIM_DeInit
                0x08006b50      0x1c0 D:\UniWuerzburg\WS2021\LURL\Eclipse 2019\Eclipse 2019\Workspace\rodos\Debug_STM32F4\librodos.a(stm32f4xx_tim.o)
                0x08006b50                TIM_DeInit
 .text.TIM_TimeBaseInit
                0x08006d10       0xd8 D:\UniWuerzburg\WS2021\LURL\Eclipse 2019\Eclipse 2019\Workspace\rodos\Debug_STM32F4\librodos.a(stm32f4xx_tim.o)
                0x08006d10                TIM_TimeBaseInit
 .text.TIM_PrescalerConfig
                0x08006de8       0x28 D:\UniWuerzburg\WS2021\LURL\Eclipse 2019\Eclipse 2019\Workspace\rodos\Debug_STM32F4\librodos.a(stm32f4xx_tim.o)
                0x08006de8                TIM_PrescalerConfig
 .text.TIM_GetCounter
                0x08006e10       0x18 D:\UniWuerzburg\WS2021\LURL\Eclipse 2019\Eclipse 2019\Workspace\rodos\Debug_STM32F4\librodos.a(stm32f4xx_tim.o)
                0x08006e10                TIM_GetCounter
 .text.TIM_Cmd  0x08006e28       0x40 D:\UniWuerzburg\WS2021\LURL\Eclipse 2019\Eclipse 2019\Workspace\rodos\Debug_STM32F4\librodos.a(stm32f4xx_tim.o)
                0x08006e28                TIM_Cmd
 .text.TIM_ICInit
                0x08006e68       0xa8 D:\UniWuerzburg\WS2021\LURL\Eclipse 2019\Eclipse 2019\Workspace\rodos\Debug_STM32F4\librodos.a(stm32f4xx_tim.o)
                0x08006e68                TIM_ICInit
 .text.TIM_GetCapture4
                0x08006f10       0x18 D:\UniWuerzburg\WS2021\LURL\Eclipse 2019\Eclipse 2019\Workspace\rodos\Debug_STM32F4\librodos.a(stm32f4xx_tim.o)
                0x08006f10                TIM_GetCapture4
 .text.TIM_SetIC1Prescaler
                0x08006f28       0x38 D:\UniWuerzburg\WS2021\LURL\Eclipse 2019\Eclipse 2019\Workspace\rodos\Debug_STM32F4\librodos.a(stm32f4xx_tim.o)
                0x08006f28                TIM_SetIC1Prescaler
 .text.TIM_SetIC2Prescaler
                0x08006f60       0x3c D:\UniWuerzburg\WS2021\LURL\Eclipse 2019\Eclipse 2019\Workspace\rodos\Debug_STM32F4\librodos.a(stm32f4xx_tim.o)
                0x08006f60                TIM_SetIC2Prescaler
 .text.TIM_SetIC3Prescaler
                0x08006f9c       0x38 D:\UniWuerzburg\WS2021\LURL\Eclipse 2019\Eclipse 2019\Workspace\rodos\Debug_STM32F4\librodos.a(stm32f4xx_tim.o)
                0x08006f9c                TIM_SetIC3Prescaler
 .text.TIM_SetIC4Prescaler
                0x08006fd4       0x3c D:\UniWuerzburg\WS2021\LURL\Eclipse 2019\Eclipse 2019\Workspace\rodos\Debug_STM32F4\librodos.a(stm32f4xx_tim.o)
                0x08006fd4                TIM_SetIC4Prescaler
 .text.TIM_ITConfig
                0x08007010       0x48 D:\UniWuerzburg\WS2021\LURL\Eclipse 2019\Eclipse 2019\Workspace\rodos\Debug_STM32F4\librodos.a(stm32f4xx_tim.o)
                0x08007010                TIM_ITConfig
 .text.TIM_GetITStatus
                0x08007058       0x54 D:\UniWuerzburg\WS2021\LURL\Eclipse 2019\Eclipse 2019\Workspace\rodos\Debug_STM32F4\librodos.a(stm32f4xx_tim.o)
                0x08007058                TIM_GetITStatus
 .text.TIM_ClearITPendingBit
                0x080070ac       0x22 D:\UniWuerzburg\WS2021\LURL\Eclipse 2019\Eclipse 2019\Workspace\rodos\Debug_STM32F4\librodos.a(stm32f4xx_tim.o)
                0x080070ac                TIM_ClearITPendingBit
 .text.TIM_RemapConfig
                0x080070ce       0x20 D:\UniWuerzburg\WS2021\LURL\Eclipse 2019\Eclipse 2019\Workspace\rodos\Debug_STM32F4\librodos.a(stm32f4xx_tim.o)
                0x080070ce                TIM_RemapConfig
 .text.TI1_Config
                0x080070ee       0x86 D:\UniWuerzburg\WS2021\LURL\Eclipse 2019\Eclipse 2019\Workspace\rodos\Debug_STM32F4\librodos.a(stm32f4xx_tim.o)
 .text.TI2_Config
                0x08007174       0x9a D:\UniWuerzburg\WS2021\LURL\Eclipse 2019\Eclipse 2019\Workspace\rodos\Debug_STM32F4\librodos.a(stm32f4xx_tim.o)
 .text.TI3_Config
                0x0800720e       0x90 D:\UniWuerzburg\WS2021\LURL\Eclipse 2019\Eclipse 2019\Workspace\rodos\Debug_STM32F4\librodos.a(stm32f4xx_tim.o)
 .text.TI4_Config
                0x0800729e       0x9e D:\UniWuerzburg\WS2021\LURL\Eclipse 2019\Eclipse 2019\Workspace\rodos\Debug_STM32F4\librodos.a(stm32f4xx_tim.o)
 .text.__aeabi_atexit
                0x0800733c        0xc d:/uniwuerzburg/ws2021/lurl/eclipse 2019/eclipse 2019/gnu tools arm embedded/bin/../lib/gcc/arm-none-eabi/8.3.1/../../../../arm-none-eabi/lib/thumb/v7e-m+fp/softfp\libc.a(lib_a-aeabi_atexit.o)
                0x0800733c                __aeabi_atexit
 *(.rodata)
 .rodata        0x08007348       0x41 ./helloworld-minimalistic.o
 *fill*         0x08007389        0x3 
 .rodata        0x0800738c       0x46 D:\UniWuerzburg\WS2021\LURL\Eclipse 2019\Eclipse 2019\Workspace\rodos\Debug_STM32F4\librodos.a(debug.o)
 *fill*         0x080073d2        0x2 
 .rodata        0x080073d4       0xc2 D:\UniWuerzburg\WS2021\LURL\Eclipse 2019\Eclipse 2019\Workspace\rodos\Debug_STM32F4\librodos.a(thread_on_hw.o)
 *fill*         0x08007496        0x2 
 .rodata        0x08007498       0x6c D:\UniWuerzburg\WS2021\LURL\Eclipse 2019\Eclipse 2019\Workspace\rodos\Debug_STM32F4\librodos.a(listelement.o)
 .rodata        0x08007504      0x21a D:\UniWuerzburg\WS2021\LURL\Eclipse 2019\Eclipse 2019\Workspace\rodos\Debug_STM32F4\librodos.a(main.o)
 *fill*         0x0800771e        0x2 
 .rodata        0x08007720       0x17 D:\UniWuerzburg\WS2021\LURL\Eclipse 2019\Eclipse 2019\Workspace\rodos\Debug_STM32F4\librodos.a(main_usermain.o)
 *fill*         0x08007737        0x1 
 .rodata        0x08007738       0x3b D:\UniWuerzburg\WS2021\LURL\Eclipse 2019\Eclipse 2019\Workspace\rodos\Debug_STM32F4\librodos.a(miscs.o)
 *fill*         0x08007773        0x1 
 .rodata        0x08007774      0x11a D:\UniWuerzburg\WS2021\LURL\Eclipse 2019\Eclipse 2019\Workspace\rodos\Debug_STM32F4\librodos.a(topic.o)
 *fill*         0x0800788e        0x2 
 .rodata        0x08007890       0xa7 D:\UniWuerzburg\WS2021\LURL\Eclipse 2019\Eclipse 2019\Workspace\rodos\Debug_STM32F4\librodos.a(hal_uart.o)
 *fill*         0x08007937        0x1 
 .rodata        0x08007938       0x1e D:\UniWuerzburg\WS2021\LURL\Eclipse 2019\Eclipse 2019\Workspace\rodos\Debug_STM32F4\librodos.a(hostinfos.o)
 *fill*         0x08007956        0x2 
 .rodata        0x08007958        0xe D:\UniWuerzburg\WS2021\LURL\Eclipse 2019\Eclipse 2019\Workspace\rodos\Debug_STM32F4\librodos.a(hw_specific.o)
 *fill*         0x08007966        0x2 
 .rodata        0x08007968       0x27 D:\UniWuerzburg\WS2021\LURL\Eclipse 2019\Eclipse 2019\Workspace\rodos\Debug_STM32F4\librodos.a(application.o)
 *(.rodata*)
 *fill*         0x0800798f        0x1 
 .rodata._ZTV10HelloWorld
                0x08007990       0x18 ./helloworld-minimalistic.o
                0x08007990                vtable for HelloWorld
 .rodata._ZTVN5RODOS7YprintfE
                0x080079a8       0x14 D:\UniWuerzburg\WS2021\LURL\Eclipse 2019\Eclipse 2019\Workspace\rodos\Debug_STM32F4\librodos.a(debug.o)
                0x080079a8                vtable for RODOS::Yprintf
 .rodata._ZTVN5RODOS10IdleThreadE
                0x080079bc       0x18 D:\UniWuerzburg\WS2021\LURL\Eclipse 2019\Eclipse 2019\Workspace\rodos\Debug_STM32F4\librodos.a(thread_on_hw.o)
                0x080079bc                vtable for RODOS::IdleThread
 .rodata._ZTVN5RODOS6ThreadE
                0x080079d4       0x18 D:\UniWuerzburg\WS2021\LURL\Eclipse 2019\Eclipse 2019\Workspace\rodos\Debug_STM32F4\librodos.a(thread_on_hw.o)
                0x080079d4                vtable for RODOS::Thread
 .rodata._ZTVN5RODOS18GenericIOInterfaceE
                0x080079ec       0x3c D:\UniWuerzburg\WS2021\LURL\Eclipse 2019\Eclipse 2019\Workspace\rodos\Debug_STM32F4\librodos.a(genericIO.o)
                0x080079ec                vtable for RODOS::GenericIOInterface
 .rodata._ZTVN5RODOS5TopicIPvEE
                0x08007a28       0x10 D:\UniWuerzburg\WS2021\LURL\Eclipse 2019\Eclipse 2019\Workspace\rodos\Debug_STM32F4\librodos.a(topic.o)
                0x08007a28                vtable for RODOS::Topic<void*>
 .rodata._ZTVN5RODOS5TopicINS_14NetworkMessageEEE
                0x08007a38       0x10 D:\UniWuerzburg\WS2021\LURL\Eclipse 2019\Eclipse 2019\Workspace\rodos\Debug_STM32F4\librodos.a(topic.o)
                0x08007a38                vtable for RODOS::Topic<RODOS::NetworkMessage>
 .rodata._ZTVN5RODOS5TopicINS_13GenericMsgRefEEE
                0x08007a48       0x10 D:\UniWuerzburg\WS2021\LURL\Eclipse 2019\Eclipse 2019\Workspace\rodos\Debug_STM32F4\librodos.a(topic.o)
                0x08007a48                vtable for RODOS::Topic<RODOS::GenericMsgRef>
 .rodata._ZTVN5RODOS14TopicInterfaceE
                0x08007a58       0x10 D:\UniWuerzburg\WS2021\LURL\Eclipse 2019\Eclipse 2019\Workspace\rodos\Debug_STM32F4\librodos.a(topic.o)
                0x08007a58                vtable for RODOS::TopicInterface
 .rodata._ZTVN5RODOS9BlockFifoIhLi256EEE
                0x08007a68       0x14 D:\UniWuerzburg\WS2021\LURL\Eclipse 2019\Eclipse 2019\Workspace\rodos\Debug_STM32F4\librodos.a(hal_uart.o)
                0x08007a68                vtable for RODOS::BlockFifo<unsigned char, 256>
 .rodata._ZTVN5RODOS4FifoIhLi256EEE
                0x08007a7c       0x14 D:\UniWuerzburg\WS2021\LURL\Eclipse 2019\Eclipse 2019\Workspace\rodos\Debug_STM32F4\librodos.a(hal_uart.o)
                0x08007a7c                vtable for RODOS::Fifo<unsigned char, 256>
 .rodata._ZTVN5RODOS14ReceiveTriggerE
                0x08007a90       0x18 D:\UniWuerzburg\WS2021\LURL\Eclipse 2019\Eclipse 2019\Workspace\rodos\Debug_STM32F4\librodos.a(hal_uart.o)
                0x08007a90                vtable for RODOS::ReceiveTrigger
 .rodata._ZTVN5RODOS8HAL_UARTE
                0x08007aa8       0x58 D:\UniWuerzburg\WS2021\LURL\Eclipse 2019\Eclipse 2019\Workspace\rodos\Debug_STM32F4\librodos.a(hal_uart.o)
                0x08007aa8                vtable for RODOS::HAL_UART
 .rodata._ZTVN5RODOS6PutterE
                0x08007b00       0x14 D:\UniWuerzburg\WS2021\LURL\Eclipse 2019\Eclipse 2019\Workspace\rodos\Debug_STM32F4\librodos.a(hal_uart.o)
                0x08007b00                vtable for RODOS::Putter
 .rodata._ZTVN5RODOS11ApplicationE
                0x08007b14       0x20 D:\UniWuerzburg\WS2021\LURL\Eclipse 2019\Eclipse 2019\Workspace\rodos\Debug_STM32F4\librodos.a(application.o)
                0x08007b14                vtable for RODOS::Application
 *(.glue_7)
 .glue_7        0x08007b34        0x0 linker stubs
 *(.glue_7t)
 .glue_7t       0x08007b34        0x0 linker stubs
 *(.eh_frame)
 *(.init)
 *(.fini)
                0x08007b34                . = ALIGN (0x4)
                0x08007b34                _etext = .

.vfp11_veneer   0x08007b34        0x0
 .vfp11_veneer  0x08007b34        0x0 linker stubs

.v4_bx          0x08007b34        0x0
 .v4_bx         0x08007b34        0x0 linker stubs

.iplt           0x08007b34        0x0
 .iplt          0x08007b34        0x0 ./helloworld-minimalistic.o

.ARM.extab
 *(.ARM.extab* .gnu.linkonce.armextab.*)

.ARM            0x08007b34        0x8
                0x08007b34                __exidx_start = .
 *(.ARM.exidx*)
 .ARM.exidx     0x08007b34        0x8 d:/uniwuerzburg/ws2021/lurl/eclipse 2019/eclipse 2019/gnu tools arm embedded/bin/../lib/gcc/arm-none-eabi/8.3.1/thumb/v7e-m+fp/softfp\libgcc.a(_udivmoddi4.o)
                0x08007b3c                __exidx_end = .

.rel.dyn        0x08007b3c        0x0
 .rel.iplt      0x08007b3c        0x0 ./helloworld-minimalistic.o

.preinit_array  0x08007b3c        0x0
                [!provide]                PROVIDE (__preinit_array_start = .)
 *(.preinit_array*)
                [!provide]                PROVIDE (__preinit_array_end = .)

.init_array     0x08007b3c       0x20
                0x08007b3c                PROVIDE (__init_array_start = .)
 *(SORT_BY_NAME(.init_array.*))
 *(.init_array*)
 .init_array    0x08007b3c        0x4 ./helloworld-minimalistic.o
 .init_array    0x08007b40        0x4 D:\UniWuerzburg\WS2021\LURL\Eclipse 2019\Eclipse 2019\Workspace\rodos\Debug_STM32F4\librodos.a(debug.o)
 .init_array    0x08007b44        0x4 D:\UniWuerzburg\WS2021\LURL\Eclipse 2019\Eclipse 2019\Workspace\rodos\Debug_STM32F4\librodos.a(scheduler.o)
 .init_array    0x08007b48        0x4 D:\UniWuerzburg\WS2021\LURL\Eclipse 2019\Eclipse 2019\Workspace\rodos\Debug_STM32F4\librodos.a(thread_on_hw.o)
 .init_array    0x08007b4c        0x4 D:\UniWuerzburg\WS2021\LURL\Eclipse 2019\Eclipse 2019\Workspace\rodos\Debug_STM32F4\librodos.a(timemodel.o)
 .init_array    0x08007b50        0x4 D:\UniWuerzburg\WS2021\LURL\Eclipse 2019\Eclipse 2019\Workspace\rodos\Debug_STM32F4\librodos.a(topic.o)
 .init_array    0x08007b54        0x4 D:\UniWuerzburg\WS2021\LURL\Eclipse 2019\Eclipse 2019\Workspace\rodos\Debug_STM32F4\librodos.a(hal_uart.o)