Archive member included to satisfy reference by file (symbol)

C:\WindowsPackage_DiscoveryBoard - Kopie\Workspace\rodos\Debug_STM32F4\librodos.a(debug.o)
                              ./hardware/imu.o (RODOS::PRINTF(char const*, ...))
C:\WindowsPackage_DiscoveryBoard - Kopie\Workspace\rodos\Debug_STM32F4\librodos.a(listelement.o)
                              ./hardware/imu.o (RODOS::ListElement::~ListElement())
C:\WindowsPackage_DiscoveryBoard - Kopie\Workspace\rodos\Debug_STM32F4\librodos.a(printfverbosity.o)
                              C:\WindowsPackage_DiscoveryBoard - Kopie\Workspace\rodos\Debug_STM32F4\librodos.a(debug.o) (printfVerbosity)
C:\WindowsPackage_DiscoveryBoard - Kopie\Workspace\rodos\Debug_STM32F4\librodos.a(string_pico.o)
                              ./hardware/imu.o (operator delete(void*, unsigned int))
C:\WindowsPackage_DiscoveryBoard - Kopie\Workspace\rodos\Debug_STM32F4\librodos.a(timemodel.o)
                              ./hardware/imu.o (RODOS::TimeModel::getNanoseconds())
C:\WindowsPackage_DiscoveryBoard - Kopie\Workspace\rodos\Debug_STM32F4\librodos.a(topic.o)
                              ./hardware/imu.o (RODOS::TopicInterface::TopicInterface(long, long, char const*))
C:\WindowsPackage_DiscoveryBoard - Kopie\Workspace\rodos\Debug_STM32F4\librodos.a(yprintf.o)
                              C:\WindowsPackage_DiscoveryBoard - Kopie\Workspace\rodos\Debug_STM32F4\librodos.a(debug.o) (RODOS::Yprintf::vaprintf(char const*))
C:\WindowsPackage_DiscoveryBoard - Kopie\Workspace\rodos\Debug_STM32F4\librodos.a(call_constructors.o)
                              ./hardware/imu.o (__dso_handle)
C:\WindowsPackage_DiscoveryBoard - Kopie\Workspace\rodos\Debug_STM32F4\librodos.a(startup_stm32f4xx.o)
                              (Reset_Handler)
C:\WindowsPackage_DiscoveryBoard - Kopie\Workspace\rodos\Debug_STM32F4\librodos.a(hw_specific.o)
                              C:\WindowsPackage_DiscoveryBoard - Kopie\Workspace\rodos\Debug_STM32F4\librodos.a(listelement.o) (RODOS::taskRunning)
C:\WindowsPackage_DiscoveryBoard - Kopie\Workspace\rodos\Debug_STM32F4\librodos.a(hw_timer.o)
                              C:\WindowsPackage_DiscoveryBoard - Kopie\Workspace\rodos\Debug_STM32F4\librodos.a(hw_specific.o) (RODOS::TIMx_init())
C:\WindowsPackage_DiscoveryBoard - Kopie\Workspace\rodos\Debug_STM32F4\librodos.a(stm32xxx_it.o)
                              C:\WindowsPackage_DiscoveryBoard - Kopie\Workspace\rodos\Debug_STM32F4\librodos.a(startup_stm32f4xx.o) (WWDG_IRQHandlerFunc)
C:\WindowsPackage_DiscoveryBoard - Kopie\Workspace\rodos\Debug_STM32F4\librodos.a(syscalls.o)
                              C:\WindowsPackage_DiscoveryBoard - Kopie\Workspace\rodos\Debug_STM32F4\librodos.a(debug.o) (putchar)
C:\WindowsPackage_DiscoveryBoard - Kopie\Workspace\rodos\Debug_STM32F4\librodos.a(system_stm32f4xx.o)
                              C:\WindowsPackage_DiscoveryBoard - Kopie\Workspace\rodos\Debug_STM32F4\librodos.a(hw_timer.o) (SystemCoreClock)
C:\WindowsPackage_DiscoveryBoard - Kopie\Workspace\rodos\Debug_STM32F4\librodos.a(scheduler.o)
                              C:\WindowsPackage_DiscoveryBoard - Kopie\Workspace\rodos\Debug_STM32F4\librodos.a(hw_timer.o) (RODOS::isSchedulingEnabled)
C:\WindowsPackage_DiscoveryBoard - Kopie\Workspace\rodos\Debug_STM32F4\librodos.a(semaphore.o)
                              C:\WindowsPackage_DiscoveryBoard - Kopie\Workspace\rodos\Debug_STM32F4\librodos.a(debug.o) (RODOS::Semaphore::Semaphore())
C:\WindowsPackage_DiscoveryBoard - Kopie\Workspace\rodos\Debug_STM32F4\librodos.a(thread_on_hw.o)
                              ./hardware/imu.o (RODOS::Thread::Thread(char const*, long, long))
C:\WindowsPackage_DiscoveryBoard - Kopie\Workspace\rodos\Debug_STM32F4\librodos.a(00globalobjects.o)
                              C:\WindowsPackage_DiscoveryBoard - Kopie\Workspace\rodos\Debug_STM32F4\librodos.a(scheduler.o) (RODOS::Thread::currentThread)
C:\WindowsPackage_DiscoveryBoard - Kopie\Workspace\rodos\Debug_STM32F4\librodos.a(application.o)
                              C:\WindowsPackage_DiscoveryBoard - Kopie\Workspace\rodos\Debug_STM32F4\librodos.a(topic.o) (RODOS::Application::Application(char const*, long))
C:\WindowsPackage_DiscoveryBoard - Kopie\Workspace\rodos\Debug_STM32F4\librodos.a(checksumes.o)
                              C:\WindowsPackage_DiscoveryBoard - Kopie\Workspace\rodos\Debug_STM32F4\librodos.a(topic.o) (RODOS::hash(char const*))
C:\WindowsPackage_DiscoveryBoard - Kopie\Workspace\rodos\Debug_STM32F4\librodos.a(genericIO.o)
                              C:\WindowsPackage_DiscoveryBoard - Kopie\Workspace\rodos\Debug_STM32F4\librodos.a(syscalls.o) (RODOS::GenericIOInterface::suspendUntilWriteFinished(long long))
C:\WindowsPackage_DiscoveryBoard - Kopie\Workspace\rodos\Debug_STM32F4\librodos.a(globaldata.o)
                              C:\WindowsPackage_DiscoveryBoard - Kopie\Workspace\rodos\Debug_STM32F4\librodos.a(hw_specific.o) (RODOS::myNodeNr)
[...]
Memory Configuration

Name             Origin             Length             Attributes
FLASH            0x08000000         0x00100000         xr
RAM              0x20000000         0x00020000         xrw
CCMRAM           0x10000000         0x00010000         xrw
MEMORY_B1        0x60000000         0x00000000         xr
*default*        0x00000000         0xffffffff

Linker script and memory map

LOAD ./hardware/imu.o
LOAD C:\WindowsPackage_DiscoveryBoard - Kopie\Workspace\rodos\Debug_STM32F4\librodos.a
LOAD C:\WindowsPackage_DiscoveryBoard - Kopie\Workspace\support_libs\Debug_STM32F4\libsupport.a
LOAD c:/windowspackage_discoveryboard - kopie/gnu tools arm embedded/bin/../lib/gcc/arm-none-eabi/8.3.1/../../../../arm-none-eabi/lib/thumb/v7e-m+fp/softfp\libm.a
                0x20020000                _estack = 0x20020000
                0x00001000                _Min_Heap_Size = 0x1000
                0x00000400                _Min_Stack_Size = 0x400

.isr_vector     0x08000000      0x18c
                0x08000000                . = ALIGN (0x4)
                0x08000000                _image_address = .
 *(.isr_vector)
 .isr_vector    0x08000000      0x18c C:\WindowsPackage_DiscoveryBoard - Kopie\Workspace\rodos\Debug_STM32F4\librodos.a(startup_stm32f4xx.o)
                0x08000000                g_pfnVectors
                0x0800018c                . = ALIGN (0x4)

.text           0x08000190     0x7a68
                0x08000190                . = ALIGN (0x4)
 *(.text)
 .text          0x08000190      0x378 c:/windowspackage_discoveryboard - kopie/gnu tools arm embedded/bin/../lib/gcc/arm-none-eabi/8.3.1/thumb/v7e-m+fp/softfp\libgcc.a(_arm_addsubdf3.o)
                0x08000190                __aeabi_drsub
                0x08000198                __aeabi_dsub
                0x08000198                __subdf3
                0x0800019c                __aeabi_dadd
                0x0800019c                __adddf3
                0x08000414                __floatunsidf
                0x08000414                __aeabi_ui2d
                0x08000434                __floatsidf
                0x08000434                __aeabi_i2d
                0x08000458                __aeabi_f2d
                0x08000458                __extendsfdf2
                0x0800049c                __floatundidf
                0x0800049c                __aeabi_ul2d
                0x080004ac                __floatdidf
                0x080004ac                __aeabi_l2d
 .text          0x08000508      0x424 c:/windowspackage_discoveryboard - kopie/gnu tools arm embedded/bin/../lib/gcc/arm-none-eabi/8.3.1/thumb/v7e-m+fp/softfp\libgcc.a(_arm_muldivdf3.o)
                0x08000508                __aeabi_dmul
                0x08000508                __muldf3
                0x0800075c                __divdf3
                0x0800075c                __aeabi_ddiv
 .text          0x0800092c      0x110 c:/windowspackage_discoveryboard - kopie/gnu tools arm embedded/bin/../lib/gcc/arm-none-eabi/8.3.1/thumb/v7e-m+fp/softfp\libgcc.a(_arm_cmpdf2.o)
                0x0800092c                __gtdf2
                0x0800092c                __gedf2
                0x08000934                __ltdf2
                0x08000934                __ledf2
                0x0800093c                __nedf2
                0x0800093c                __eqdf2
                0x0800093c                __cmpdf2
                0x080009b8                __aeabi_cdrcmple
                0x080009c8                __aeabi_cdcmpeq
                0x080009c8                __aeabi_cdcmple
                0x080009d8                __aeabi_dcmpeq
                0x080009ec                __aeabi_dcmplt
                0x08000a00                __aeabi_dcmple
                0x08000a14                __aeabi_dcmpge
                0x08000a28                __aeabi_dcmpgt
 .text          0x08000a3c       0x40 c:/windowspackage_discoveryboard - kopie/gnu tools arm embedded/bin/../lib/gcc/arm-none-eabi/8.3.1/thumb/v7e-m+fp/softfp\libgcc.a(_arm_fixunsdfsi.o)
                0x08000a3c                __aeabi_d2uiz
                0x08000a3c                __fixunsdfsi
 .text          0x08000a7c       0xa0 c:/windowspackage_discoveryboard - kopie/gnu tools arm embedded/bin/../lib/gcc/arm-none-eabi/8.3.1/thumb/v7e-m+fp/softfp\libgcc.a(_aeabi_ldivmod.o)
                0x08000a7c                __aeabi_ldivmod
 .text          0x08000b1c       0x30 c:/windowspackage_discoveryboard - kopie/gnu tools arm embedded/bin/../lib/gcc/arm-none-eabi/8.3.1/thumb/v7e-m+fp/softfp\libgcc.a(_aeabi_uldivmod.o)
                0x08000b1c                __aeabi_uldivmod
 .text          0x08000b4c       0x30 c:/windowspackage_discoveryboard - kopie/gnu tools arm embedded/bin/../lib/gcc/arm-none-eabi/8.3.1/thumb/v7e-m+fp/softfp\libgcc.a(_fixdfdi.o)
                0x08000b4c                __fixdfdi
                0x08000b4c                __aeabi_d2lz
 .text          0x08000b7c       0x3c c:/windowspackage_discoveryboard - kopie/gnu tools arm embedded/bin/../lib/gcc/arm-none-eabi/8.3.1/thumb/v7e-m+fp/softfp\libgcc.a(_fixunsdfdi.o)
                0x08000b7c                __fixunsdfdi
                0x08000b7c                __aeabi_d2ulz
 .text          0x08000bb8      0x2d0 c:/windowspackage_discoveryboard - kopie/gnu tools arm embedded/bin/../lib/gcc/arm-none-eabi/8.3.1/thumb/v7e-m+fp/softfp\libgcc.a(_udivmoddi4.o)
                0x08000bb8                __udivmoddi4
 .text          0x08000e88        0x4 c:/windowspackage_discoveryboard - kopie/gnu tools arm embedded/bin/../lib/gcc/arm-none-eabi/8.3.1/thumb/v7e-m+fp/softfp\libgcc.a(_dvmd_tls.o)
                0x08000e88                __aeabi_idiv0
                0x08000e88                __aeabi_ldiv0
 *(.text*)
 .text._ZN5RODOS14TopicInterfaceD2Ev
                0x08000e8c       0x30 ./hardware/imu.o
                0x08000e8c                RODOS::TopicInterface::~TopicInterface()
                0x08000e8c                RODOS::TopicInterface::~TopicInterface()
 .text._ZN5RODOS14TopicInterfaceD0Ev
                0x08000ebc       0x20 ./hardware/imu.o
                0x08000ebc                RODOS::TopicInterface::~TopicInterface()
 .text._ZN3IMU4initEv
                0x08000edc       0x14 ./hardware/imu.o
                0x08000edc                IMU::init()
 .text._ZN3IMU3runEv
                0x08000ef0       0x3c ./hardware/imu.o
                0x08000ef0                IMU::run()
 .text._ZN3IMUC2Ev
                0x08000f2c       0x30 ./hardware/imu.o
                0x08000f2c                IMU::IMU()
                0x08000f2c                IMU::IMU()
 .text._ZN5RODOS5TopicI15TimestampedDataI7IMUDataEEC2ElPKc
                0x08000f5c       0x2c ./hardware/imu.o
                0x08000f5c                RODOS::Topic<TimestampedData<IMUData> >::Topic(long, char const*)
                0x08000f5c                RODOS::Topic<TimestampedData<IMUData> >::Topic(long, char const*)
 .text._ZN3IMUD2Ev
                0x08000f88       0x24 ./hardware/imu.o
                0x08000f88                IMU::~IMU()
                0x08000f88                IMU::~IMU()
 .text._ZN3IMUD0Ev
                0x08000fac       0x20 ./hardware/imu.o
                0x08000fac                IMU::~IMU()
 .text._Z41__static_initialization_and_destruction_0ii
                0x08000fcc       0x60 ./hardware/imu.o
 .text._ZN5RODOS5TopicI15TimestampedDataI7IMUDataEED2Ev
                0x0800102c       0x30 ./hardware/imu.o
                0x0800102c                RODOS::Topic<TimestampedData<IMUData> >::~Topic()
                0x0800102c                RODOS::Topic<TimestampedData<IMUData> >::~Topic()
 .text._ZN5RODOS5TopicI15TimestampedDataI7IMUDataEED0Ev
                0x0800105c       0x20 ./hardware/imu.o
                0x0800105c                RODOS::Topic<TimestampedData<IMUData> >::~Topic()
 .text._GLOBAL__sub_I_imuDataTopic
                0x0800107c       0x10 ./hardware/imu.o
 .text._ZN5RODOS7YprintfD2Ev
                0x0800108c       0x20 C:\WindowsPackage_DiscoveryBoard - Kopie\Workspace\rodos\Debug_STM32F4\librodos.a(debug.o)
                0x0800108c                RODOS::Yprintf::~Yprintf()
                0x0800108c                RODOS::Yprintf::~Yprintf()
 .text._ZN5RODOS7YprintfD0Ev
                0x080010ac       0x20 C:\WindowsPackage_DiscoveryBoard - Kopie\Workspace\rodos\Debug_STM32F4\librodos.a(debug.o)
                0x080010ac                RODOS::Yprintf::~Yprintf()
 .text._ZN5RODOS7Yprintf5yputcEc
                0x080010cc       0x1e C:\WindowsPackage_DiscoveryBoard - Kopie\Workspace\rodos\Debug_STM32F4\librodos.a(debug.o)
                0x080010cc                RODOS::Yprintf::yputc(char)
 *fill*         0x080010ea        0x2 
 .text._ZN5RODOS7YprintfC2Ev
                0x080010ec       0x20 C:\WindowsPackage_DiscoveryBoard - Kopie\Workspace\rodos\Debug_STM32F4\librodos.a(debug.o)
                0x080010ec                RODOS::Yprintf::Yprintf()
                0x080010ec                RODOS::Yprintf::Yprintf()
 .text._ZN5RODOS6PRINTFEPKcz
                0x0800110c       0x90 C:\WindowsPackage_DiscoveryBoard - Kopie\Workspace\rodos\Debug_STM32F4\librodos.a(debug.o)
                0x0800110c                RODOS::PRINTF(char const*, ...)
 .text._ZN5RODOS5ERROREPKc
                0x0800119c       0x34 C:\WindowsPackage_DiscoveryBoard - Kopie\Workspace\rodos\Debug_STM32F4\librodos.a(debug.o)
                0x0800119c                RODOS::ERROR(char const*)
 .text._Z41__static_initialization_and_destruction_0ii
                0x080011d0       0x2c C:\WindowsPackage_DiscoveryBoard - Kopie\Workspace\rodos\Debug_STM32F4\librodos.a(debug.o)
 .text._GLOBAL__sub_I__ZN5RODOS12errorCounterE
                0x080011fc       0x10 C:\WindowsPackage_DiscoveryBoard - Kopie\Workspace\rodos\Debug_STM32F4\librodos.a(debug.o)
 .text._ZN5RODOS11ListElementC2ERPS0_PKcPv
                0x0800120c       0x40 C:\WindowsPackage_DiscoveryBoard - Kopie\Workspace\rodos\Debug_STM32F4\librodos.a(listelement.o)
                0x0800120c                RODOS::ListElement::ListElement(RODOS::ListElement*&, char const*, void*)
                0x0800120c                RODOS::ListElement::ListElement(RODOS::ListElement*&, char const*, void*)
 .text._ZN5RODOS11ListElement6appendERPS0_
                0x0800124c       0x50 C:\WindowsPackage_DiscoveryBoard - Kopie\Workspace\rodos\Debug_STM32F4\librodos.a(listelement.o)
                0x0800124c                RODOS::ListElement::append(RODOS::ListElement*&)
 .text._ZN5RODOS11ListElementD2Ev
                0x0800129c       0x1c C:\WindowsPackage_DiscoveryBoard - Kopie\Workspace\rodos\Debug_STM32F4\librodos.a(listelement.o)
                0x0800129c                RODOS::ListElement::~ListElement()
                0x0800129c                RODOS::ListElement::~ListElement()
 .text._ZN5RODOS6strlenEPKc
                0x080012b8       0x3c C:\WindowsPackage_DiscoveryBoard - Kopie\Workspace\rodos\Debug_STM32F4\librodos.a(string_pico.o)
                0x080012b8                RODOS::strlen(char const*)
 .text._ZdlPv   0x080012f4       0x14 C:\WindowsPackage_DiscoveryBoard - Kopie\Workspace\rodos\Debug_STM32F4\librodos.a(string_pico.o)
                0x080012f4                operator delete(void*)
 .text._ZdlPvj  0x08001308       0x18 C:\WindowsPackage_DiscoveryBoard - Kopie\Workspace\rodos\Debug_STM32F4\librodos.a(string_pico.o)
                0x08001308                operator delete(void*, unsigned int)
 .text._ZN5RODOS9TimeModelC2Ev
                0x08001320       0x44 C:\WindowsPackage_DiscoveryBoard - Kopie\Workspace\rodos\Debug_STM32F4\librodos.a(timemodel.o)
                0x08001320                RODOS::TimeModel::TimeModel()
                0x08001320                RODOS::TimeModel::TimeModel()
 .text._ZN5RODOS9TimeModel14getNanosecondsEv
                0x08001364       0x12 C:\WindowsPackage_DiscoveryBoard - Kopie\Workspace\rodos\Debug_STM32F4\librodos.a(timemodel.o)
                0x08001364                RODOS::TimeModel::getNanoseconds()
 .text._ZN5RODOS9TimeModel15computeNextBeatExxx
                0x08001376       0x92 C:\WindowsPackage_DiscoveryBoard - Kopie\Workspace\rodos\Debug_STM32F4\librodos.a(timemodel.o)
                0x08001376                RODOS::TimeModel::computeNextBeat(long long, long long, long long)
 .text._Z41__static_initialization_and_destruction_0ii
                0x08001408       0x2c C:\WindowsPackage_DiscoveryBoard - Kopie\Workspace\rodos\Debug_STM32F4\librodos.a(timemodel.o)
 .text._GLOBAL__sub_I__ZN5RODOS7sysTimeE
                0x08001434       0x10 C:\WindowsPackage_DiscoveryBoard - Kopie\Workspace\rodos\Debug_STM32F4\librodos.a(timemodel.o)
 .text._ZNK5RODOS11ListElement7getNextEv
                0x08001444       0x18 C:\WindowsPackage_DiscoveryBoard - Kopie\Workspace\rodos\Debug_STM32F4\librodos.a(topic.o)
                0x08001444                RODOS::ListElement::getNext() const
 .text._ZN5RODOS14TopicInterfaceC2EllPKc
                0x0800145c       0xdc C:\WindowsPackage_DiscoveryBoard - Kopie\Workspace\rodos\Debug_STM32F4\librodos.a(topic.o)
                0x0800145c                RODOS::TopicInterface::TopicInterface(long, long, char const*)
                0x0800145c                RODOS::TopicInterface::TopicInterface(long, long, char const*)
 .text._ZN5RODOS5TopicINS_13GenericMsgRefEED2Ev
                0x08001538       0x30 C:\WindowsPackage_DiscoveryBoard - Kopie\Workspace\rodos\Debug_STM32F4\librodos.a(topic.o)
                0x08001538                RODOS::Topic<RODOS::GenericMsgRef>::~Topic()
                0x08001538                RODOS::Topic<RODOS::GenericMsgRef>::~Topic()
 .text._ZN5RODOS5TopicINS_13GenericMsgRefEED0Ev
                0x08001568       0x20 C:\WindowsPackage_DiscoveryBoard - Kopie\Workspace\rodos\Debug_STM32F4\librodos.a(topic.o)
                0x08001568                RODOS::Topic<RODOS::GenericMsgRef>::~Topic()
 .text._ZN5RODOS5TopicINS_13GenericMsgRefEEC2ElPKc
                0x08001588       0x2c C:\WindowsPackage_DiscoveryBoard - Kopie\Workspace\rodos\Debug_STM32F4\librodos.a(topic.o)
                0x08001588                RODOS::Topic<RODOS::GenericMsgRef>::Topic(long, char const*)
                0x08001588                RODOS::Topic<RODOS::GenericMsgRef>::Topic(long, char const*)
 .text._ZN5RODOS5TopicINS_14NetworkMessageEEC2ElPKc
                0x080015b4       0x30 C:\WindowsPackage_DiscoveryBoard - Kopie\Workspace\rodos\Debug_STM32F4\librodos.a(topic.o)
                0x080015b4                RODOS::Topic<RODOS::NetworkMessage>::Topic(long, char const*)
                0x080015b4                RODOS::Topic<RODOS::NetworkMessage>::Topic(long, char const*)
 .text._ZN5RODOS5TopicIPvEC2ElPKc
                0x080015e4       0x2c C:\WindowsPackage_DiscoveryBoard - Kopie\Workspace\rodos\Debug_STM32F4\librodos.a(topic.o)
                0x080015e4                RODOS::Topic<void*>::Topic(long, char const*)
                0x080015e4                RODOS::Topic<void*>::Topic(long, char const*)
 .text._Z41__static_initialization_and_destruction_0ii
                0x08001610      0x104 C:\WindowsPackage_DiscoveryBoard - Kopie\Workspace\rodos\Debug_STM32F4\librodos.a(topic.o)
 .text._ZN5RODOS5TopicIPvED2Ev
                0x08001714       0x30 C:\WindowsPackage_DiscoveryBoard - Kopie\Workspace\rodos\Debug_STM32F4\librodos.a(topic.o)
                0x08001714                RODOS::Topic<void*>::~Topic()
                0x08001714                RODOS::Topic<void*>::~Topic()
 .text._ZN5RODOS5TopicIPvED0Ev
                0x08001744       0x20 C:\WindowsPackage_DiscoveryBoard - Kopie\Workspace\rodos\Debug_STM32F4\librodos.a(topic.o)
                0x08001744                RODOS::Topic<void*>::~Topic()
 .text._ZN5RODOS5TopicINS_14NetworkMessageEED2Ev
                0x08001764       0x30 C:\WindowsPackage_DiscoveryBoard - Kopie\Workspace\rodos\Debug_STM32F4\librodos.a(topic.o)
                0x08001764                RODOS::Topic<RODOS::NetworkMessage>::~Topic()
                0x08001764                RODOS::Topic<RODOS::NetworkMessage>::~Topic()
 .text._ZN5RODOS5TopicINS_14NetworkMessageEED0Ev
                0x08001794       0x20 C:\WindowsPackage_DiscoveryBoard - Kopie\Workspace\rodos\Debug_STM32F4\librodos.a(topic.o)
                0x08001794                RODOS::Topic<RODOS::NetworkMessage>::~Topic()
 .text._GLOBAL__sub_I__ZN5RODOS14TopicInterfaceC2EllPKc
                0x080017b4       0x10 C:\WindowsPackage_DiscoveryBoard - Kopie\Workspace\rodos\Debug_STM32F4\librodos.a(topic.o)
 .text._ZN5RODOS7Yprintf8vaprintfEPKc
                0x080017c4      0x4fc C:\WindowsPackage_DiscoveryBoard - Kopie\Workspace\rodos\Debug_STM32F4\librodos.a(yprintf.o)
                0x080017c4                RODOS::Yprintf::vaprintf(char const*)
 .text._ZN5RODOS7xprintfEPKcz
                0x08001cc0       0x44 C:\WindowsPackage_DiscoveryBoard - Kopie\Workspace\rodos\Debug_STM32F4\librodos.a(yprintf.o)
                0x08001cc0                RODOS::xprintf(char const*, ...)
 .text.call_constructors
                0x08001d04       0x44 C:\WindowsPackage_DiscoveryBoard - Kopie\Workspace\rodos\Debug_STM32F4\librodos.a(call_constructors.o)
                0x08001d04                call_constructors
 .text.__cxa_atexit
                0x08001d48       0x1a C:\WindowsPackage_DiscoveryBoard - Kopie\Workspace\rodos\Debug_STM32F4\librodos.a(call_constructors.o)
                0x08001d48                __cxa_atexit
 .text.__cxa_pure_virtual
                0x08001d62        0x6 C:\WindowsPackage_DiscoveryBoard - Kopie\Workspace\rodos\Debug_STM32F4\librodos.a(call_constructors.o)
                0x08001d62                __cxa_pure_virtual
 .text.Reset_Handler
                0x08001d68       0x60 C:\WindowsPackage_DiscoveryBoard - Kopie\Workspace\rodos\Debug_STM32F4\librodos.a(startup_stm32f4xx.o)
                0x08001d68                Reset_Handler
 .text.Default_Handler
                0x08001dc8        0x6 C:\WindowsPackage_DiscoveryBoard - Kopie\Workspace\rodos\Debug_STM32F4\librodos.a(startup_stm32f4xx.o)
                0x08001dc8                RTC_Alarm_IRQHandler
                0x08001dc8                HASH_RNG_IRQHandler
                0x08001dc8                TIM8_CC_IRQHandler
                0x08001dc8                DebugMon_Handler
                0x08001dc8                TIM1_CC_IRQHandler
                0x08001dc8                PVD_IRQHandler
                0x08001dc8                SDIO_IRQHandler
                0x08001dc8                TAMP_STAMP_IRQHandler
                0x08001dc8                CAN2_RX1_IRQHandler
                0x08001dc8                TIM8_TRG_COM_TIM14_IRQHandler
                0x08001dc8                TIM1_UP_TIM10_IRQHandler
                0x08001dc8                TIM8_UP_TIM13_IRQHandler
                0x08001dc8                I2C3_ER_IRQHandler
                0x08001dc8                I2C2_EV_IRQHandler
                0x08001dc8                DMA1_Stream2_IRQHandler
                0x08001dc8                CAN1_RX0_IRQHandler
                0x08001dc8                FPU_IRQHandler
                0x08001dc8                OTG_HS_WKUP_IRQHandler
                0x08001dc8                CAN2_SCE_IRQHandler
                0x08001dc8                DMA2_Stream2_IRQHandler
                0x08001dc8                SPI1_IRQHandler
                0x08001dc8                TIM6_DAC_IRQHandler
                0x08001dc8                TIM1_BRK_TIM9_IRQHandler
                0x08001dc8                DCMI_IRQHandler
                0x08001dc8                CAN2_RX0_IRQHandler
                0x08001dc8                DMA2_Stream3_IRQHandler
                0x08001dc8                CRYP_IRQHandler
                0x08001dc8                CAN1_RX1_IRQHandler
                0x08001dc8                DMA2_Stream0_IRQHandler
                0x08001dc8                TIM4_IRQHandler
                0x08001dc8                I2C1_EV_IRQHandler
                0x08001dc8                TIM3_IRQHandler
                0x08001dc8                RCC_IRQHandler
                0x08001dc8                TIM8_BRK_TIM12_IRQHandler
                0x08001dc8                Default_Handler
                0x08001dc8                ADC_IRQHandler
                0x08001dc8                DMA1_Stream7_IRQHandler
                0x08001dc8                TIM7_IRQHandler
                0x08001dc8                CAN2_TX_IRQHandler
                0x08001dc8                I2C3_EV_IRQHandler
                0x08001dc8                RTC_WKUP_IRQHandler
                0x08001dc8                ETH_WKUP_IRQHandler
                0x08001dc8                SPI2_IRQHandler
                0x08001dc8                OTG_HS_EP1_IN_IRQHandler
                0x08001dc8                DMA1_Stream0_IRQHandler
                0x08001dc8                CAN1_TX_IRQHandler
                0x08001dc8                FSMC_IRQHandler
                0x08001dc8                ETH_IRQHandler
                0x08001dc8                OTG_HS_EP1_OUT_IRQHandler
                0x08001dc8                WWDG_IRQHandler
                0x08001dc8                TIM2_IRQHandler
                0x08001dc8                OTG_FS_WKUP_IRQHandler
                0x08001dc8                OTG_HS_IRQHandler
                0x08001dc8                I2C2_ER_IRQHandler
                0x08001dc8                DMA2_Stream1_IRQHandler
                0x08001dc8                CAN1_SCE_IRQHandler
                0x08001dc8                FLASH_IRQHandler
                0x08001dc8                DMA2_Stream4_IRQHandler
                0x08001dc8                OTG_FS_IRQHandler
                0x08001dc8                SPI3_IRQHandler
                0x08001dc8                DMA1_Stream4_IRQHandler
                0x08001dc8                I2C1_ER_IRQHandler
                0x08001dc8                DMA2_Stream6_IRQHandler
 *fill*         0x08001dce        0x2 
 .text.NVIC_SetPriority
                0x08001dd0       0x5c C:\WindowsPackage_DiscoveryBoard - Kopie\Workspace\rodos\Debug_STM32F4\librodos.a(hw_specific.o)
 .text._ZN5RODOS6hwInitEv
                0x08001e2c       0x84 C:\WindowsPackage_DiscoveryBoard - Kopie\Workspace\rodos\Debug_STM32F4\librodos.a(hw_specific.o)
                0x08001e2c                RODOS::hwInit()
 .text._ZN5RODOS19hwDisableInterruptsEv
                0x08001eb0       0x10 C:\WindowsPackage_DiscoveryBoard - Kopie\Workspace\rodos\Debug_STM32F4\librodos.a(hw_specific.o)
                0x08001eb0                RODOS::hwDisableInterrupts()
 .text._ZN5RODOS18hwEnableInterruptsEv
                0x08001ec0       0x10 C:\WindowsPackage_DiscoveryBoard - Kopie\Workspace\rodos\Debug_STM32F4\librodos.a(hw_specific.o)
                0x08001ec0                RODOS::hwEnableInterrupts()
 .text._ZN5RODOS13hwInitContextEPlPv
                0x08001ed0       0x64 C:\WindowsPackage_DiscoveryBoard - Kopie\Workspace\rodos\Debug_STM32F4\librodos.a(hw_specific.o)
                0x08001ed0                RODOS::hwInitContext(long*, void*)
 .text._ZN5RODOS15startIdleThreadEv
                0x08001f34       0x18 C:\WindowsPackage_DiscoveryBoard - Kopie\Workspace\rodos\Debug_STM32F4\librodos.a(hw_specific.o)
                0x08001f34                RODOS::startIdleThread()
 .text.SVC_Handler
                0x08001f4c       0x18 C:\WindowsPackage_DiscoveryBoard - Kopie\Workspace\rodos\Debug_STM32F4\librodos.a(hw_specific.o)
                0x08001f4c                SVC_Handler
 .text.PendSV_Handler
                0x08001f64       0x3c C:\WindowsPackage_DiscoveryBoard - Kopie\Workspace\rodos\Debug_STM32F4\librodos.a(hw_specific.o)
                0x08001f64                PendSV_Handler
 .text.__asmSwitchToContext
                0x08001fa0       0x20 C:\WindowsPackage_DiscoveryBoard - Kopie\Workspace\rodos\Debug_STM32F4\librodos.a(hw_specific.o)
                0x08001fa0                __asmSwitchToContext
 .text.__asmSaveContextAndCallScheduler
                0x08001fc0       0x20 C:\WindowsPackage_DiscoveryBoard - Kopie\Workspace\rodos\Debug_STM32F4\librodos.a(hw_specific.o)
                0x08001fc0                __asmSaveContextAndCallScheduler
 .text.TIM5_ISR4LSI
                0x08001fe0       0x7c C:\WindowsPackage_DiscoveryBoard - Kopie\Workspace\rodos\Debug_STM32F4\librodos.a(hw_specific.o)
                0x08001fe0                TIM5_ISR4LSI
 .text.TIM5_ISR_USER
                0x0800205c        0xe C:\WindowsPackage_DiscoveryBoard - Kopie\Workspace\rodos\Debug_STM32F4\librodos.a(hw_specific.o)
                0x0800205c                TIM5_ISR_USER
 *fill*         0x0800206a        0x2 
 .text.TIM5_IRQHandler
                0x0800206c       0x20 C:\WindowsPackage_DiscoveryBoard - Kopie\Workspace\rodos\Debug_STM32F4\librodos.a(hw_specific.o)
                0x0800206c                TIM5_IRQHandler
 .text._ZN5RODOSL15GetLSIFrequencyEv
                0x0800208c      0x124 C:\WindowsPackage_DiscoveryBoard - Kopie\Workspace\rodos\Debug_STM32F4\librodos.a(hw_specific.o)
 .text._Z41__static_initialization_and_destruction_0ii
                0x080021b0       0x40 C:\WindowsPackage_DiscoveryBoard - Kopie\Workspace\rodos\Debug_STM32F4\librodos.a(hw_specific.o)
 .text._GLOBAL__sub_I_contextT
                0x080021f0       0x10 C:\WindowsPackage_DiscoveryBoard - Kopie\Workspace\rodos\Debug_STM32F4\librodos.a(hw_specific.o)
 .text.NVIC_EnableIRQ
                0x08002200       0x34 C:\WindowsPackage_DiscoveryBoard - Kopie\Workspace\rodos\Debug_STM32F4\librodos.a(hw_timer.o)
 .text.NVIC_ClearPendingIRQ
                0x08002234       0x38 C:\WindowsPackage_DiscoveryBoard - Kopie\Workspace\rodos\Debug_STM32F4\librodos.a(hw_timer.o)
 .text.NVIC_SetPriority
                0x0800226c       0x5c C:\WindowsPackage_DiscoveryBoard - Kopie\Workspace\rodos\Debug_STM32F4\librodos.a(hw_timer.o)
 .text.SysTick_Handler
                0x080022c8       0x6c C:\WindowsPackage_DiscoveryBoard - Kopie\Workspace\rodos\Debug_STM32F4\librodos.a(hw_timer.o)
                0x080022c8                SysTick_Handler
 .text.SysTick_Config_New
                0x08002334       0x40 C:\WindowsPackage_DiscoveryBoard - Kopie\Workspace\rodos\Debug_STM32F4\librodos.a(hw_timer.o)
 .text.SysTick_Enable
                0x08002374       0x1c C:\WindowsPackage_DiscoveryBoard - Kopie\Workspace\rodos\Debug_STM32F4\librodos.a(hw_timer.o)
 .text.SysTick_Disable
                0x08002390       0x1c C:\WindowsPackage_DiscoveryBoard - Kopie\Workspace\rodos\Debug_STM32F4\librodos.a(hw_timer.o)
 .text._ZN5RODOS5Timer4initEv
                0x080023ac       0x4c C:\WindowsPackage_DiscoveryBoard - Kopie\Workspace\rodos\Debug_STM32F4\librodos.a(hw_timer.o)
                0x080023ac                RODOS::Timer::init()
 .text._ZN5RODOS5Timer5startEv
                0x080023f8       0x50 C:\WindowsPackage_DiscoveryBoard - Kopie\Workspace\rodos\Debug_STM32F4\librodos.a(hw_timer.o)
                0x080023f8                RODOS::Timer::start()
 .text._ZN5RODOS5Timer4stopEv
                0x08002448        0xc C:\WindowsPackage_DiscoveryBoard - Kopie\Workspace\rodos\Debug_STM32F4\librodos.a(hw_timer.o)
                0x08002448                RODOS::Timer::stop()
 .text._ZN5RODOS5Timer11setIntervalEx
                0x08002454       0x24 C:\WindowsPackage_DiscoveryBoard - Kopie\Workspace\rodos\Debug_STM32F4\librodos.a(hw_timer.o)
                0x08002454                RODOS::Timer::setInterval(long long)
 .text.TIM1_TRG_COM_TIM11_IRQHandler
                0x08002478       0x3c C:\WindowsPackage_DiscoveryBoard - Kopie\Workspace\rodos\Debug_STM32F4\librodos.a(hw_timer.o)
                0x08002478                TIM1_TRG_COM_TIM11_IRQHandler
 .text._ZN5RODOS9TIMx_initEv
                0x080024b4       0xb4 C:\WindowsPackage_DiscoveryBoard - Kopie\Workspace\rodos\Debug_STM32F4\librodos.a(hw_timer.o)
                0x080024b4                RODOS::TIMx_init()
 .text._ZN5RODOS16hwGetNanosecondsEv
                0x08002568       0xc4 C:\WindowsPackage_DiscoveryBoard - Kopie\Workspace\rodos\Debug_STM32F4\librodos.a(hw_timer.o)
                0x08002568                RODOS::hwGetNanoseconds()
 .text._ZN5RODOS10hwInitTimeEv
                0x0800262c       0x20 C:\WindowsPackage_DiscoveryBoard - Kopie\Workspace\rodos\Debug_STM32F4\librodos.a(hw_timer.o)
                0x0800262c                RODOS::hwInitTime()
 .text.NMI_Handler
                0x0800264c        0x6 C:\WindowsPackage_DiscoveryBoard - Kopie\Workspace\rodos\Debug_STM32F4\librodos.a(stm32xxx_it.o)
                0x0800264c                NMI_Handler
 .text.HardFault_Handler
                0x08002652       0x1e C:\WindowsPackage_DiscoveryBoard - Kopie\Workspace\rodos\Debug_STM32F4\librodos.a(stm32xxx_it.o)
                0x08002652                HardFault_Handler
 .text.MemManage_Handler
                0x08002670        0x6 C:\WindowsPackage_DiscoveryBoard - Kopie\Workspace\rodos\Debug_STM32F4\librodos.a(stm32xxx_it.o)
                0x08002670                MemManage_Handler
 .text.BusFault_Handler
                0x08002676        0x6 C:\WindowsPackage_DiscoveryBoard - Kopie\Workspace\rodos\Debug_STM32F4\librodos.a(stm32xxx_it.o)
                0x08002676                BusFault_Handler
 .text.UsageFault_Handler
                0x0800267c        0x6 C:\WindowsPackage_DiscoveryBoard - Kopie\Workspace\rodos\Debug_STM32F4\librodos.a(stm32xxx_it.o)
                0x0800267c                UsageFault_Handler
 .text.WWDG_IRQHandlerFunc
                0x08002682        0x6 C:\WindowsPackage_DiscoveryBoard - Kopie\Workspace\rodos\Debug_STM32F4\librodos.a(stm32xxx_it.o)
                0x08002682                WWDG_IRQHandlerFunc
 .text.putchar  0x08002688       0x78 C:\WindowsPackage_DiscoveryBoard - Kopie\Workspace\rodos\Debug_STM32F4\librodos.a(syscalls.o)
                0x08002688                putchar
 .text._ZN5RODOS18sp_partition_yieldEv
                0x08002700        0xe C:\WindowsPackage_DiscoveryBoard - Kopie\Workspace\rodos\Debug_STM32F4\librodos.a(syscalls.o)
                0x08002700                RODOS::sp_partition_yield()
 .text._ZN5RODOS6FFLUSHEv
                0x0800270e        0xe C:\WindowsPackage_DiscoveryBoard - Kopie\Workspace\rodos\Debug_STM32F4\librodos.a(syscalls.o)
                0x0800270e                RODOS::FFLUSH()
 .text.SystemInit
                0x0800271c       0x7c C:\WindowsPackage_DiscoveryBoard - Kopie\Workspace\rodos\Debug_STM32F4\librodos.a(system_stm32f4xx.o)
                0x0800271c                SystemInit
 .text.SystemCoreClockUpdate
                0x08002798       0xfc C:\WindowsPackage_DiscoveryBoard - Kopie\Workspace\rodos\Debug_STM32F4\librodos.a(system_stm32f4xx.o)
                0x08002798                SystemCoreClockUpdate
 .text.SetSysClock
                0x08002894      0x1c8 C:\WindowsPackage_DiscoveryBoard - Kopie\Workspace\rodos\Debug_STM32F4\librodos.a(system_stm32f4xx.o)
 .text.schedulerWrapper
                0x08002a5c       0x20 C:\WindowsPackage_DiscoveryBoard - Kopie\Workspace\rodos\Debug_STM32F4\librodos.a(scheduler.o)
                0x08002a5c                schedulerWrapper
 .text._ZN5RODOS9Scheduler4idleEv
                0x08002a7c       0x40 C:\WindowsPackage_DiscoveryBoard - Kopie\Workspace\rodos\Debug_STM32F4\librodos.a(scheduler.o)
                0x08002a7c                RODOS::Scheduler::idle()
 .text._ZN5RODOS9Scheduler8scheduleEv
                0x08002abc       0x84 C:\WindowsPackage_DiscoveryBoard - Kopie\Workspace\rodos\Debug_STM32F4\librodos.a(scheduler.o)
                0x08002abc                RODOS::Scheduler::schedule()
 .text._ZN5RODOS9Scheduler18isSchedulerRunningEv
                0x08002b40       0x20 C:\WindowsPackage_DiscoveryBoard - Kopie\Workspace\rodos\Debug_STM32F4\librodos.a(scheduler.o)
                0x08002b40                RODOS::Scheduler::isSchedulerRunning()
 .text._Z41__static_initialization_and_destruction_0ii
                0x08002b60       0x38 C:\WindowsPackage_DiscoveryBoard - Kopie\Workspace\rodos\Debug_STM32F4\librodos.a(scheduler.o)
 .text._GLOBAL__sub_I___schedulerStack__
                0x08002b98       0x10 C:\WindowsPackage_DiscoveryBoard - Kopie\Workspace\rodos\Debug_STM32F4\librodos.a(scheduler.o)
 .text._ZN5RODOS9SemaphoreC2Ev
                0x08002ba8       0x2e C:\WindowsPackage_DiscoveryBoard - Kopie\Workspace\rodos\Debug_STM32F4\librodos.a(semaphore.o)
                0x08002ba8                RODOS::Semaphore::Semaphore()
                0x08002ba8                RODOS::Semaphore::Semaphore()
 .text._ZN5RODOS9Semaphore5enterEv
                0x08002bd6       0xbe C:\WindowsPackage_DiscoveryBoard - Kopie\Workspace\rodos\Debug_STM32F4\librodos.a(semaphore.o)
                0x08002bd6                RODOS::Semaphore::enter()
 .text._ZN5RODOS9Semaphore5leaveEv
                0x08002c94       0xa0 C:\WindowsPackage_DiscoveryBoard - Kopie\Workspace\rodos\Debug_STM32F4\librodos.a(semaphore.o)
                0x08002c94                RODOS::Semaphore::leave()
 .text._ZNK5RODOS11ListElement7getNameEv
                0x08002d34       0x18 C:\WindowsPackage_DiscoveryBoard - Kopie\Workspace\rodos\Debug_STM32F4\librodos.a(thread_on_hw.o)
                0x08002d34                RODOS::ListElement::getName() const
 .text._ZN5RODOS6Thread4initEv
                0x08002d4c       0x14 C:\WindowsPackage_DiscoveryBoard - Kopie\Workspace\rodos\Debug_STM32F4\librodos.a(thread_on_hw.o)
                0x08002d4c                RODOS::Thread::init()
 .text._ZN5RODOS6ThreadC2EPKcll
                0x08002d60       0xdc C:\WindowsPackage_DiscoveryBoard - Kopie\Workspace\rodos\Debug_STM32F4\librodos.a(thread_on_hw.o)
                0x08002d60                RODOS::Thread::Thread(char const*, long, long)
                0x08002d60                RODOS::Thread::Thread(char const*, long, long)
 .text._ZN5RODOS6ThreadD2Ev
                0x08002e3c       0x48 C:\WindowsPackage_DiscoveryBoard - Kopie\Workspace\rodos\Debug_STM32F4\librodos.a(thread_on_hw.o)
                0x08002e3c                RODOS::Thread::~Thread()
                0x08002e3c                RODOS::Thread::~Thread()
 .text._ZN5RODOS6Thread6createEv
                0x08002e84       0x14 C:\WindowsPackage_DiscoveryBoard - Kopie\Workspace\rodos\Debug_STM32F4\librodos.a(thread_on_hw.o)
                0x08002e84                RODOS::Thread::create()
 .text._ZN5RODOS6Thread5yieldEv
                0x08002e98       0x70 C:\WindowsPackage_DiscoveryBoard - Kopie\Workspace\rodos\Debug_STM32F4\librodos.a(thread_on_hw.o)
                0x08002e98                RODOS::Thread::yield()
 .text._ZN5RODOS6Thread8activateEv
                0x08002f08       0x50 C:\WindowsPackage_DiscoveryBoard - Kopie\Workspace\rodos\Debug_STM32F4\librodos.a(thread_on_hw.o)
                0x08002f08                RODOS::Thread::activate()
 .text._ZNK5RODOS6Thread11getPriorityEv
                0x08002f58       0x18 C:\WindowsPackage_DiscoveryBoard - Kopie\Workspace\rodos\Debug_STM32F4\librodos.a(thread_on_hw.o)
                0x08002f58                RODOS::Thread::getPriority() const
 .text._ZN5RODOS6Thread11setPriorityEl
                0x08002f70       0x1c C:\WindowsPackage_DiscoveryBoard - Kopie\Workspace\rodos\Debug_STM32F4\librodos.a(thread_on_hw.o)
                0x08002f70                RODOS::Thread::setPriority(long)
 .text._ZN5RODOS6Thread16getCurrentThreadEv
                0x08002f8c       0x18 C:\WindowsPackage_DiscoveryBoard - Kopie\Workspace\rodos\Debug_STM32F4\librodos.a(thread_on_hw.o)
                0x08002f8c                RODOS::Thread::getCurrentThread()
 .text._ZN5RODOS6Thread6resumeEv
                0x08002fa4       0x38 C:\WindowsPackage_DiscoveryBoard - Kopie\Workspace\rodos\Debug_STM32F4\librodos.a(thread_on_hw.o)
                0x08002fa4                RODOS::Thread::resume()
 .text._ZN5RODOS6Thread18suspendCallerUntilExPv
                0x08002fdc       0x74 C:\WindowsPackage_DiscoveryBoard - Kopie\Workspace\rodos\Debug_STM32F4\librodos.a(thread_on_hw.o)
                0x08002fdc                RODOS::Thread::suspendCallerUntil(long long, void*)
 .text._ZN5RODOS6Thread17initializeThreadsEv
                0x08003050       0xd0 C:\WindowsPackage_DiscoveryBoard - Kopie\Workspace\rodos\Debug_STM32F4\librodos.a(thread_on_hw.o)
                0x08003050                RODOS::Thread::initializeThreads()
 .text._ZN5RODOS20threadStartupWrapperEPNS_6ThreadE
                0x08003120       0x40 C:\WindowsPackage_DiscoveryBoard - Kopie\Workspace\rodos\Debug_STM32F4\librodos.a(thread_on_hw.o)
                0x08003120                RODOS::threadStartupWrapper(RODOS::Thread*)
 .text._ZN5RODOS10IdleThreadC2Ev
                0x08003160       0x30 C:\WindowsPackage_DiscoveryBoard - Kopie\Workspace\rodos\Debug_STM32F4\librodos.a(thread_on_hw.o)
                0x08003160                RODOS::IdleThread::IdleThread()
                0x08003160                RODOS::IdleThread::IdleThread()
 .text._ZN5RODOS10IdleThread3runEv
                0x08003190       0x34 C:\WindowsPackage_DiscoveryBoard - Kopie\Workspace\rodos\Debug_STM32F4\librodos.a(thread_on_hw.o)
                0x08003190                RODOS::IdleThread::run()
 .text._ZN5RODOS10IdleThread4initEv
                0x080031c4       0x1c C:\WindowsPackage_DiscoveryBoard - Kopie\Workspace\rodos\Debug_STM32F4\librodos.a(thread_on_hw.o)
                0x080031c4                RODOS::IdleThread::init()
 .text._ZN5RODOS6Thread13findNextToRunEx
                0x080031e0      0x1b0 C:\WindowsPackage_DiscoveryBoard - Kopie\Workspace\rodos\Debug_STM32F4\librodos.a(thread_on_hw.o)
                0x080031e0                RODOS::Thread::findNextToRun(long long)
 .text._ZN5RODOS6Thread18findNextWaitingForEPv
                0x08003390       0xcc C:\WindowsPackage_DiscoveryBoard - Kopie\Workspace\rodos\Debug_STM32F4\librodos.a(thread_on_hw.o)
                0x08003390                RODOS::Thread::findNextWaitingFor(void*)
 .text._ZN5RODOS10IdleThreadD2Ev
                0x0800345c       0x24 C:\WindowsPackage_DiscoveryBoard - Kopie\Workspace\rodos\Debug_STM32F4\librodos.a(thread_on_hw.o)
                0x0800345c                RODOS::IdleThread::~IdleThread()
                0x0800345c                RODOS::IdleThread::~IdleThread()
 .text._ZN5RODOS10IdleThreadD0Ev
                0x08003480       0x20 C:\WindowsPackage_DiscoveryBoard - Kopie\Workspace\rodos\Debug_STM32F4\librodos.a(thread_on_hw.o)
                0x08003480                RODOS::IdleThread::~IdleThread()
 .text._Z41__static_initialization_and_destruction_0ii
                0x080034a0       0x40 C:\WindowsPackage_DiscoveryBoard - Kopie\Workspace\rodos\Debug_STM32F4\librodos.a(thread_on_hw.o)
 .text._GLOBAL__sub_I__ZN5RODOS6ThreadC2EPKcll
                0x080034e0       0x10 C:\WindowsPackage_DiscoveryBoard - Kopie\Workspace\rodos\Debug_STM32F4\librodos.a(thread_on_hw.o)
 .text._ZN5RODOS11Application4initEv
                0x080034f0       0x14 C:\WindowsPackage_DiscoveryBoard - Kopie\Workspace\rodos\Debug_STM32F4\librodos.a(application.o)
                0x080034f0                RODOS::Application::init()
 .text._ZN5RODOS11ApplicationC2EPKcl
                0x08003504       0x40 C:\WindowsPackage_DiscoveryBoard - Kopie\Workspace\rodos\Debug_STM32F4\librodos.a(application.o)
                0x08003504                RODOS::Application::Application(char const*, long)
                0x08003504                RODOS::Application::Application(char const*, long)
 .text._ZN5RODOS11ApplicationD2Ev
                0x08003544       0x30 C:\WindowsPackage_DiscoveryBoard - Kopie\Workspace\rodos\Debug_STM32F4\librodos.a(application.o)
                0x08003544                RODOS::Application::~Application()
                0x08003544                RODOS::Application::~Application()
 .text._ZN5RODOS11ApplicationD0Ev
                0x08003574       0x20 C:\WindowsPackage_DiscoveryBoard - Kopie\Workspace\rodos\Debug_STM32F4\librodos.a(application.o)
                0x08003574                RODOS::Application::~Application()
 .text._ZN5RODOS11Application8activateEv
                0x08003594       0x1a C:\WindowsPackage_DiscoveryBoard - Kopie\Workspace\rodos\Debug_STM32F4\librodos.a(application.o)
                0x08003594                RODOS::Application::activate()
 .text._ZN5RODOS11Application10deactivateEv
                0x080035ae       0x1a C:\WindowsPackage_DiscoveryBoard - Kopie\Workspace\rodos\Debug_STM32F4\librodos.a(application.o)
                0x080035ae                RODOS::Application::deactivate()
 .text._ZN5RODOS11Application7requestEPviS1_i
                0x080035c8       0x1e C:\WindowsPackage_DiscoveryBoard - Kopie\Workspace\rodos\Debug_STM32F4\librodos.a(application.o)
                0x080035c8                RODOS::Application::request(void*, int, void*, int)
 *fill*         0x080035e6        0x2 
 .text._ZN5RODOS11Application17printApplicationsEv
                0x080035e8       0x64 C:\WindowsPackage_DiscoveryBoard - Kopie\Workspace\rodos\Debug_STM32F4\librodos.a(application.o)
                0x080035e8                RODOS::Application::printApplications()
 .text._ZN5RODOS10computeCrcEPKhll
                0x0800364c       0x82 C:\WindowsPackage_DiscoveryBoard - Kopie\Workspace\rodos\Debug_STM32F4\librodos.a(checksumes.o)
                0x0800364c                RODOS::computeCrc(unsigned char const*, long, long)
 .text._ZN5RODOS4hashEPKc
                0x080036ce       0x90 C:\WindowsPackage_DiscoveryBoard - Kopie\Workspace\rodos\Debug_STM32F4\librodos.a(checksumes.o)
                0x080036ce                RODOS::hash(char const*)
 .text._ZN5RODOS18GenericIOInterface4initEz
                0x0800375e       0x14 C:\WindowsPackage_DiscoveryBoard - Kopie\Workspace\rodos\Debug_STM32F4\librodos.a(genericIO.o)
                0x0800375e                RODOS::GenericIOInterface::init(...)
 .text._ZN5RODOS18GenericIOInterface5resetEv
                0x08003772       0x14 C:\WindowsPackage_DiscoveryBoard - Kopie\Workspace\rodos\Debug_STM32F4\librodos.a(genericIO.o)
                0x08003772                RODOS::GenericIOInterface::reset()
 .text._ZN5RODOS18GenericIOInterface6configEz
                0x08003786       0x14 C:\WindowsPackage_DiscoveryBoard - Kopie\Workspace\rodos\Debug_STM32F4\librodos.a(genericIO.o)
                0x08003786                RODOS::GenericIOInterface::config(...)
 .text._ZN5RODOS18GenericIOInterface6statusEz
                0x0800379a       0x14 C:\WindowsPackage_DiscoveryBoard - Kopie\Workspace\rodos\Debug_STM32F4\librodos.a(genericIO.o)
                0x0800379a                RODOS::GenericIOInterface::status(...)
 .text._ZN5RODOS18GenericIOInterface14isReadFinishedEv
                0x080037ae       0x16 C:\WindowsPackage_DiscoveryBoard - Kopie\Workspace\rodos\Debug_STM32F4\librodos.a(genericIO.o)
                0x080037ae                RODOS::GenericIOInterface::isReadFinished()
 .text._ZN5RODOS18GenericIOInterface11isDataReadyEv
                0x080037c4       0x16 C:\WindowsPackage_DiscoveryBoard - Kopie\Workspace\rodos\Debug_STM32F4\librodos.a(genericIO.o)
                0x080037c4                RODOS::GenericIOInterface::isDataReady()
 .text._ZN5RODOS18GenericIOInterface5writeEz
                0x080037da       0x14 C:\WindowsPackage_DiscoveryBoard - Kopie\Workspace\rodos\Debug_STM32F4\librodos.a(genericIO.o)
                0x080037da                RODOS::GenericIOInterface::write(...)
 .text._ZN5RODOS18GenericIOInterface4readEz
                0x080037ee       0x14 C:\WindowsPackage_DiscoveryBoard - Kopie\Workspace\rodos\Debug_STM32F4\librodos.a(genericIO.o)
                0x080037ee                RODOS::GenericIOInterface::read(...)
 .text._ZN5RODOS18GenericIOInterface9writeReadEz
                0x08003802       0x14 C:\WindowsPackage_DiscoveryBoard - Kopie\Workspace\rodos\Debug_STM32F4\librodos.a(genericIO.o)
                0x08003802                RODOS::GenericIOInterface::writeRead(...)
 *fill*         0x08003816        0x2 
 .text._ZN5RODOS18GenericIOInterfaceC2Ev
                0x08003818       0x38 C:\WindowsPackage_DiscoveryBoard - Kopie\Workspace\rodos\Debug_STM32F4\librodos.a(genericIO.o)
                0x08003818                RODOS::GenericIOInterface::GenericIOInterface()
                0x08003818                RODOS::GenericIOInterface::GenericIOInterface()
 .text._ZN5RODOS18GenericIOInterface25suspendUntilWriteFinishedEx
                0x08003850       0x4c C:\WindowsPackage_DiscoveryBoard - Kopie\Workspace\rodos\Debug_STM32F4\librodos.a(genericIO.o)
                0x08003850                RODOS::GenericIOInterface::suspendUntilWriteFinished(long long)
 .text._ZN5RODOS18GenericIOInterface19upCallWriteFinishedEv
                0x0800389c       0x40 C:\WindowsPackage_DiscoveryBoard - Kopie\Workspace\rodos\Debug_STM32F4\librodos.a(genericIO.o)
                0x0800389c                RODOS::GenericIOInterface::upCallWriteFinished()
 .text._ZN5RODOS18GenericIOInterface18upCallReadFinishedEv
                0x080038dc       0x42 C:\WindowsPackage_DiscoveryBoard - Kopie\Workspace\rodos\Debug_STM32F4\librodos.a(genericIO.o)
                0x080038dc                RODOS::GenericIOInterface::upCallReadFinished()
 .text._ZN5RODOS18GenericIOInterface15upCallDataReadyEv
                0x0800391e       0x42 C:\WindowsPackage_DiscoveryBoard - Kopie\Workspace\rodos\Debug_STM32F4\librodos.a(genericIO.o)
                0x0800391e                RODOS::GenericIOInterface::upCallDataReady()
 .text._ZN5RODOS13getNodeNumberEv
                0x08003960       0x18 C:\WindowsPackage_DiscoveryBoard - Kopie\Workspace\rodos\Debug_STM32F4\librodos.a(globaldata.o)
                0x08003960                RODOS::getNodeNumber()
 .text._ZN5RODOS10initSystemEv
                0x08003978      0x208 C:\WindowsPackage_DiscoveryBoard - Kopie\Workspace\rodos\Debug_STM32F4\librodos.a(main.o)
                0x08003978                RODOS::initSystem()
 .text.main     0x08003b80       0xc8 C:\WindowsPackage_DiscoveryBoard - Kopie\Workspace\rodos\Debug_STM32F4\librodos.a(main.o)
                0x08003b80                main
 .text._Z4MAINv
                0x08003c48       0x14 C:\WindowsPackage_DiscoveryBoard - Kopie\Workspace\rodos\Debug_STM32F4\librodos.a(main_usermain.o)
                0x08003c48                MAIN()
 .text._ZN5RODOS7xmallocEl
                0x08003c5c       0x94 C:\WindowsPackage_DiscoveryBoard - Kopie\Workspace\rodos\Debug_STM32F4\librodos.a(miscs.o)
                0x08003c5c                RODOS::xmalloc(long)
 .text._ZN5RODOS6Thread15setPeriodicBeatExx
                0x08003cf0       0x2a C:\WindowsPackage_DiscoveryBoard - Kopie\Workspace\rodos\Debug_STM32F4\librodos.a(thread.o)
                0x08003cf0                RODOS::Thread::setPeriodicBeat(long long, long long)
 .text._ZN5RODOS6Thread20suspendUntilNextBeatEv
                0x08003d1a       0x68 C:\WindowsPackage_DiscoveryBoard - Kopie\Workspace\rodos\Debug_STM32F4\librodos.a(thread.o)
                0x08003d1a                RODOS::Thread::suspendUntilNextBeat()
 .text._ZN5RODOS6Thread20setPrioCurrentRunnerEl
                0x08003d82       0x28 C:\WindowsPackage_DiscoveryBoard - Kopie\Workspace\rodos\Debug_STM32F4\librodos.a(thread.o)
                0x08003d82                RODOS::Thread::setPrioCurrentRunner(long)
 *fill*         0x08003daa        0x2 
 .text._ZN5RODOS9TimeEvent9propagateEx
                0x08003dac       0xe4 C:\WindowsPackage_DiscoveryBoard - Kopie\Workspace\rodos\Debug_STM32F4\librodos.a(timeevent.o)
                0x08003dac                RODOS::TimeEvent::propagate(long long)
 .text._ZN5RODOS9TimeEvent15initAllElementsEv
                0x08003e90       0x60 C:\WindowsPackage_DiscoveryBoard - Kopie\Workspace\rodos\Debug_STM32F4\librodos.a(timeevent.o)
                0x08003e90                RODOS::TimeEvent::initAllElements()
 .text._ZN5RODOS6PutterD2Ev
                0x08003ef0       0x20 C:\WindowsPackage_DiscoveryBoard - Kopie\Workspace\rodos\Debug_STM32F4\librodos.a(hal_uart.o)
                0x08003ef0                RODOS::Putter::~Putter()
                0x08003ef0                RODOS::Putter::~Putter()
 .text._ZN5RODOS6PutterD0Ev
                0x08003f10       0x20 C:\WindowsPackage_DiscoveryBoard - Kopie\Workspace\rodos\Debug_STM32F4\librodos.a(hal_uart.o)
                0x08003f10                RODOS::Putter::~Putter()
 .text._ZN5RODOS6Putter10putGenericEljPKvRKNS_10NetMsgInfoE
                0x08003f30       0x24 C:\WindowsPackage_DiscoveryBoard - Kopie\Workspace\rodos\Debug_STM32F4\librodos.a(hal_uart.o)
                0x08003f30                RODOS::Putter::putGeneric(long, unsigned int, void const*, RODOS::NetMsgInfo const&)
 .text.NVIC_EnableIRQ
                0x08003f54       0x34 C:\WindowsPackage_DiscoveryBoard - Kopie\Workspace\rodos\Debug_STM32F4\librodos.a(hal_uart.o)
 .text.NVIC_DisableIRQ
                0x08003f88       0x38 C:\WindowsPackage_DiscoveryBoard - Kopie\Workspace\rodos\Debug_STM32F4\librodos.a(hal_uart.o)
 .text.NVIC_ClearPendingIRQ
                0x08003fc0       0x38 C:\WindowsPackage_DiscoveryBoard - Kopie\Workspace\rodos\Debug_STM32F4\librodos.a(hal_uart.o)
 .text._ZN5RODOS14ReceiveTriggerC2Ev
                0x08003ff8       0x30 C:\WindowsPackage_DiscoveryBoard - Kopie\Workspace\rodos\Debug_STM32F4\librodos.a(hal_uart.o)
                0x08003ff8                RODOS::ReceiveTrigger::ReceiveTrigger()
                0x08003ff8                RODOS::ReceiveTrigger::ReceiveTrigger()
 .text._ZN5RODOS11HW_HAL_UARTC2Ev
                0x08004028       0x28 C:\WindowsPackage_DiscoveryBoard - Kopie\Workspace\rodos\Debug_STM32F4\librodos.a(hal_uart.o)
                0x08004028                RODOS::HW_HAL_UART::HW_HAL_UART()
                0x08004028                RODOS::HW_HAL_UART::HW_HAL_UART()
 .text._ZN5RODOS14ReceiveTrigger3runEv
                0x08004050       0xbc C:\WindowsPackage_DiscoveryBoard - Kopie\Workspace\rodos\Debug_STM32F4\librodos.a(hal_uart.o)
                0x08004050                RODOS::ReceiveTrigger::run()
 .text._ZN5RODOS8HAL_UARTC2ENS_8UART_IDXENS_8GPIO_PINES2_S2_S2_
                0x0800410c       0x8c C:\WindowsPackage_DiscoveryBoard - Kopie\Workspace\rodos\Debug_STM32F4\librodos.a(hal_uart.o)
                0x0800410c                RODOS::HAL_UART::HAL_UART(RODOS::UART_IDX, RODOS::GPIO_PIN, RODOS::GPIO_PIN, RODOS::GPIO_PIN, RODOS::GPIO_PIN)
                0x0800410c                RODOS::HAL_UART::HAL_UART(RODOS::UART_IDX, RODOS::GPIO_PIN, RODOS::GPIO_PIN, RODOS::GPIO_PIN, RODOS::GPIO_PIN)
 .text.USART1_IRQHandler
                0x08004198       0x18 C:\WindowsPackage_DiscoveryBoard - Kopie\Workspace\rodos\Debug_STM32F4\librodos.a(hal_uart.o)
                0x08004198                USART1_IRQHandler
 .text.USART2_IRQHandler
                0x080041b0       0x18 C:\WindowsPackage_DiscoveryBoard - Kopie\Workspace\rodos\Debug_STM32F4\librodos.a(hal_uart.o)
                0x080041b0                USART2_IRQHandler
 .text.USART3_IRQHandler
                0x080041c8       0x18 C:\WindowsPackage_DiscoveryBoard - Kopie\Workspace\rodos\Debug_STM32F4\librodos.a(hal_uart.o)
                0x080041c8                USART3_IRQHandler
 .text.UART4_IRQHandler
                0x080041e0       0x18 C:\WindowsPackage_DiscoveryBoard - Kopie\Workspace\rodos\Debug_STM32F4\librodos.a(hal_uart.o)
                0x080041e0                UART4_IRQHandler
 .text.UART5_IRQHandler
                0x080041f8       0x18 C:\WindowsPackage_DiscoveryBoard - Kopie\Workspace\rodos\Debug_STM32F4\librodos.a(hal_uart.o)
                0x080041f8                UART5_IRQHandler
 .text.USART6_IRQHandler
                0x08004210       0x18 C:\WindowsPackage_DiscoveryBoard - Kopie\Workspace\rodos\Debug_STM32F4\librodos.a(hal_uart.o)
                0x08004210                USART6_IRQHandler
 .text.DMA2_Stream7_IRQHandler
                0x08004228       0x48 C:\WindowsPackage_DiscoveryBoard - Kopie\Workspace\rodos\Debug_STM32F4\librodos.a(hal_uart.o)
                0x08004228                DMA2_Stream7_IRQHandler
 .text.DMA1_Stream6_IRQHandler
                0x08004270       0x48 C:\WindowsPackage_DiscoveryBoard - Kopie\Workspace\rodos\Debug_STM32F4\librodos.a(hal_uart.o)
                0x08004270                DMA1_Stream6_IRQHandler
 .text.DMA1_Stream3_IRQHandler
                0x080042b8       0x48 C:\WindowsPackage_DiscoveryBoard - Kopie\Workspace\rodos\Debug_STM32F4\librodos.a(hal_uart.o)
                0x080042b8                DMA1_Stream3_IRQHandler
 .text.DMA2_Stream5_IRQHandler
                0x08004300       0x48 C:\WindowsPackage_DiscoveryBoard - Kopie\Workspace\rodos\Debug_STM32F4\librodos.a(hal_uart.o)
                0x08004300                DMA2_Stream5_IRQHandler
 .text.DMA1_Stream5_IRQHandler
                0x08004348       0x48 C:\WindowsPackage_DiscoveryBoard - Kopie\Workspace\rodos\Debug_STM32F4\librodos.a(hal_uart.o)
                0x08004348                DMA1_Stream5_IRQHandler
 .text.DMA1_Stream1_IRQHandler
                0x08004390       0x48 C:\WindowsPackage_DiscoveryBoard - Kopie\Workspace\rodos\Debug_STM32F4\librodos.a(hal_uart.o)
                0x08004390                DMA1_Stream1_IRQHandler
 .text._ZN5RODOS8HAL_UART4initEj
                0x080043d8       0x3c C:\WindowsPackage_DiscoveryBoard - Kopie\Workspace\rodos\Debug_STM32F4\librodos.a(hal_uart.o)
                0x080043d8                RODOS::HAL_UART::init(unsigned int)
 .text._ZN5RODOS8HAL_UART6configENS_19UART_PARAMETER_TYPEEi
                0x08004414      0x1d4 C:\WindowsPackage_DiscoveryBoard - Kopie\Workspace\rodos\Debug_STM32F4\librodos.a(hal_uart.o)
                0x08004414                RODOS::HAL_UART::config(RODOS::UART_PARAMETER_TYPE, int)
 .text._ZN5RODOS8HAL_UART5resetEv
                0x080045e8       0xca C:\WindowsPackage_DiscoveryBoard - Kopie\Workspace\rodos\Debug_STM32F4\librodos.a(hal_uart.o)
                0x080045e8                RODOS::HAL_UART::reset()
 .text._ZN5RODOS8HAL_UART4readEPci
                0x080046b2       0xd6 C:\WindowsPackage_DiscoveryBoard - Kopie\Workspace\rodos\Debug_STM32F4\librodos.a(hal_uart.o)
                0x080046b2                RODOS::HAL_UART::read(char*, int)
 .text._ZN5RODOS8HAL_UART5writeEPKci
                0x08004788       0xf2 C:\WindowsPackage_DiscoveryBoard - Kopie\Workspace\rodos\Debug_STM32F4\librodos.a(hal_uart.o)
                0x08004788                RODOS::HAL_UART::write(char const*, int)
 .text._ZN5RODOS8HAL_UART13getcharNoWaitEv
                0x0800487a       0x86 C:\WindowsPackage_DiscoveryBoard - Kopie\Workspace\rodos\Debug_STM32F4\librodos.a(hal_uart.o)
                0x0800487a                RODOS::HAL_UART::getcharNoWait()
 .text._ZN5RODOS8HAL_UART13putcharNoWaitEc
                0x08004900       0xa8 C:\WindowsPackage_DiscoveryBoard - Kopie\Workspace\rodos\Debug_STM32F4\librodos.a(hal_uart.o)
                0x08004900                RODOS::HAL_UART::putcharNoWait(char)
 .text._ZN5RODOS8HAL_UART6statusENS_16UART_STATUS_TYPEE
                0x080049a8       0x62 C:\WindowsPackage_DiscoveryBoard - Kopie\Workspace\rodos\Debug_STM32F4\librodos.a(hal_uart.o)
                0x080049a8                RODOS::HAL_UART::status(RODOS::UART_STATUS_TYPE)
 .text._ZN5RODOS8HAL_UART15isWriteFinishedEv
                0x08004a0a       0x58 C:\WindowsPackage_DiscoveryBoard - Kopie\Workspace\rodos\Debug_STM32F4\librodos.a(hal_uart.o)
                0x08004a0a                RODOS::HAL_UART::isWriteFinished()
 .text._ZN5RODOS8HAL_UART11isDataReadyEv
                0x08004a62       0x3c C:\WindowsPackage_DiscoveryBoard - Kopie\Workspace\rodos\Debug_STM32F4\librodos.a(hal_uart.o)
                0x08004a62                RODOS::HAL_UART::isDataReady()
 .text._ZN5RODOS11HW_HAL_UART11initMembersEPNS_8HAL_UARTENS_8UART_IDXENS_8GPIO_PINES4_S4_S4_
                0x08004a9e       0x74 C:\WindowsPackage_DiscoveryBoard - Kopie\Workspace\rodos\Debug_STM32F4\librodos.a(hal_uart.o)
                0x08004a9e                RODOS::HW_HAL_UART::initMembers(RODOS::HAL_UART*, RODOS::UART_IDX, RODOS::GPIO_PIN, RODOS::GPIO_PIN, RODOS::GPIO_PIN, RODOS::GPIO_PIN)
 *fill*         0x08004b12        0x2 
 .text._ZN5RODOS11HW_HAL_UART12DMAConfigureEv
                0x08004b14      0x190 C:\WindowsPackage_DiscoveryBoard - Kopie\Workspace\rodos\Debug_STM32F4\librodos.a(hal_uart.o)
                0x08004b14                RODOS::HW_HAL_UART::DMAConfigure()
 .text._ZN5RODOS11HW_HAL_UART16DMAStartTransferEPvi
                0x08004ca4       0x54 C:\WindowsPackage_DiscoveryBoard - Kopie\Workspace\rodos\Debug_STM32F4\librodos.a(hal_uart.o)
                0x08004ca4                RODOS::HW_HAL_UART::DMAStartTransfer(void*, int)
 .text._ZN5RODOS11HW_HAL_UART15DMAStartReceiveEPvi
                0x08004cf8       0x6c C:\WindowsPackage_DiscoveryBoard - Kopie\Workspace\rodos\Debug_STM32F4\librodos.a(hal_uart.o)
                0x08004cf8                RODOS::HW_HAL_UART::DMAStartReceive(void*, int)
 .text._ZN5RODOS11HW_HAL_UART26DMATransmitFinishedHandlerEv
                0x08004d64       0x88 C:\WindowsPackage_DiscoveryBoard - Kopie\Workspace\rodos\Debug_STM32F4\librodos.a(hal_uart.o)
                0x08004d64                RODOS::HW_HAL_UART::DMATransmitFinishedHandler()
 .text._ZN5RODOS11HW_HAL_UART25DMAReceiveFinishedHandlerEv
                0x08004dec       0x70 C:\WindowsPackage_DiscoveryBoard - Kopie\Workspace\rodos\Debug_STM32F4\librodos.a(hal_uart.o)
                0x08004dec                RODOS::HW_HAL_UART::DMAReceiveFinishedHandler()
 .text._ZN5RODOS11HW_HAL_UART16SendTxBufWithDMAEv
                0x08004e5c       0x44 C:\WindowsPackage_DiscoveryBoard - Kopie\Workspace\rodos\Debug_STM32F4\librodos.a(hal_uart.o)
                0x08004e5c                RODOS::HW_HAL_UART::SendTxBufWithDMA()
 .text._ZN5RODOS11HW_HAL_UART22RceiveIntoRxBufWithDMAEv
                0x08004ea0       0x66 C:\WindowsPackage_DiscoveryBoard - Kopie\Workspace\rodos\Debug_STM32F4\librodos.a(hal_uart.o)
                0x08004ea0                RODOS::HW_HAL_UART::RceiveIntoRxBufWithDMA()
 *fill*         0x08004f06        0x2 
 .text._ZN5RODOS14EnableDMAClockEv
                0x08004f08       0x34 C:\WindowsPackage_DiscoveryBoard - Kopie\Workspace\rodos\Debug_STM32F4\librodos.a(hal_uart.o)
                0x08004f08                RODOS::EnableDMAClock()
 .text._ZN5RODOS11HW_HAL_UART14UARTIRQHandlerEv
                0x08004f3c      0x198 C:\WindowsPackage_DiscoveryBoard - Kopie\Workspace\rodos\Debug_STM32F4\librodos.a(hal_uart.o)
                0x08004f3c                RODOS::HW_HAL_UART::UARTIRQHandler()
 .text._ZN5RODOS11HW_HAL_UART23getRCC_APBxPeriph_UARTxEv
                0x080050d4       0x74 C:\WindowsPackage_DiscoveryBoard - Kopie\Workspace\rodos\Debug_STM32F4\librodos.a(hal_uart.o)
                0x080050d4                RODOS::HW_HAL_UART::getRCC_APBxPeriph_UARTx()
 .text._ZN5RODOS11HW_HAL_UART16getGPIO_AF_UARTxEv
                0x08005148       0x68 C:\WindowsPackage_DiscoveryBoard - Kopie\Workspace\rodos\Debug_STM32F4\librodos.a(hal_uart.o)
                0x08005148                RODOS::HW_HAL_UART::getGPIO_AF_UARTx()
 .text._ZN5RODOS11HW_HAL_UART13getUARTx_IRQnEv
                0x080051b0       0x58 C:\WindowsPackage_DiscoveryBoard - Kopie\Workspace\rodos\Debug_STM32F4\librodos.a(hal_uart.o)
                0x080051b0                RODOS::HW_HAL_UART::getUARTx_IRQn()
 .text._ZN5RODOS11HW_HAL_UART8getUARTxEv
                0x08005208       0x88 C:\WindowsPackage_DiscoveryBoard - Kopie\Workspace\rodos\Debug_STM32F4\librodos.a(hal_uart.o)
                0x08005208                RODOS::HW_HAL_UART::getUARTx()
 .text._ZN5RODOS11HW_HAL_UART4initEj
                0x08005290       0xf0 C:\WindowsPackage_DiscoveryBoard - Kopie\Workspace\rodos\Debug_STM32F4\librodos.a(hal_uart.o)
                0x08005290                RODOS::HW_HAL_UART::init(unsigned int)
 .text._ZN5RODOS4FifoIhLi256EED2Ev
                0x08005380       0x24 C:\WindowsPackage_DiscoveryBoard - Kopie\Workspace\rodos\Debug_STM32F4\librodos.a(hal_uart.o)
                0x08005380                RODOS::Fifo<unsigned char, 256>::~Fifo()
                0x08005380                RODOS::Fifo<unsigned char, 256>::~Fifo()
 .text._ZN5RODOS4FifoIhLi256EED0Ev
                0x080053a4       0x22 C:\WindowsPackage_DiscoveryBoard - Kopie\Workspace\rodos\Debug_STM32F4\librodos.a(hal_uart.o)
                0x080053a4                RODOS::Fifo<unsigned char, 256>::~Fifo()
 *fill*         0x080053c6        0x2 
 .text._ZN5RODOS9BlockFifoIhLi256EEC2Ev
                0x080053c8       0x24 C:\WindowsPackage_DiscoveryBoard - Kopie\Workspace\rodos\Debug_STM32F4\librodos.a(hal_uart.o)
                0x080053c8                RODOS::BlockFifo<unsigned char, 256>::BlockFifo()
                0x080053c8                RODOS::BlockFifo<unsigned char, 256>::BlockFifo()
 .text._ZN5RODOS9BlockFifoIhLi256EE15getBufferToReadERi
                0x080053ec       0x5e C:\WindowsPackage_DiscoveryBoard - Kopie\Workspace\rodos\Debug_STM32F4\librodos.a(hal_uart.o)
                0x080053ec                RODOS::BlockFifo<unsigned char, 256>::getBufferToRead(int&)
 .text._ZN5RODOS9BlockFifoIhLi256EE13readConcludedEi
                0x0800544a       0x2a C:\WindowsPackage_DiscoveryBoard - Kopie\Workspace\rodos\Debug_STM32F4\librodos.a(hal_uart.o)
                0x0800544a                RODOS::BlockFifo<unsigned char, 256>::readConcluded(int)
 .text._ZN5RODOS9BlockFifoIhLi256EE16getBufferToWriteERi
                0x08005474       0x80 C:\WindowsPackage_DiscoveryBoard - Kopie\Workspace\rodos\Debug_STM32F4\librodos.a(hal_uart.o)
                0x08005474                RODOS::BlockFifo<unsigned char, 256>::getBufferToWrite(int&)
 .text._ZN5RODOS9BlockFifoIhLi256EE14writeConcludedEi
                0x080054f4       0x2a C:\WindowsPackage_DiscoveryBoard - Kopie\Workspace\rodos\Debug_STM32F4\librodos.a(hal_uart.o)
                0x080054f4                RODOS::BlockFifo<unsigned char, 256>::writeConcluded(int)
 .text._ZN5RODOS4FifoIhLi256EE3getERh
                0x0800551e       0x58 C:\WindowsPackage_DiscoveryBoard - Kopie\Workspace\rodos\Debug_STM32F4\librodos.a(hal_uart.o)
                0x0800551e                RODOS::Fifo<unsigned char, 256>::get(unsigned char&)
 .text._ZN5RODOS4FifoIhLi256EE3putERKh
                0x08005576       0x58 C:\WindowsPackage_DiscoveryBoard - Kopie\Workspace\rodos\Debug_STM32F4\librodos.a(hal_uart.o)
                0x08005576                RODOS::Fifo<unsigned char, 256>::put(unsigned char const&)
 .text._ZN5RODOS4FifoIhLi256EE15getElementCountEv
                0x080055ce       0x3e C:\WindowsPackage_DiscoveryBoard - Kopie\Workspace\rodos\Debug_STM32F4\librodos.a(hal_uart.o)
                0x080055ce                RODOS::Fifo<unsigned char, 256>::getElementCount()
 .text._ZN5RODOS4FifoIhLi256EE7isEmptyEv
                0x0800560c       0x2a C:\WindowsPackage_DiscoveryBoard - Kopie\Workspace\rodos\Debug_STM32F4\librodos.a(hal_uart.o)
                0x0800560c                RODOS::Fifo<unsigned char, 256>::isEmpty()
 *fill*         0x08005636        0x2 
 .text._ZN5RODOS6PutterC2Ev
                0x08005638       0x20 C:\WindowsPackage_DiscoveryBoard - Kopie\Workspace\rodos\Debug_STM32F4\librodos.a(hal_uart.o)
                0x08005638                RODOS::Putter::Putter()
                0x08005638                RODOS::Putter::Putter()
 .text._ZN5RODOS4FifoIhLi256EEC2Ev
                0x08005658       0x34 C:\WindowsPackage_DiscoveryBoard - Kopie\Workspace\rodos\Debug_STM32F4\librodos.a(hal_uart.o)
                0x08005658                RODOS::Fifo<unsigned char, 256>::Fifo()
                0x08005658                RODOS::Fifo<unsigned char, 256>::Fifo()
 .text._ZN5RODOS9BlockFifoIhLi256EE14advanceIndexExEii
                0x0800568c       0x32 C:\WindowsPackage_DiscoveryBoard - Kopie\Workspace\rodos\Debug_STM32F4\librodos.a(hal_uart.o)
                0x0800568c                RODOS::BlockFifo<unsigned char, 256>::advanceIndexEx(int, int)
 .text._ZN5RODOS4FifoIhLi256EE12advanceIndexEi
                0x080056be       0x24 C:\WindowsPackage_DiscoveryBoard - Kopie\Workspace\rodos\Debug_STM32F4\librodos.a(hal_uart.o)
                0x080056be                RODOS::Fifo<unsigned char, 256>::advanceIndex(int)
 *fill*         0x080056e2        0x2 
 .text._ZN5RODOS9BlockFifoIhLi256EED2Ev
                0x080056e4       0x24 C:\WindowsPackage_DiscoveryBoard - Kopie\Workspace\rodos\Debug_STM32F4\librodos.a(hal_uart.o)
                0x080056e4                RODOS::BlockFifo<unsigned char, 256>::~BlockFifo()
                0x080056e4                RODOS::BlockFifo<unsigned char, 256>::~BlockFifo()
 .text._ZN5RODOS9BlockFifoIhLi256EED0Ev
                0x08005708       0x22 C:\WindowsPackage_DiscoveryBoard - Kopie\Workspace\rodos\Debug_STM32F4\librodos.a(hal_uart.o)
                0x08005708                RODOS::BlockFifo<unsigned char, 256>::~BlockFifo()
 *fill*         0x0800572a        0x2 
 .text._ZN5RODOS14ReceiveTriggerD2Ev
                0x0800572c       0x24 C:\WindowsPackage_DiscoveryBoard - Kopie\Workspace\rodos\Debug_STM32F4\librodos.a(hal_uart.o)
                0x0800572c                RODOS::ReceiveTrigger::~ReceiveTrigger()
                0x0800572c                RODOS::ReceiveTrigger::~ReceiveTrigger()
 .text._ZN5RODOS14ReceiveTriggerD0Ev
                0x08005750       0x20 C:\WindowsPackage_DiscoveryBoard - Kopie\Workspace\rodos\Debug_STM32F4\librodos.a(hal_uart.o)
                0x08005750                RODOS::ReceiveTrigger::~ReceiveTrigger()
 .text._ZN5RODOS11HW_HAL_UARTD2Ev
                0x08005770       0x28 C:\WindowsPackage_DiscoveryBoard - Kopie\Workspace\rodos\Debug_STM32F4\librodos.a(hal_uart.o)
                0x08005770                RODOS::HW_HAL_UART::~HW_HAL_UART()
                0x08005770                RODOS::HW_HAL_UART::~HW_HAL_UART()
 .text.__tcf_0  0x08005798       0x2c C:\WindowsPackage_DiscoveryBoard - Kopie\Workspace\rodos\Debug_STM32F4\librodos.a(hal_uart.o)
 .text._Z41__static_initialization_and_destruction_0ii
                0x080057c4       0x68 C:\WindowsPackage_DiscoveryBoard - Kopie\Workspace\rodos\Debug_STM32F4\librodos.a(hal_uart.o)
 .text._ZN5RODOS4FifoIhLi256EE10putGenericEljPKvRKNS_10NetMsgInfoE
                0x0800582c       0x34 C:\WindowsPackage_DiscoveryBoard - Kopie\Workspace\rodos\Debug_STM32F4\librodos.a(hal_uart.o)
                0x0800582c                RODOS::Fifo<unsigned char, 256>::putGeneric(long, unsigned int, void const*, RODOS::NetMsgInfo const&)
 .text._GLOBAL__sub_I__ZN5RODOS17UART_contextArrayE
                0x08005860       0x10 C:\WindowsPackage_DiscoveryBoard - Kopie\Workspace\rodos\Debug_STM32F4\librodos.a(hal_uart.o)
 .text.DBGMCU_Config
                0x08005870       0x40 C:\WindowsPackage_DiscoveryBoard - Kopie\Workspace\rodos\Debug_STM32F4\librodos.a(stm32f4xx_dbgmcu.o)
                0x08005870                DBGMCU_Config
 .text.DMA_Init
                0x080058b0       0xb0 C:\WindowsPackage_DiscoveryBoard - Kopie\Workspace\rodos\Debug_STM32F4\librodos.a(stm32f4xx_dma.o)
                0x080058b0                DMA_Init
 .text.DMA_StructInit
                0x08005960       0x6e C:\WindowsPackage_DiscoveryBoard - Kopie\Workspace\rodos\Debug_STM32F4\librodos.a(stm32f4xx_dma.o)
                0x08005960                DMA_StructInit
 .text.DMA_Cmd  0x080059ce       0x38 C:\WindowsPackage_DiscoveryBoard - Kopie\Workspace\rodos\Debug_STM32F4\librodos.a(stm32f4xx_dma.o)
                0x080059ce                DMA_Cmd
 .text.DMA_GetCurrDataCounter
                0x08005a06       0x1a C:\WindowsPackage_DiscoveryBoard - Kopie\Workspace\rodos\Debug_STM32F4\librodos.a(stm32f4xx_dma.o)
                0x08005a06                DMA_GetCurrDataCounter
 .text.DMA_GetCmdStatus
                0x08005a20       0x30 C:\WindowsPackage_DiscoveryBoard - Kopie\Workspace\rodos\Debug_STM32F4\librodos.a(stm32f4xx_dma.o)
                0x08005a20                DMA_GetCmdStatus
 .text.DMA_ITConfig
                0x08005a50       0x74 C:\WindowsPackage_DiscoveryBoard - Kopie\Workspace\rodos\Debug_STM32F4\librodos.a(stm32f4xx_dma.o)
                0x08005a50                DMA_ITConfig
 .text.DMA_GetITStatus
                0x08005ac4       0xb0 C:\WindowsPackage_DiscoveryBoard - Kopie\Workspace\rodos\Debug_STM32F4\librodos.a(stm32f4xx_dma.o)
                0x08005ac4                DMA_GetITStatus
 .text.DMA_ClearITPendingBit
                0x08005b74       0x5c C:\WindowsPackage_DiscoveryBoard - Kopie\Workspace\rodos\Debug_STM32F4\librodos.a(stm32f4xx_dma.o)
                0x08005b74                DMA_ClearITPendingBit
 .text.GPIO_Init
                0x08005bd0      0x11c C:\WindowsPackage_DiscoveryBoard - Kopie\Workspace\rodos\Debug_STM32F4\librodos.a(stm32f4xx_gpio.o)
                0x08005bd0                GPIO_Init
 .text.GPIO_StructInit
                0x08005cec       0x34 C:\WindowsPackage_DiscoveryBoard - Kopie\Workspace\rodos\Debug_STM32F4\librodos.a(stm32f4xx_gpio.o)
                0x08005cec                GPIO_StructInit
 .text.GPIO_PinAFConfig
                0x08005d20       0x92 C:\WindowsPackage_DiscoveryBoard - Kopie\Workspace\rodos\Debug_STM32F4\librodos.a(stm32f4xx_gpio.o)
                0x08005d20                GPIO_PinAFConfig
 *fill*         0x08005db2        0x2 
 .text.NVIC_Init
                0x08005db4       0xc4 C:\WindowsPackage_DiscoveryBoard - Kopie\Workspace\rodos\Debug_STM32F4\librodos.a(stm32f4xx_misc.o)
                0x08005db4                NVIC_Init
 .text.RCC_LSICmd
                0x08005e78       0x20 C:\WindowsPackage_DiscoveryBoard - Kopie\Workspace\rodos\Debug_STM32F4\librodos.a(stm32f4xx_rcc.o)
                0x08005e78                RCC_LSICmd
 .text.RCC_GetClocksFreq
                0x08005e98      0x154 C:\WindowsPackage_DiscoveryBoard - Kopie\Workspace\rodos\Debug_STM32F4\librodos.a(stm32f4xx_rcc.o)
                0x08005e98                RCC_GetClocksFreq
 .text.RCC_AHB1PeriphClockCmd
                0x08005fec       0x40 C:\WindowsPackage_DiscoveryBoard - Kopie\Workspace\rodos\Debug_STM32F4\librodos.a(stm32f4xx_rcc.o)
                0x08005fec                RCC_AHB1PeriphClockCmd
 .text.RCC_APB1PeriphClockCmd
                0x0800602c       0x40 C:\WindowsPackage_DiscoveryBoard - Kopie\Workspace\rodos\Debug_STM32F4\librodos.a(stm32f4xx_rcc.o)
                0x0800602c                RCC_APB1PeriphClockCmd
 .text.RCC_APB2PeriphClockCmd
                0x0800606c       0x40 C:\WindowsPackage_DiscoveryBoard - Kopie\Workspace\rodos\Debug_STM32F4\librodos.a(stm32f4xx_rcc.o)
                0x0800606c                RCC_APB2PeriphClockCmd
 .text.RCC_AHB1PeriphResetCmd
                0x080060ac       0x40 C:\WindowsPackage_DiscoveryBoard - Kopie\Workspace\rodos\Debug_STM32F4\librodos.a(stm32f4xx_rcc.o)
                0x080060ac                RCC_AHB1PeriphResetCmd
 .text.RCC_APB1PeriphResetCmd
                0x080060ec       0x40 C:\WindowsPackage_DiscoveryBoard - Kopie\Workspace\rodos\Debug_STM32F4\librodos.a(stm32f4xx_rcc.o)
                0x080060ec                RCC_APB1PeriphResetCmd
 .text.RCC_APB2PeriphResetCmd
                0x0800612c       0x40 C:\WindowsPackage_DiscoveryBoard - Kopie\Workspace\rodos\Debug_STM32F4\librodos.a(stm32f4xx_rcc.o)
                0x0800612c                RCC_APB2PeriphResetCmd
 .text.RCC_GetFlagStatus
                0x0800616c       0x74 C:\WindowsPackage_DiscoveryBoard - Kopie\Workspace\rodos\Debug_STM32F4\librodos.a(stm32f4xx_rcc.o)
                0x0800616c                RCC_GetFlagStatus
 .text.TIM_DeInit
                0x080061e0      0x1c0 C:\WindowsPackage_DiscoveryBoard - Kopie\Workspace\rodos\Debug_STM32F4\librodos.a(stm32f4xx_tim.o)
                0x080061e0                TIM_DeInit
 .text.TIM_TimeBaseInit
                0x080063a0       0xd8 C:\WindowsPackage_DiscoveryBoard - Kopie\Workspace\rodos\Debug_STM32F4\librodos.a(stm32f4xx_tim.o)
                0x080063a0                TIM_TimeBaseInit
 .text.TIM_PrescalerConfig
                0x08006478       0x28 C:\WindowsPackage_DiscoveryBoard - Kopie\Workspace\rodos\Debug_STM32F4\librodos.a(stm32f4xx_tim.o)
                0x08006478                TIM_PrescalerConfig
 .text.TIM_GetCounter
                0x080064a0       0x18 C:\WindowsPackage_DiscoveryBoard - Kopie\Workspace\rodos\Debug_STM32F4\librodos.a(stm32f4xx_tim.o)
                0x080064a0                TIM_GetCounter
 .text.TIM_Cmd  0x080064b8       0x40 C:\WindowsPackage_DiscoveryBoard - Kopie\Workspace\rodos\Debug_STM32F4\librodos.a(stm32f4xx_tim.o)
                0x080064b8                TIM_Cmd
 .text.TIM_ICInit
                0x080064f8       0xa8 C:\WindowsPackage_DiscoveryBoard - Kopie\Workspace\rodos\Debug_STM32F4\librodos.a(stm32f4xx_tim.o)
                0x080064f8                TIM_ICInit
 .text.TIM_GetCapture4
                0x080065a0       0x18 C:\WindowsPackage_DiscoveryBoard - Kopie\Workspace\rodos\Debug_STM32F4\librodos.a(stm32f4xx_tim.o)
                0x080065a0                TIM_GetCapture4
 .text.TIM_SetIC1Prescaler
                0x080065b8       0x38 C:\WindowsPackage_DiscoveryBoard - Kopie\Workspace\rodos\Debug_STM32F4\librodos.a(stm32f4xx_tim.o)
                0x080065b8                TIM_SetIC1Prescaler
 .text.TIM_SetIC2Prescaler
                0x080065f0       0x3c C:\WindowsPackage_DiscoveryBoard - Kopie\Workspace\rodos\Debug_STM32F4\librodos.a(stm32f4xx_tim.o)
                0x080065f0                TIM_SetIC2Prescaler
 .text.TIM_SetIC3Prescaler
                0x0800662c       0x38 C:\WindowsPackage_DiscoveryBoard - Kopie\Workspace\rodos\Debug_STM32F4\librodos.a(stm32f4xx_tim.o)
                0x0800662c                TIM_SetIC3Prescaler
 .text.TIM_SetIC4Prescaler
                0x08006664       0x3c C:\WindowsPackage_DiscoveryBoard - Kopie\Workspace\rodos\Debug_STM32F4\librodos.a(stm32f4xx_tim.o)
                0x08006664                TIM_SetIC4Prescaler
 .text.TIM_ITConfig
                0x080066a0       0x48 C:\WindowsPackage_DiscoveryBoard - Kopie\Workspace\rodos\Debug_STM32F4\librodos.a(stm32f4xx_tim.o)
                0x080066a0                TIM_ITConfig
 .text.TIM_GetITStatus
                0x080066e8       0x54 C:\WindowsPackage_DiscoveryBoard - Kopie\Workspace\rodos\Debug_STM32F4\librodos.a(stm32f4xx_tim.o)
                0x080066e8                TIM_GetITStatus
 .text.TIM_ClearITPendingBit
                0x0800673c       0x22 C:\WindowsPackage_DiscoveryBoard - Kopie\Workspace\rodos\Debug_STM32F4\librodos.a(stm32f4xx_tim.o)
                0x0800673c                TIM_ClearITPendingBit
 .text.TIM_RemapConfig
                0x0800675e       0x20 C:\WindowsPackage_DiscoveryBoard - Kopie\Workspace\rodos\Debug_STM32F4\librodos.a(stm32f4xx_tim.o)
                0x0800675e                TIM_RemapConfig
 .text.TI1_Config
                0x0800677e       0x86 C:\WindowsPackage_DiscoveryBoard - Kopie\Workspace\rodos\Debug_STM32F4\librodos.a(stm32f4xx_tim.o)
 .text.TI2_Config
                0x08006804       0x9a C:\WindowsPackage_DiscoveryBoard - Kopie\Workspace\rodos\Debug_STM32F4\librodos.a(stm32f4xx_tim.o)
 .text.TI3_Config
                0x0800689e       0x90 C:\WindowsPackage_DiscoveryBoard - Kopie\Workspace\rodos\Debug_STM32F4\librodos.a(stm32f4xx_tim.o)
 .text.TI4_Config
                0x0800692e       0x9e C:\WindowsPackage_DiscoveryBoard - Kopie\Workspace\rodos\Debug_STM32F4\librodos.a(stm32f4xx_tim.o)
 .text.USART_DeInit
                0x080069cc      0x118 C:\WindowsPackage_DiscoveryBoard - Kopie\Workspace\rodos\Debug_STM32F4\librodos.a(stm32f4xx_usart.o)
                0x080069cc                USART_DeInit
 .text.USART_Init
                0x08006ae4      0x174 C:\WindowsPackage_DiscoveryBoard - Kopie\Workspace\rodos\Debug_STM32F4\librodos.a(stm32f4xx_usart.o)
                0x08006ae4                USART_Init
 .text.USART_StructInit
                0x08006c58       0x3a C:\WindowsPackage_DiscoveryBoard - Kopie\Workspace\rodos\Debug_STM32F4\librodos.a(stm32f4xx_usart.o)
                0x08006c58                USART_StructInit
 .text.USART_Cmd
                0x08006c92       0x40 C:\WindowsPackage_DiscoveryBoard - Kopie\Workspace\rodos\Debug_STM32F4\librodos.a(stm32f4xx_usart.o)
                0x08006c92                USART_Cmd
 .text.USART_ReceiveData
                0x08006cd2       0x20 C:\WindowsPackage_DiscoveryBoard - Kopie\Workspace\rodos\Debug_STM32F4\librodos.a(stm32f4xx_usart.o)
                0x08006cd2                USART_ReceiveData
 .text.USART_DMACmd
                0x08006cf2       0x48 C:\WindowsPackage_DiscoveryBoard - Kopie\Workspace\rodos\Debug_STM32F4\librodos.a(stm32f4xx_usart.o)
                0x08006cf2                USART_DMACmd
 .text.USART_ITConfig
                0x08006d3a       0x90 C:\WindowsPackage_DiscoveryBoard - Kopie\Workspace\rodos\Debug_STM32F4\librodos.a(stm32f4xx_usart.o)
                0x08006d3a                USART_ITConfig
 .text.USART_GetFlagStatus
                0x08006dca       0x38 C:\WindowsPackage_DiscoveryBoard - Kopie\Workspace\rodos\Debug_STM32F4\librodos.a(stm32f4xx_usart.o)
                0x08006dca                USART_GetFlagStatus
 .text.USART_GetITStatus
                0x08006e02       0xb6 C:\WindowsPackage_DiscoveryBoard - Kopie\Workspace\rodos\Debug_STM32F4\librodos.a(stm32f4xx_usart.o)
                0x08006e02                USART_GetITStatus
 .text._ZN5RODOS18getIsHostBigEndianEv
                0x08006eb8       0x18 C:\WindowsPackage_DiscoveryBoard - Kopie\Workspace\rodos\Debug_STM32F4\librodos.a(hostinfos.o)
                0x08006eb8                RODOS::getIsHostBigEndian()
 .text._ZN5RODOS26getSpeedKiloLoopsPerSecondEv
                0x08006ed0       0x12 C:\WindowsPackage_DiscoveryBoard - Kopie\Workspace\rodos\Debug_STM32F4\librodos.a(hostinfos.o)
                0x08006ed0                RODOS::getSpeedKiloLoopsPerSecond()
 .text._ZN5RODOS20getYieldTimeOverheadEv
                0x08006ee2       0x12 C:\WindowsPackage_DiscoveryBoard - Kopie\Workspace\rodos\Debug_STM32F4\librodos.a(hostinfos.o)
                0x08006ee2                RODOS::getYieldTimeOverhead()
 .text._ZN5RODOS14getHostCpuArchEv
                0x08006ef4       0x14 C:\WindowsPackage_DiscoveryBoard - Kopie\Workspace\rodos\Debug_STM32F4\librodos.a(hostinfos.o)
                0x08006ef4                RODOS::getHostCpuArch()
 .text._ZN5RODOS14getHostBasisOSEv
                0x08006f08       0x14 C:\WindowsPackage_DiscoveryBoard - Kopie\Workspace\rodos\Debug_STM32F4\librodos.a(hostinfos.o)
                0x08006f08                RODOS::getHostBasisOS()
 .text.NVIC_ClearPendingIRQ
                0x08006f1c       0x38 C:\WindowsPackage_DiscoveryBoard - Kopie\Workspace\rodos\Debug_STM32F4\librodos.a(hal_gpio.o)
 .text._ZN5RODOS11HW_HAL_GPIO13EXTIRQHandlerEv
                0x08006f54       0x50 C:\WindowsPackage_DiscoveryBoard - Kopie\Workspace\rodos\Debug_STM32F4\librodos.a(hal_gpio.o)
                0x08006f54                RODOS::HW_HAL_GPIO::EXTIRQHandler()
 .text._ZN5RODOS11HW_HAL_GPIO17getGPIO_PinSourceEm
                0x08006fa4       0x38 C:\WindowsPackage_DiscoveryBoard - Kopie\Workspace\rodos\Debug_STM32F4\librodos.a(hal_gpio.o)
                0x08006fa4                RODOS::HW_HAL_GPIO::getGPIO_PinSource(unsigned long)
 .text._ZN5RODOS11HW_HAL_GPIO23getRCC_APB1Periph_GPIOxEP12GPIO_TypeDef
                0x08006fdc       0xd4 C:\WindowsPackage_DiscoveryBoard - Kopie\Workspace\rodos\Debug_STM32F4\librodos.a(hal_gpio.o)
                0x08006fdc                RODOS::HW_HAL_GPIO::getRCC_APB1Periph_GPIOx(GPIO_TypeDef*)
 .text._ZN5RODOS11HW_HAL_GPIO12getSTM32PortENS_8GPIO_PINE
                0x080070b0       0xa8 C:\WindowsPackage_DiscoveryBoard - Kopie\Workspace\rodos\Debug_STM32F4\librodos.a(hal_gpio.o)
                0x080070b0                RODOS::HW_HAL_GPIO::getSTM32Port(RODOS::GPIO_PIN)
 .text._ZN5RODOS11HW_HAL_GPIO11getSTM32PinENS_8GPIO_PINE
                0x08007158       0x24 C:\WindowsPackage_DiscoveryBoard - Kopie\Workspace\rodos\Debug_STM32F4\librodos.a(hal_gpio.o)
                0x08007158                RODOS::HW_HAL_GPIO::getSTM32Pin(RODOS::GPIO_PIN)
 .text._ZN5RODOS11HW_HAL_GPIO14configureAFPinENS_8GPIO_PINEh
                0x0800717c       0x9e C:\WindowsPackage_DiscoveryBoard - Kopie\Workspace\rodos\Debug_STM32F4\librodos.a(hal_gpio.o)
                0x0800717c                RODOS::HW_HAL_GPIO::configureAFPin(RODOS::GPIO_PIN, unsigned char)
 .text._ZN5RODOS11HW_HAL_GPIO8resetPinENS_8GPIO_PINE
                0x0800721a       0x5e C:\WindowsPackage_DiscoveryBoard - Kopie\Workspace\rodos\Debug_STM32F4\librodos.a(hal_gpio.o)
                0x0800721a                RODOS::HW_HAL_GPIO::resetPin(RODOS::GPIO_PIN)
 .text.EXTI0_IRQHandler
                0x08007278       0x24 C:\WindowsPackage_DiscoveryBoard - Kopie\Workspace\rodos\Debug_STM32F4\librodos.a(hal_gpio.o)
                0x08007278                EXTI0_IRQHandler
 .text.EXTI1_IRQHandler
                0x0800729c       0x24 C:\WindowsPackage_DiscoveryBoard - Kopie\Workspace\rodos\Debug_STM32F4\librodos.a(hal_gpio.o)
                0x0800729c                EXTI1_IRQHandler
 .text.EXTI2_IRQHandler
                0x080072c0       0x24 C:\WindowsPackage_DiscoveryBoard - Kopie\Workspace\rodos\Debug_STM32F4\librodos.a(hal_gpio.o)
                0x080072c0                EXTI2_IRQHandler
 .text.EXTI3_IRQHandler
                0x080072e4       0x24 C:\WindowsPackage_DiscoveryBoard - Kopie\Workspace\rodos\Debug_STM32F4\librodos.a(hal_gpio.o)
                0x080072e4                EXTI3_IRQHandler
 .text.EXTI4_IRQHandler
                0x08007308       0x24 C:\WindowsPackage_DiscoveryBoard - Kopie\Workspace\rodos\Debug_STM32F4\librodos.a(hal_gpio.o)
                0x08007308                EXTI4_IRQHandler
 .text.EXTI9_5_IRQHandler
                0x0800732c       0x60 C:\WindowsPackage_DiscoveryBoard - Kopie\Workspace\rodos\Debug_STM32F4\librodos.a(hal_gpio.o)
                0x0800732c                EXTI9_5_IRQHandler
 .text.EXTI15_10_IRQHandler
                0x0800738c       0x60 C:\WindowsPackage_DiscoveryBoard - Kopie\Workspace\rodos\Debug_STM32F4\librodos.a(hal_gpio.o)
                0x0800738c                EXTI15_10_IRQHandler
 .text.__aeabi_atexit
                0x080073ec        0xc c:/windowspackage_discoveryboard - kopie/gnu tools arm embedded/bin/../lib/gcc/arm-none-eabi/8.3.1/../../../../arm-none-eabi/lib/thumb/v7e-m+fp/softfp\libc.a(lib_a-aeabi_atexit.o)
                0x080073ec                __aeabi_atexit
 *(.rodata)
 .rodata        0x080073f8       0x46 ./hardware/imu.o
 *fill*         0x0800743e        0x2 
 .rodata        0x08007440       0x46 C:\WindowsPackage_DiscoveryBoard - Kopie\Workspace\rodos\Debug_STM32F4\librodos.a(debug.o)
 *fill*         0x08007486        0x2 
 .rodata        0x08007488       0x6c C:\WindowsPackage_DiscoveryBoard - Kopie\Workspace\rodos\Debug_STM32F4\librodos.a(listelement.o)
 .rodata        0x080074f4      0x11a C:\WindowsPackage_DiscoveryBoard - Kopie\Workspace\rodos\Debug_STM32F4\librodos.a(topic.o)
 *fill*         0x0800760e        0x2 
 .rodata        0x08007610        0xe C:\WindowsPackage_DiscoveryBoard - Kopie\Workspace\rodos\Debug_STM32F4\librodos.a(hw_specific.o)
 *fill*         0x0800761e        0x2 
 .rodata        0x08007620       0xc2 C:\WindowsPackage_DiscoveryBoard - Kopie\Workspace\rodos\Debug_STM32F4\librodos.a(thread_on_hw.o)
 *fill*         0x080076e2        0x2 
 .rodata        0x080076e4       0x27 C:\WindowsPackage_DiscoveryBoard - Kopie\Workspace\rodos\Debug_STM32F4\librodos.a(application.o)
 *fill*         0x0800770b        0x1 
 .rodata        0x0800770c      0x21a C:\WindowsPackage_DiscoveryBoard - Kopie\Workspace\rodos\Debug_STM32F4\librodos.a(main.o)
 *fill*         0x08007926        0x2 
 .rodata        0x08007928       0x17 C:\WindowsPackage_DiscoveryBoard - Kopie\Workspace\rodos\Debug_STM32F4\librodos.a(main_usermain.o)
 *fill*         0x0800793f        0x1 
 .rodata        0x08007940       0x3b C:\WindowsPackage_DiscoveryBoard - Kopie\Workspace\rodos\Debug_STM32F4\librodos.a(miscs.o)
 *fill*         0x0800797b        0x1 
 .rodata        0x0800797c       0xa7 C:\WindowsPackage_DiscoveryBoard - Kopie\Workspace\rodos\Debug_STM32F4\librodos.a(hal_uart.o)
 *fill*         0x08007a23        0x1 
 .rodata        0x08007a24       0x1e C:\WindowsPackage_DiscoveryBoard - Kopie\Workspace\rodos\Debug_STM32F4\librodos.a(hostinfos.o)
 *(.rodata*)
 *fill*         0x08007a42        0x2 
 .rodata._ZTVN5RODOS5TopicI15TimestampedDataI7IMUDataEEE
                0x08007a44       0x10 ./hardware/imu.o
                0x08007a44                vtable for RODOS::Topic<TimestampedData<IMUData> >
 .rodata._ZTV3IMU
                0x08007a54       0x18 ./hardware/imu.o
                0x08007a54                vtable for IMU
 .rodata._ZTVN5RODOS14TopicInterfaceE
                0x08007a6c       0x10 ./hardware/imu.o
                0x08007a6c                vtable for RODOS::TopicInterface
 .rodata._ZTVN5RODOS7YprintfE
                0x08007a7c       0x14 C:\WindowsPackage_DiscoveryBoard - Kopie\Workspace\rodos\Debug_STM32F4\librodos.a(debug.o)
                0x08007a7c                vtable for RODOS::Yprintf
 .rodata._ZTVN5RODOS5TopicIPvEE
                0x08007a90       0x10 C:\WindowsPackage_DiscoveryBoard - Kopie\Workspace\rodos\Debug_STM32F4\librodos.a(topic.o)
                0x08007a90                vtable for RODOS::Topic<void*>
 .rodata._ZTVN5RODOS5TopicINS_14NetworkMessageEEE
                0x08007aa0       0x10 C:\WindowsPackage_DiscoveryBoard - Kopie\Workspace\rodos\Debug_STM32F4\librodos.a(topic.o)
                0x08007aa0                vtable for RODOS::Topic<RODOS::NetworkMessage>
 .rodata._ZTVN5RODOS5TopicINS_13GenericMsgRefEEE
                0x08007ab0       0x10 C:\WindowsPackage_DiscoveryBoard - Kopie\Workspace\rodos\Debug_STM32F4\librodos.a(topic.o)
                0x08007ab0                vtable for RODOS::Topic<RODOS::GenericMsgRef>
 .rodata._ZTVN5RODOS10IdleThreadE
                0x08007ac0       0x18 C:\WindowsPackage_DiscoveryBoard - Kopie\Workspace\rodos\Debug_STM32F4\librodos.a(thread_on_hw.o)
                0x08007ac0                vtable for RODOS::IdleThread
 .rodata._ZTVN5RODOS6ThreadE
                0x08007ad8       0x18 C:\WindowsPackage_DiscoveryBoard - Kopie\Workspace\rodos\Debug_STM32F4\librodos.a(thread_on_hw.o)
                0x08007ad8                vtable for RODOS::Thread
 .rodata._ZTVN5RODOS11ApplicationE
                0x08007af0       0x20 C:\WindowsPackage_DiscoveryBoard - Kopie\Workspace\rodos\Debug_STM32F4\librodos.a(application.o)
                0x08007af0                vtable for RODOS::Application
 .rodata._ZTVN5RODOS18GenericIOInterfaceE
                0x08007b10       0x3c C:\WindowsPackage_DiscoveryBoard - Kopie\Workspace\rodos\Debug_STM32F4\librodos.a(genericIO.o)
                0x08007b10                vtable for RODOS::GenericIOInterface
 .rodata._ZTVN5RODOS9BlockFifoIhLi256EEE
                0x08007b4c       0x14 C:\WindowsPackage_DiscoveryBoard - Kopie\Workspace\rodos\Debug_STM32F4\librodos.a(hal_uart.o)
                0x08007b4c                vtable for RODOS::BlockFifo<unsigned char, 256>
 .rodata._ZTVN5RODOS4FifoIhLi256EEE
                0x08007b60       0x14 C:\WindowsPackage_DiscoveryBoard - Kopie\Workspace\rodos\Debug_STM32F4\librodos.a(hal_uart.o)
                0x08007b60                vtable for RODOS::Fifo<unsigned char, 256>
 .rodata._ZTVN5RODOS14ReceiveTriggerE
                0x08007b74       0x18 C:\WindowsPackage_DiscoveryBoard - Kopie\Workspace\rodos\Debug_STM32F4\librodos.a(hal_uart.o)
                0x08007b74                vtable for RODOS::ReceiveTrigger
 .rodata._ZTVN5RODOS8HAL_UARTE
                0x08007b8c       0x58 C:\WindowsPackage_DiscoveryBoard - Kopie\Workspace\rodos\Debug_STM32F4\librodos.a(hal_uart.o)
                0x08007b8c                vtable for RODOS::HAL_UART
 .rodata._ZTVN5RODOS6PutterE
                0x08007be4       0x14 C:\WindowsPackage_DiscoveryBoard - Kopie\Workspace\rodos\Debug_STM32F4\librodos.a(hal_uart.o)
                0x08007be4                vtable for RODOS::Putter
 *(.glue_7)
 .glue_7        0x08007bf8        0x0 linker stubs
 *(.glue_7t)
 .glue_7t       0x08007bf8        0x0 linker stubs
 *(.eh_frame)
 *(.init)
 *(.fini)
                0x08007bf8                . = ALIGN (0x4)
                0x08007bf8                _etext = .

.vfp11_veneer   0x08007bf8        0x0
 .vfp11_veneer  0x08007bf8        0x0 linker stubs

.v4_bx          0x08007bf8        0x0
 .v4_bx         0x08007bf8        0x0 linker stubs

.iplt           0x08007bf8        0x0
 .iplt          0x08007bf8        0x0 ./hardware/imu.o

.ARM.extab
 *(.ARM.extab* .gnu.linkonce.armextab.*)

.ARM            0x08007bf8        0x8
                0x08007bf8                __exidx_start = .
 *(.ARM.exidx*)
 .ARM.exidx     0x08007bf8        0x8 c:/windowspackage_discoveryboard - kopie/gnu tools arm embedded/bin/../lib/gcc/arm-none-eabi/8.3.1/thumb/v7e-m+fp/softfp\libgcc.a(_udivmoddi4.o)
                0x08007c00                __exidx_end = .

.rel.dyn        0x08007c00        0x0
 .rel.iplt      0x08007c00        0x0 ./hardware/imu.o

.preinit_array  0x08007c00        0x0
                [!provide]                PROVIDE (__preinit_array_start = .)
 *(.preinit_array*)
                [!provide]                PROVIDE (__preinit_array_end = .)

.init_array     0x08007c00       0x20
                0x08007c00                PROVIDE (__init_array_start = .)
 *(SORT_BY_NAME(.init_array.*))
 *(.init_array*)
 .init_array    0x08007c00        0x4 ./hardware/imu.o
 .init_array    0x08007c04        0x4 C:\WindowsPackage_DiscoveryBoard - Kopie\Workspace\rodos\Debug_STM32F4\librodos.a(debug.o)
 .init_array    0x08007c08        0x4 C:\WindowsPackage_DiscoveryBoard - Kopie\Workspace\rodos\Debug_STM32F4\librodos.a(timemodel.o)
 .init_array    0x08007c0c        0x4 C:\WindowsPackage_DiscoveryBoard - Kopie\Workspace\rodos\Debug_STM32F4\librodos.a(topic.o)
 .init_array    0x08007c10        0x4 C:\WindowsPackage_DiscoveryBoard - Kopie\Workspace\rodos\Debug_STM32F4\librodos.a(hw_specific.o)
 .init_array    0x08007c14        0x4 C:\WindowsPackage_DiscoveryBoard - Kopie\Workspace\rodos\Debug_STM32F4\librodos.a(scheduler.o)
 .init_array    0x08007c18        0x4 C:\WindowsPackage_DiscoveryBoard - Kopie\Workspace\rodos\Debug_STM32F4\librodos.a(thread_on_hw.o)
 .init_array    0x08007c1c        0x4 C:\WindowsPackage_DiscoveryBoard - Kopie\Workspace\rodos\Debug_STM32F4\librodos.a(hal_uart.o)
                0x08007c20                PROVIDE (__init_array_end = .)

.fini_array     0x08007c20        0x0
                [!provide]                PROVIDE (__fini_array_start = .)
 *(.fini_array*)
 *(SORT_BY_NAME(.fini_array.*))
                [!provide]                PROVIDE (__fini_array_end = .)
                0x08007c20                _sidata = .

.data           0x20000000       0x58 load address 0x08007c20
                0x20000000                . = ALIGN (0x4)
                0x20000000                _sdata = .
 *(.data)
 *(.data*)
 .data._ZN5RODOS8errorMsgE
                0x20000000        0x4 C:\WindowsPackage_DiscoveryBoard - Kopie\Workspace\rodos\Debug_STM32F4\librodos.a(debug.o)
                0x20000000                RODOS::errorMsg
 .data.printfVerbosity
                0x20000004        0x4 C:\WindowsPackage_DiscoveryBoard - Kopie\Workspace\rodos\Debug_STM32F4\librodos.a(printfverbosity.o)
                0x20000004                printfVerbosity
 .data._ZN5RODOS5Timer20microsecondsIntervalE
                0x20000008        0x8 C:\WindowsPackage_DiscoveryBoard - Kopie\Workspace\rodos\Debug_STM32F4\librodos.a(hw_timer.o)
                0x20000008                RODOS::Timer::microsecondsInterval
 .data.SystemCoreClock
                0x20000010        0x4 C:\WindowsPackage_DiscoveryBoard - Kopie\Workspace\rodos\Debug_STM32F4\librodos.a(system_stm32f4xx.o)
                0x20000010                SystemCoreClock
 .data.AHBPrescTable
                0x20000014       0x10 C:\WindowsPackage_DiscoveryBoard - Kopie\Workspace\rodos\Debug_STM32F4\librodos.a(system_stm32f4xx.o)
                0x20000014                AHBPrescTable
 .data._ZN5RODOS19isSchedulingEnabledE
                0x20000024        0x1 C:\WindowsPackage_DiscoveryBoard - Kopie\Workspace\rodos\Debug_STM32F4\librodos.a(scheduler.o)
                0x20000024                RODOS::isSchedulingEnabled
 *fill*         0x20000025        0x3 
 .data._ZN5RODOS11idlethreadPE
                0x20000028        0x4 C:\WindowsPackage_DiscoveryBoard - Kopie\Workspace\rodos\Debug_STM32F4\librodos.a(thread_on_hw.o)
                0x20000028                RODOS::idlethreadP
 .data._ZN5RODOS8myNodeNrE
                0x2000002c        0x4 C:\WindowsPackage_DiscoveryBoard - Kopie\Workspace\rodos\Debug_STM32F4\librodos.a(globaldata.o)
                0x2000002c                RODOS::myNodeNr
 .data._ZN5RODOS18UART_DMA_TxStreamsE
                0x20000030        0xc C:\WindowsPackage_DiscoveryBoard - Kopie\Workspace\rodos\Debug_STM32F4\librodos.a(hal_uart.o)
                0x20000030                RODOS::UART_DMA_TxStreams
 .data._ZN5RODOS18UART_DMA_RxStreamsE
                0x2000003c        0xc C:\WindowsPackage_DiscoveryBoard - Kopie\Workspace\rodos\Debug_STM32F4\librodos.a(hal_uart.o)
                0x2000003c                RODOS::UART_DMA_RxStreams
 .data.APBAHBPrescTable
                0x20000048       0x10 C:\WindowsPackage_DiscoveryBoard - Kopie\Workspace\rodos\Debug_STM32F4\librodos.a(stm32f4xx_rcc.o)
                0x20000058                . = ALIGN (0x4)
                0x20000058                _edata = .

.igot.plt       0x20000058        0x0 load address 0x08007c78
 .igot.plt      0x20000058        0x0 ./hardware/imu.o
                0x20000058                . = ALIGN (0x4)

.bss_ccram      0x10000000        0x0
                0x10000000                _sbss_ccram = .
                0x10000000                __bss_start___ccram = _sbss_ccram
 *(.bss_ccram)
                0x10000000                . = ALIGN (0x4)
                0x10000000                _ebss_ccram = .
                0x10000000                __bss_end___ccram = _ebss_ccram
                0x10000000                . = ALIGN (0x4)

.bss            0x20000058     0xb344 load address 0x08007c78
                0x20000058                _sbss = .